05-15 07:48:17.188 27650 27664 I CameraManagerGlobal: Camera 0 facing CAMERA_FACING_BACK state now CAMERA_STATE_CLOSED for client com.example.latent API Level 2 User Id 0Device Id 0
05-15 07:48:17.189 27650 27744 W MessageQueue: Handler (android.os.Handler) {c257920} sending message to a Handler on a dead thread
05-15 07:48:17.189 27650 27744 W MessageQueue: java.lang.IllegalStateException: Handler (android.os.Handler) {c257920} sending message to a Handler on a dead thread
05-15 07:48:17.189 27650 27744 W MessageQueue: 	at android.os.MessageQueue.logDeadThread(MessageQueue.java:1452)
05-15 07:48:17.189 27650 27744 W MessageQueue: 	at android.os.MessageQueue.enqueueMessageLegacy(MessageQueue.java:1465)
05-15 07:48:17.189 27650 27744 W MessageQueue: 	at android.os.MessageQueue.enqueueMessage(MessageQueue.java:1539)
05-15 07:48:17.189 27650 27744 W MessageQueue: 	at android.os.Handler.enqueueMessage(Handler.java:829)
05-15 07:48:17.189 27650 27744 W MessageQueue: 	at android.os.Handler.sendMessageAtTime(Handler.java:771)
05-15 07:48:17.189 27650 27744 W MessageQueue: 	at android.os.Handler.sendMessageDelayed(Handler.java:741)
05-15 07:48:17.189 27650 27744 W MessageQueue: 	at android.os.Handler.post(Handler.java:461)
05-15 07:48:17.189 27650 27744 W MessageQueue: 	at android.hardware.camera2.impl.CameraDeviceImpl$CameraHandlerExecutor.execute(CameraDeviceImpl.java:2888)
05-15 07:48:17.189 27650 27744 W MessageQueue: 	at android.hardware.camera2.impl.CameraDeviceImpl$ClientStateCallback.onClosed(CameraDeviceImpl.java:348)
05-15 07:48:17.189 27650 27744 W MessageQueue: 	at android.hardware.camera2.impl.CameraDeviceImpl$7.run(CameraDeviceImpl.java:301)
05-15 07:48:17.189 27650 27744 W MessageQueue: 	at java.util.concurrent.ThreadPoolExecutor.runWorker(ThreadPoolExecutor.java:1154)
05-15 07:48:17.189 27650 27744 W MessageQueue: 	at java.util.concurrent.ThreadPoolExecutor$Worker.run(ThreadPoolExecutor.java:652)
05-15 07:48:17.189 27650 27744 W MessageQueue: 	at java.lang.Thread.run(Thread.java:1564)
05-15 07:48:17.191 27650 27684 I CameraManagerGlobal: Camera 0 facing CAMERA_FACING_BACK state now CAMERA_STATE_OPENING for client com.example.latent API Level 2 User Id 0Device Id 0
05-15 07:48:17.194 27650 27684 I CameraManagerGlobal: Camera 0 facing CAMERA_FACING_BACK state now CAMERA_STATE_OPEN for client com.example.latent API Level 2 User Id 0Device Id 0
05-15 07:48:17.194 27650 28242 I Camera2Controller: RAW stream locked to physical camera: 6 (45mm)
05-15 07:48:17.400 27650 27665 I CameraManagerGlobal: Camera 0 facing CAMERA_FACING_BACK state now CAMERA_STATE_ACTIVE for client com.example.latent API Level 2 User Id 0Device Id 0
05-15 07:48:17.609 27650 27650 I .example.latent: EglImage dataspace changed, need recreate
05-15 07:48:17.614 27650 27650 I View    : setRequestedFrameRate frameRate=NaN, this=androidx.compose.ui.platform.AndroidComposeView{4b8ddd9 VFED..... ........ 0,0-1080,2340 aid=1073741824}, caller=android.view.ViewGroup.setRequestedFrameRate:10045 androidx.compose.ui.platform.Api35Impl.setRequestedFrameRate:3822 androidx.compose.ui.platform.AndroidComposeView.dispatchDraw:2114 android.view.View.draw:26750 android.view.View.updateDisplayListIfDirty:25577 
05-15 07:48:17.614 27650 27650 I View    : setRequestedFrameRate frameRate=NaN, this=android.view.View{556bdcf V.ED..... ........ 0,0-0,0}, caller=androidx.compose.ui.platform.Api35Impl.setRequestedFrameRate:3822 androidx.compose.ui.platform.AndroidComposeView.dispatchDraw:2115 android.view.View.draw:26750 android.view.View.updateDisplayListIfDirty:25577 android.view.ViewGroup.recreateChildDisplayList:4881 
05-15 07:48:17.674 27650 27650 I .example.latent: EglImage dataspace changed, need recreate
05-15 07:48:17.680 27650 27650 I View    : setRequestedFrameRate frameRate=NaN, this=androidx.compose.ui.platform.AndroidComposeView{4b8ddd9 VFED..... ........ 0,0-1080,2340 aid=1073741824}, caller=android.view.ViewGroup.setRequestedFrameRate:10045 androidx.compose.ui.platform.Api35Impl.setRequestedFrameRate:3822 androidx.compose.ui.platform.AndroidComposeView.dispatchDraw:2114 android.view.View.draw:26750 android.view.View.updateDisplayListIfDirty:25577 
05-15 07:48:17.680 27650 27650 I View    : setRequestedFrameRate frameRate=NaN, this=android.view.View{556bdcf V.ED..... ........ 0,0-0,0}, caller=androidx.compose.ui.platform.Api35Impl.setRequestedFrameRate:3822 androidx.compose.ui.platform.AndroidComposeView.dispatchDraw:2115 android.view.View.draw:26750 android.view.View.updateDisplayListIfDirty:25577 android.view.ViewGroup.recreateChildDisplayList:4881 
05-15 07:48:17.706 27650 27650 I .example.latent: EglImage dataspace changed, need recreate
05-15 07:48:17.714 27650 27650 I View    : setRequestedFrameRate frameRate=NaN, this=androidx.compose.ui.platform.AndroidComposeView{4b8ddd9 VFED..... ........ 0,0-1080,2340 aid=1073741824}, caller=android.view.ViewGroup.setRequestedFrameRate:10045 androidx.compose.ui.platform.Api35Impl.setRequestedFrameRate:3822 androidx.compose.ui.platform.AndroidComposeView.dispatchDraw:2114 android.view.View.draw:26750 android.view.View.updateDisplayListIfDirty:25577 
05-15 07:48:17.714 27650 27650 I View    : setRequestedFrameRate frameRate=NaN, this=android.view.View{556bdcf V.ED..... ........ 0,0-0,0}, caller=androidx.compose.ui.platform.Api35Impl.setRequestedFrameRate:3822 androidx.compose.ui.platform.AndroidComposeView.dispatchDraw:2115 android.view.View.draw:26750 android.view.View.updateDisplayListIfDirty:25577 android.view.ViewGroup.recreateChildDisplayList:4881 
05-15 07:48:17.743 27650 27650 I .example.latent: EglImage dataspace changed, need recreate
05-15 07:48:17.747 27650 27650 I View    : setRequestedFrameRate frameRate=NaN, this=androidx.compose.ui.platform.AndroidComposeView{4b8ddd9 VFED..... ........ 0,0-1080,2340 aid=1073741824}, caller=android.view.ViewGroup.setRequestedFrameRate:10045 androidx.compose.ui.platform.Api35Impl.setRequestedFrameRate:3822 androidx.compose.ui.platform.AndroidComposeView.dispatchDraw:2114 android.view.View.draw:26750 android.view.View.updateDisplayListIfDirty:25577 
05-15 07:48:17.747 27650 27650 I View    : setRequestedFrameRate frameRate=NaN, this=android.view.View{556bdcf V.ED..... ........ 0,0-0,0}, caller=androidx.compose.ui.platform.Api35Impl.setRequestedFrameRate:3822 androidx.compose.ui.platform.AndroidComposeView.dispatchDraw:2115 android.view.View.draw:26750 android.view.View.updateDisplayListIfDirty:25577 android.view.ViewGroup.recreateChildDisplayList:4881 
05-15 07:48:17.774 27650 27650 I .example.latent: EglImage dataspace changed, need recreate
05-15 07:48:17.780 27650 27650 I View    : setRequestedFrameRate frameRate=NaN, this=androidx.compose.ui.platform.AndroidComposeView{4b8ddd9 VFED..... ........ 0,0-1080,2340 aid=1073741824}, caller=android.view.ViewGroup.setRequestedFrameRate:10045 androidx.compose.ui.platform.Api35Impl.setRequestedFrameRate:3822 androidx.compose.ui.platform.AndroidComposeView.dispatchDraw:2114 android.view.View.draw:26750 android.view.View.updateDisplayListIfDirty:25577 
05-15 07:48:17.780 27650 27650 I View    : setRequestedFrameRate frameRate=NaN, this=android.view.View{556bdcf V.ED..... ........ 0,0-0,0}, caller=androidx.compose.ui.platform.Api35Impl.setRequestedFrameRate:3822 androidx.compose.ui.platform.AndroidComposeView.dispatchDraw:2115 android.view.View.draw:26750 android.view.View.updateDisplayListIfDirty:25577 android.view.ViewGroup.recreateChildDisplayList:4881 
05-15 07:48:17.811 27650 27650 I .example.latent: EglImage dataspace changed, need recreate
05-15 07:48:17.814 27650 27650 I View    : setRequestedFrameRate frameRate=NaN, this=androidx.compose.ui.platform.AndroidComposeView{4b8ddd9 VFED..... ........ 0,0-1080,2340 aid=1073741824}, caller=android.view.ViewGroup.setRequestedFrameRate:10045 androidx.compose.ui.platform.Api35Impl.setRequestedFrameRate:3822 androidx.compose.ui.platform.AndroidComposeView.dispatchDraw:2114 android.view.View.draw:26750 android.view.View.updateDisplayListIfDirty:25577 
05-15 07:48:17.814 27650 27650 I View    : setRequestedFrameRate frameRate=NaN, this=android.view.View{556bdcf V.ED..... ........ 0,0-0,0}, caller=androidx.compose.ui.platform.Api35Impl.setRequestedFrameRate:3822 androidx.compose.ui.platform.AndroidComposeView.dispatchDraw:2115 android.view.View.draw:26750 android.view.View.updateDisplayListIfDirty:25577 android.view.ViewGroup.recreateChildDisplayList:4881 
05-15 07:48:17.848 27650 27650 I View    : setRequestedFrameRate frameRate=NaN, this=androidx.compose.ui.platform.AndroidComposeView{4b8ddd9 VFED..... ........ 0,0-1080,2340 aid=1073741824}, caller=android.view.ViewGroup.setRequestedFrameRate:10045 androidx.compose.ui.platform.Api35Impl.setRequestedFrameRate:3822 androidx.compose.ui.platform.AndroidComposeView.dispatchDraw:2114 android.view.View.draw:26750 android.view.View.updateDisplayListIfDirty:25577 
05-15 07:48:17.848 27650 27650 I View    : setRequestedFrameRate frameRate=NaN, this=android.view.View{556bdcf V.ED..... ........ 0,0-0,0}, caller=androidx.compose.ui.platform.Api35Impl.setRequestedFrameRate:3822 androidx.compose.ui.platform.AndroidComposeView.dispatchDraw:2115 android.view.View.draw:26750 android.view.View.updateDisplayListIfDirty:25577 android.view.ViewGroup.recreateChildDisplayList:4881 
05-15 07:48:17.880 27650 27650 I View    : setRequestedFrameRate frameRate=NaN, this=androidx.compose.ui.platform.AndroidComposeView{4b8ddd9 VFED..... ........ 0,0-1080,2340 aid=1073741824}, caller=android.view.ViewGroup.setRequestedFrameRate:10045 androidx.compose.ui.platform.Api35Impl.setRequestedFrameRate:3822 androidx.compose.ui.platform.AndroidComposeView.dispatchDraw:2114 android.view.View.draw:26750 android.view.View.updateDisplayListIfDirty:25577 
05-15 07:48:17.880 27650 27650 I View    : setRequestedFrameRate frameRate=NaN, this=android.view.View{556bdcf V.ED..... ........ 0,0-0,0}, caller=androidx.compose.ui.platform.Api35Impl.setRequestedFrameRate:3822 androidx.compose.ui.platform.AndroidComposeView.dispatchDraw:2115 android.view.View.draw:26750 android.view.View.updateDisplayListIfDirty:25577 android.view.ViewGroup.recreateChildDisplayList:4881 
05-15 07:48:17.908 27650 27650 I .example.latent: EglImage dataspace changed, need recreate
05-15 07:48:17.914 27650 27650 I View    : setRequestedFrameRate frameRate=NaN, this=androidx.compose.ui.platform.AndroidComposeView{4b8ddd9 VFED..... ........ 0,0-1080,2340 aid=1073741824}, caller=android.view.ViewGroup.setRequestedFrameRate:10045 androidx.compose.ui.platform.Api35Impl.setRequestedFrameRate:3822 androidx.compose.ui.platform.AndroidComposeView.dispatchDraw:2114 android.view.View.draw:26750 android.view.View.updateDisplayListIfDirty:25577 
05-15 07:48:17.914 27650 27650 I View    : setRequestedFrameRate frameRate=NaN, this=android.view.View{556bdcf V.ED..... ........ 0,0-0,0}, caller=androidx.compose.ui.platform.Api35Impl.setRequestedFrameRate:3822 androidx.compose.ui.platform.AndroidComposeView.dispatchDraw:2115 android.view.View.draw:26750 android.view.View.updateDisplayListIfDirty:25577 android.view.ViewGroup.recreateChildDisplayList:4881 
05-15 07:48:17.948 27650 27650 I View    : setRequestedFrameRate frameRate=NaN, this=androidx.compose.ui.platform.AndroidComposeView{4b8ddd9 VFED..... ........ 0,0-1080,2340 aid=1073741824}, caller=android.view.ViewGroup.setRequestedFrameRate:10045 androidx.compose.ui.platform.Api35Impl.setRequestedFrameRate:3822 androidx.compose.ui.platform.AndroidComposeView.dispatchDraw:2114 android.view.View.draw:26750 android.view.View.updateDisplayListIfDirty:25577 
05-15 07:48:17.948 27650 27650 I View    : setRequestedFrameRate frameRate=NaN, this=android.view.View{556bdcf V.ED..... ........ 0,0-0,0}, caller=androidx.compose.ui.platform.Api35Impl.setRequestedFrameRate:3822 androidx.compose.ui.platform.AndroidComposeView.dispatchDraw:2115 android.view.View.draw:26750 android.view.View.updateDisplayListIfDirty:25577 android.view.ViewGroup.recreateChildDisplayList:4881 
05-15 07:48:17.959 27650 27650 I VRI[MainActivity]@26ed4f2: ViewPostIme pointer 0
05-15 07:48:17.964 27650 27650 I View    : setRequestedFrameRate frameRate=NaN, this=androidx.compose.ui.platform.AndroidComposeView{4b8ddd9 VFED..... ........ 0,0-1080,2340 aid=1073741824}, caller=android.view.ViewGroup.setRequestedFrameRate:10045 androidx.compose.ui.platform.Api35Impl.setRequestedFrameRate:3822 androidx.compose.ui.platform.AndroidComposeView.dispatchDraw:2114 android.view.View.draw:26750 android.view.View.updateDisplayListIfDirty:25577 
05-15 07:48:17.965 27650 27650 I View    : setRequestedFrameRate frameRate=NaN, this=android.view.View{556bdcf V.ED..... ........ 0,0-0,0}, caller=androidx.compose.ui.platform.Api35Impl.setRequestedFrameRate:3822 androidx.compose.ui.platform.AndroidComposeView.dispatchDraw:2115 android.view.View.draw:26750 android.view.View.updateDisplayListIfDirty:25577 android.view.ViewGroup.recreateChildDisplayList:4881 
05-15 07:48:17.981 27650 27650 I View    : setRequestedFrameRate frameRate=NaN, this=androidx.compose.ui.platform.AndroidComposeView{4b8ddd9 VFED..... ........ 0,0-1080,2340 aid=1073741824}, caller=android.view.ViewGroup.setRequestedFrameRate:10045 androidx.compose.ui.platform.Api35Impl.setRequestedFrameRate:3822 androidx.compose.ui.platform.AndroidComposeView.dispatchDraw:2114 android.view.View.draw:26750 android.view.View.updateDisplayListIfDirty:25577 
05-15 07:48:17.981 27650 27650 I View    : setRequestedFrameRate frameRate=NaN, this=android.view.View{556bdcf V.ED..... ........ 0,0-0,0}, caller=androidx.compose.ui.platform.Api35Impl.setRequestedFrameRate:3822 androidx.compose.ui.platform.AndroidComposeView.dispatchDraw:2115 android.view.View.draw:26750 android.view.View.updateDisplayListIfDirty:25577 android.view.ViewGroup.recreateChildDisplayList:4881 
05-15 07:48:18.031 27650 27650 I View    : setRequestedFrameRate frameRate=NaN, this=androidx.compose.ui.platform.AndroidComposeView{4b8ddd9 VFED..... ........ 0,0-1080,2340 aid=1073741824}, caller=android.view.ViewGroup.setRequestedFrameRate:10045 androidx.compose.ui.platform.Api35Impl.setRequestedFrameRate:3822 androidx.compose.ui.platform.AndroidComposeView.dispatchDraw:2114 android.view.View.draw:26750 android.view.View.updateDisplayListIfDirty:25577 
05-15 07:48:18.031 27650 27650 I View    : setRequestedFrameRate frameRate=NaN, this=android.view.View{556bdcf V.ED..... ........ 0,0-0,0}, caller=androidx.compose.ui.platform.Api35Impl.setRequestedFrameRate:3822 androidx.compose.ui.platform.AndroidComposeView.dispatchDraw:2115 android.view.View.draw:26750 android.view.View.updateDisplayListIfDirty:25577 android.view.ViewGroup.recreateChildDisplayList:4881 
05-15 07:48:18.051 27650 27650 I .example.latent: EglImage dataspace changed, need recreate
05-15 07:48:18.059 27650 27650 I VRI[MainActivity]@26ed4f2: ViewPostIme pointer 1
05-15 07:48:18.071 27650 27650 I View    : setRequestedFrameRate frameRate=NaN, this=androidx.compose.ui.platform.AndroidComposeView{4b8ddd9 VFED..... ........ 0,0-1080,2340 aid=1073741824}, caller=android.view.ViewGroup.setRequestedFrameRate:10045 androidx.compose.ui.platform.Api35Impl.setRequestedFrameRate:3822 androidx.compose.ui.platform.AndroidComposeView.dispatchDraw:2114 android.view.View.draw:26750 android.view.View.updateDisplayListIfDirty:25577 
05-15 07:48:18.072 27650 27650 I View    : setRequestedFrameRate frameRate=-4.0, this=android.view.View{556bdcf V.ED..... ........ 0,0-0,0}, caller=androidx.compose.ui.platform.Api35Impl.setRequestedFrameRate:3822 androidx.compose.ui.platform.AndroidComposeView.dispatchDraw:2115 android.view.View.draw:26750 android.view.View.updateDisplayListIfDirty:25577 android.view.ViewGroup.recreateChildDisplayList:4881 
05-15 07:48:18.072 27650 27650 I VRI[MainActivity]@26ed4f2: Requested frameRateCategory 6 by android.view.View{556bdcf V.ED..... ........ 0,0-0,0}
05-15 07:48:18.097 27650 27650 I View    : setRequestedFrameRate frameRate=NaN, this=androidx.compose.ui.platform.AndroidComposeView{4b8ddd9 VFED..... ........ 0,0-1080,2340 aid=1073741824}, caller=android.view.ViewGroup.setRequestedFrameRate:10045 androidx.compose.ui.platform.Api35Impl.setRequestedFrameRate:3822 androidx.compose.ui.platform.AndroidComposeView.dispatchDraw:2114 android.view.View.draw:26750 android.view.View.updateDisplayListIfDirty:25577 
05-15 07:48:18.097 27650 27650 I View    : setRequestedFrameRate frameRate=NaN, this=android.view.View{556bdcf V.ED..... ........ 0,0-0,0}, caller=androidx.compose.ui.platform.Api35Impl.setRequestedFrameRate:3822 androidx.compose.ui.platform.AndroidComposeView.dispatchDraw:2115 android.view.View.draw:26750 android.view.View.updateDisplayListIfDirty:25577 android.view.ViewGroup.recreateChildDisplayList:4881 
05-15 07:48:18.104 27650 27684 I CameraManagerGlobal: Camera 0 facing CAMERA_FACING_BACK state now CAMERA_STATE_IDLE for client com.example.latent API Level 2 User Id 0Device Id 0
05-15 07:48:18.308 27650 27684 I CameraManagerGlobal: Camera 0 facing CAMERA_FACING_BACK state now CAMERA_STATE_CLOSED for client com.example.latent API Level 2 User Id 0Device Id 0
05-15 07:48:18.308 27650 27665 W .example.latent: Long monitor contention with owner DefaultDispatcher-worker-1 (27688) at void android.hardware.camera2.impl.CameraDeviceImpl.close()(CameraDeviceImpl.java:1833) waiters=0 in void android.hardware.camera2.impl.CameraDeviceImpl$CameraDeviceCallbacks.onResultReceived(android.hardware.camera2.CameraMetadataInfo, android.hardware.camera2.impl.CaptureResultExtras, android.hardware.camera2.impl.PhysicalCaptureResultInfo[]) for 230ms
05-15 07:48:18.309 27650 28250 W MessageQueue: Handler (android.os.Handler) {d96d449} sending message to a Handler on a dead thread
05-15 07:48:18.309 27650 28250 W MessageQueue: java.lang.IllegalStateException: Handler (android.os.Handler) {d96d449} sending message to a Handler on a dead thread
05-15 07:48:18.309 27650 28250 W MessageQueue: 	at android.os.MessageQueue.logDeadThread(MessageQueue.java:1452)
05-15 07:48:18.309 27650 28250 W MessageQueue: 	at android.os.MessageQueue.enqueueMessageLegacy(MessageQueue.java:1465)
05-15 07:48:18.309 27650 28250 W MessageQueue: 	at android.os.MessageQueue.enqueueMessage(MessageQueue.java:1539)
05-15 07:48:18.309 27650 28250 W MessageQueue: 	at android.os.Handler.enqueueMessage(Handler.java:829)
05-15 07:48:18.309 27650 28250 W MessageQueue: 	at android.os.Handler.sendMessageAtTime(Handler.java:771)
05-15 07:48:18.309 27650 28250 W MessageQueue: 	at android.os.Handler.sendMessageDelayed(Handler.java:741)
05-15 07:48:18.309 27650 28250 W MessageQueue: 	at android.os.Handler.post(Handler.java:461)
05-15 07:48:18.309 27650 28250 W MessageQueue: 	at android.hardware.camera2.impl.CameraDeviceImpl$CameraHandlerExecutor.execute(CameraDeviceImpl.java:2888)
05-15 07:48:18.309 27650 28250 W MessageQueue: 	at android.hardware.camera2.impl.CameraDeviceImpl$ClientStateCallback.onClosed(CameraDeviceImpl.java:348)
05-15 07:48:18.309 27650 28250 W MessageQueue: 	at android.hardware.camera2.impl.CameraDeviceImpl$7.run(CameraDeviceImpl.java:301)
05-15 07:48:18.309 27650 28250 W MessageQueue: 	at java.util.concurrent.ThreadPoolExecutor.runWorker(ThreadPoolExecutor.java:1154)
05-15 07:48:18.309 27650 28250 W MessageQueue: 	at java.util.concurrent.ThreadPoolExecutor$Worker.run(ThreadPoolExecutor.java:652)
05-15 07:48:18.309 27650 28250 W MessageQueue: 	at java.lang.Thread.run(Thread.java:1564)
05-15 07:48:18.312 27650 27665 I CameraManagerGlobal: Camera 0 facing CAMERA_FACING_BACK state now CAMERA_STATE_OPENING for client com.example.latent API Level 2 User Id 0Device Id 0
05-15 07:48:18.314 27650 28735 I CameraManagerGlobal: Camera 0 facing CAMERA_FACING_BACK state now CAMERA_STATE_OPEN for client com.example.latent API Level 2 User Id 0Device Id 0
05-15 07:48:18.314 27650 28732 I Camera2Controller: RAW stream locked to physical camera: 7 (120mm Periscope)
05-15 07:48:18.497 27650 27665 I CameraManagerGlobal: Camera 0 facing CAMERA_FACING_BACK state now CAMERA_STATE_ACTIVE for client com.example.latent API Level 2 User Id 0Device Id 0
05-15 07:48:18.695 27650 27650 I .example.latent: EglImage dataspace changed, need recreate
05-15 07:48:18.697 27650 27650 I View    : setRequestedFrameRate frameRate=NaN, this=androidx.compose.ui.platform.AndroidComposeView{4b8ddd9 VFED..... ........ 0,0-1080,2340 aid=1073741824}, caller=android.view.ViewGroup.setRequestedFrameRate:10045 androidx.compose.ui.platform.Api35Impl.setRequestedFrameRate:3822 androidx.compose.ui.platform.AndroidComposeView.dispatchDraw:2114 android.view.View.draw:26750 android.view.View.updateDisplayListIfDirty:25577 
05-15 07:48:18.697 27650 27650 I View    : setRequestedFrameRate frameRate=NaN, this=android.view.View{556bdcf V.ED..... ........ 0,0-0,0}, caller=androidx.compose.ui.platform.Api35Impl.setRequestedFrameRate:3822 androidx.compose.ui.platform.AndroidComposeView.dispatchDraw:2115 android.view.View.draw:26750 android.view.View.updateDisplayListIfDirty:25577 android.view.ViewGroup.recreateChildDisplayList:4881 
05-15 07:48:18.769 27650 27650 I .example.latent: EglImage dataspace changed, need recreate
05-15 07:48:18.779 27650 27650 I View    : setRequestedFrameRate frameRate=NaN, this=androidx.compose.ui.platform.AndroidComposeView{4b8ddd9 VFED..... ........ 0,0-1080,2340 aid=1073741824}, caller=android.view.ViewGroup.setRequestedFrameRate:10045 androidx.compose.ui.platform.Api35Impl.setRequestedFrameRate:3822 androidx.compose.ui.platform.AndroidComposeView.dispatchDraw:2114 android.view.View.draw:26750 android.view.View.updateDisplayListIfDirty:25577 
05-15 07:48:18.779 27650 27650 I View    : setRequestedFrameRate frameRate=NaN, this=android.view.View{556bdcf V.ED..... ........ 0,0-0,0}, caller=androidx.compose.ui.platform.Api35Impl.setRequestedFrameRate:3822 androidx.compose.ui.platform.AndroidComposeView.dispatchDraw:2115 android.view.View.draw:26750 android.view.View.updateDisplayListIfDirty:25577 android.view.ViewGroup.recreateChildDisplayList:4881 
05-15 07:48:18.801 27650 27650 I .example.latent: EglImage dataspace changed, need recreate
05-15 07:48:18.814 27650 27650 I View    : setRequestedFrameRate frameRate=NaN, this=androidx.compose.ui.platform.AndroidComposeView{4b8ddd9 VFED..... ........ 0,0-1080,2340 aid=1073741824}, caller=android.view.ViewGroup.setRequestedFrameRate:10045 androidx.compose.ui.platform.Api35Impl.setRequestedFrameRate:3822 androidx.compose.ui.platform.AndroidComposeView.dispatchDraw:2114 android.view.View.draw:26750 android.view.View.updateDisplayListIfDirty:25577 
05-15 07:48:18.814 27650 27650 I View    : setRequestedFrameRate frameRate=NaN, this=android.view.View{556bdcf V.ED..... ........ 0,0-0,0}, caller=androidx.compose.ui.platform.Api35Impl.setRequestedFrameRate:3822 androidx.compose.ui.platform.AndroidComposeView.dispatchDraw:2115 android.view.View.draw:26750 android.view.View.updateDisplayListIfDirty:25577 android.view.ViewGroup.recreateChildDisplayList:4881 
05-15 07:48:18.837 27650 27650 I .example.latent: EglImage dataspace changed, need recreate
05-15 07:48:18.847 27650 27650 I View    : setRequestedFrameRate frameRate=NaN, this=androidx.compose.ui.platform.AndroidComposeView{4b8ddd9 VFED..... ........ 0,0-1080,2340 aid=1073741824}, caller=android.view.ViewGroup.setRequestedFrameRate:10045 androidx.compose.ui.platform.Api35Impl.setRequestedFrameRate:3822 androidx.compose.ui.platform.AndroidComposeView.dispatchDraw:2114 android.view.View.draw:26750 android.view.View.updateDisplayListIfDirty:25577 
05-15 07:48:18.847 27650 27650 I View    : setRequestedFrameRate frameRate=NaN, this=android.view.View{556bdcf V.ED..... ........ 0,0-0,0}, caller=androidx.compose.ui.platform.Api35Impl.setRequestedFrameRate:3822 androidx.compose.ui.platform.AndroidComposeView.dispatchDraw:2115 android.view.View.draw:26750 android.view.View.updateDisplayListIfDirty:25577 android.view.ViewGroup.recreateChildDisplayList:4881 
05-15 07:48:18.869 27650 27650 I .example.latent: EglImage dataspace changed, need recreate
05-15 07:48:18.880 27650 27650 I View    : setRequestedFrameRate frameRate=NaN, this=androidx.compose.ui.platform.AndroidComposeView{4b8ddd9 VFED..... ........ 0,0-1080,2340 aid=1073741824}, caller=android.view.ViewGroup.setRequestedFrameRate:10045 androidx.compose.ui.platform.Api35Impl.setRequestedFrameRate:3822 androidx.compose.ui.platform.AndroidComposeView.dispatchDraw:2114 android.view.View.draw:26750 android.view.View.updateDisplayListIfDirty:25577 
05-15 07:48:18.880 27650 27650 I View    : setRequestedFrameRate frameRate=NaN, this=android.view.View{556bdcf V.ED..... ........ 0,0-0,0}, caller=androidx.compose.ui.platform.Api35Impl.setRequestedFrameRate:3822 androidx.compose.ui.platform.AndroidComposeView.dispatchDraw:2115 android.view.View.draw:26750 android.view.View.updateDisplayListIfDirty:25577 android.view.ViewGroup.recreateChildDisplayList:4881 
05-15 07:48:18.904 27650 27650 I .example.latent: EglImage dataspace changed, need recreate
05-15 07:48:18.913 27650 27650 I View    : setRequestedFrameRate frameRate=NaN, this=androidx.compose.ui.platform.AndroidComposeView{4b8ddd9 VFED..... ........ 0,0-1080,2340 aid=1073741824}, caller=android.view.ViewGroup.setRequestedFrameRate:10045 androidx.compose.ui.platform.Api35Impl.setRequestedFrameRate:3822 androidx.compose.ui.platform.AndroidComposeView.dispatchDraw:2114 android.view.View.draw:26750 android.view.View.updateDisplayListIfDirty:25577 
05-15 07:48:18.914 27650 27650 I View    : setRequestedFrameRate frameRate=NaN, this=android.view.View{556bdcf V.ED..... ........ 0,0-0,0}, caller=androidx.compose.ui.platform.Api35Impl.setRequestedFrameRate:3822 androidx.compose.ui.platform.AndroidComposeView.dispatchDraw:2115 android.view.View.draw:26750 android.view.View.updateDisplayListIfDirty:25577 android.view.ViewGroup.recreateChildDisplayList:4881 
05-15 07:48:18.939 27650 27650 I .example.latent: EglImage dataspace changed, need recreate
05-15 07:48:18.947 27650 27650 I View    : setRequestedFrameRate frameRate=NaN, this=androidx.compose.ui.platform.AndroidComposeView{4b8ddd9 VFED..... ........ 0,0-1080,2340 aid=1073741824}, caller=android.view.ViewGroup.setRequestedFrameRate:10045 androidx.compose.ui.platform.Api35Impl.setRequestedFrameRate:3822 androidx.compose.ui.platform.AndroidComposeView.dispatchDraw:2114 android.view.View.draw:26750 android.view.View.updateDisplayListIfDirty:25577 
05-15 07:48:18.947 27650 27650 I View    : setRequestedFrameRate frameRate=NaN, this=android.view.View{556bdcf V.ED..... ........ 0,0-0,0}, caller=androidx.compose.ui.platform.Api35Impl.setRequestedFrameRate:3822 androidx.compose.ui.platform.AndroidComposeView.dispatchDraw:2115 android.view.View.draw:26750 android.view.View.updateDisplayListIfDirty:25577 android.view.ViewGroup.recreateChildDisplayList:4881 
05-15 07:48:18.980 27650 27650 I View    : setRequestedFrameRate frameRate=NaN, this=androidx.compose.ui.platform.AndroidComposeView{4b8ddd9 VFED..... ........ 0,0-1080,2340 aid=1073741824}, caller=android.view.ViewGroup.setRequestedFrameRate:10045 androidx.compose.ui.platform.Api35Impl.setRequestedFrameRate:3822 androidx.compose.ui.platform.AndroidComposeView.dispatchDraw:2114 android.view.View.draw:26750 android.view.View.updateDisplayListIfDirty:25577 
05-15 07:48:18.980 27650 27650 I View    : setRequestedFrameRate frameRate=NaN, this=android.view.View{556bdcf V.ED..... ........ 0,0-0,0}, caller=androidx.compose.ui.platform.Api35Impl.setRequestedFrameRate:3822 androidx.compose.ui.platform.AndroidComposeView.dispatchDraw:2115 android.view.View.draw:26750 android.view.View.updateDisplayListIfDirty:25577 android.view.ViewGroup.recreateChildDisplayList:4881 
05-15 07:48:19.013 27650 27650 I View    : setRequestedFrameRate frameRate=NaN, this=androidx.compose.ui.platform.AndroidComposeView{4b8ddd9 VFED..... ........ 0,0-1080,2340 aid=1073741824}, caller=android.view.ViewGroup.setRequestedFrameRate:10045 androidx.compose.ui.platform.Api35Impl.setRequestedFrameRate:3822 androidx.compose.ui.platform.AndroidComposeView.dispatchDraw:2114 android.view.View.draw:26750 android.view.View.updateDisplayListIfDirty:25577 
05-15 07:48:19.014 27650 27650 I View    : setRequestedFrameRate frameRate=NaN, this=android.view.View{556bdcf V.ED..... ........ 0,0-0,0}, caller=androidx.compose.ui.platform.Api35Impl.setRequestedFrameRate:3822 androidx.compose.ui.platform.AndroidComposeView.dispatchDraw:2115 android.view.View.draw:26750 android.view.View.updateDisplayListIfDirty:25577 android.view.ViewGroup.recreateChildDisplayList:4881 
05-15 07:48:19.047 27650 27650 I View    : setRequestedFrameRate frameRate=NaN, this=androidx.compose.ui.platform.AndroidComposeView{4b8ddd9 VFED..... ........ 0,0-1080,2340 aid=1073741824}, caller=android.view.ViewGroup.setRequestedFrameRate:10045 androidx.compose.ui.platform.Api35Impl.setRequestedFrameRate:3822 androidx.compose.ui.platform.AndroidComposeView.dispatchDraw:2114 android.view.View.draw:26750 android.view.View.updateDisplayListIfDirty:25577 
05-15 07:48:19.047 27650 27650 I View    : setRequestedFrameRate frameRate=NaN, this=android.view.View{556bdcf V.ED..... ........ 0,0-0,0}, caller=androidx.compose.ui.platform.Api35Impl.setRequestedFrameRate:3822 androidx.compose.ui.platform.AndroidComposeView.dispatchDraw:2115 android.view.View.draw:26750 android.view.View.updateDisplayListIfDirty:25577 android.view.ViewGroup.recreateChildDisplayList:4881 
05-15 07:48:19.068 27650 27650 I .example.latent: EglImage dataspace changed, need recreate
05-15 07:48:19.080 27650 27650 I View    : setRequestedFrameRate frameRate=NaN, this=androidx.compose.ui.platform.AndroidComposeView{4b8ddd9 VFED..... ........ 0,0-1080,2340 aid=1073741824}, caller=android.view.ViewGroup.setRequestedFrameRate:10045 androidx.compose.ui.platform.Api35Impl.setRequestedFrameRate:3822 androidx.compose.ui.platform.AndroidComposeView.dispatchDraw:2114 android.view.View.draw:26750 android.view.View.updateDisplayListIfDirty:25577 
05-15 07:48:19.080 27650 27650 I View    : setRequestedFrameRate frameRate=NaN, this=android.view.View{556bdcf V.ED..... ........ 0,0-0,0}, caller=androidx.compose.ui.platform.Api35Impl.setRequestedFrameRate:3822 androidx.compose.ui.platform.AndroidComposeView.dispatchDraw:2115 android.view.View.draw:26750 android.view.View.updateDisplayListIfDirty:25577 android.view.ViewGroup.recreateChildDisplayList:4881 
05-15 07:48:19.092 27650 27650 I VRI[MainActivity]@26ed4f2: ViewPostIme pointer 0
05-15 07:48:19.097 27650 27650 I View    : setRequestedFrameRate frameRate=NaN, this=androidx.compose.ui.platform.AndroidComposeView{4b8ddd9 VFED..... ........ 0,0-1080,2340 aid=1073741824}, caller=android.view.ViewGroup.setRequestedFrameRate:10045 androidx.compose.ui.platform.Api35Impl.setRequestedFrameRate:3822 androidx.compose.ui.platform.AndroidComposeView.dispatchDraw:2114 android.view.View.draw:26750 android.view.View.updateDisplayListIfDirty:25577 
05-15 07:48:19.097 27650 27650 I View    : setRequestedFrameRate frameRate=NaN, this=android.view.View{556bdcf V.ED..... ........ 0,0-0,0}, caller=androidx.compose.ui.platform.Api35Impl.setRequestedFrameRate:3822 androidx.compose.ui.platform.AndroidComposeView.dispatchDraw:2115 android.view.View.draw:26750 android.view.View.updateDisplayListIfDirty:25577 android.view.ViewGroup.recreateChildDisplayList:4881 
05-15 07:48:19.114 27650 27650 I View    : setRequestedFrameRate frameRate=NaN, this=androidx.compose.ui.platform.AndroidComposeView{4b8ddd9 VFED..... ........ 0,0-1080,2340 aid=1073741824}, caller=android.view.ViewGroup.setRequestedFrameRate:10045 androidx.compose.ui.platform.Api35Impl.setRequestedFrameRate:3822 androidx.compose.ui.platform.AndroidComposeView.dispatchDraw:2114 android.view.View.draw:26750 android.view.View.updateDisplayListIfDirty:25577 
05-15 07:48:19.114 27650 27650 I View    : setRequestedFrameRate frameRate=NaN, this=android.view.View{556bdcf V.ED..... ........ 0,0-0,0}, caller=androidx.compose.ui.platform.Api35Impl.setRequestedFrameRate:3822 androidx.compose.ui.platform.AndroidComposeView.dispatchDraw:2115 android.view.View.draw:26750 android.view.View.updateDisplayListIfDirty:25577 android.view.ViewGroup.recreateChildDisplayList:4881 
05-15 07:48:19.148 27650 27650 I View    : setRequestedFrameRate frameRate=NaN, this=androidx.compose.ui.platform.AndroidComposeView{4b8ddd9 VFED..... ........ 0,0-1080,2340 aid=1073741824}, caller=android.view.ViewGroup.setRequestedFrameRate:10045 androidx.compose.ui.platform.Api35Impl.setRequestedFrameRate:3822 androidx.compose.ui.platform.AndroidComposeView.dispatchDraw:2114 android.view.View.draw:26750 android.view.View.updateDisplayListIfDirty:25577 
05-15 07:48:19.148 27650 27650 I View    : setRequestedFrameRate frameRate=NaN, this=android.view.View{556bdcf V.ED..... ........ 0,0-0,0}, caller=androidx.compose.ui.platform.Api35Impl.setRequestedFrameRate:3822 androidx.compose.ui.platform.AndroidComposeView.dispatchDraw:2115 android.view.View.draw:26750 android.view.View.updateDisplayListIfDirty:25577 android.view.ViewGroup.recreateChildDisplayList:4881 
05-15 07:48:19.181 27650 27650 I View    : setRequestedFrameRate frameRate=NaN, this=androidx.compose.ui.platform.AndroidComposeView{4b8ddd9 VFED..... ........ 0,0-1080,2340 aid=1073741824}, caller=android.view.ViewGroup.setRequestedFrameRate:10045 androidx.compose.ui.platform.Api35Impl.setRequestedFrameRate:3822 androidx.compose.ui.platform.AndroidComposeView.dispatchDraw:2114 android.view.View.draw:26750 android.view.View.updateDisplayListIfDirty:25577 
05-15 07:48:19.182 27650 27650 I View    : setRequestedFrameRate frameRate=NaN, this=android.view.View{556bdcf V.ED..... ........ 0,0-0,0}, caller=androidx.compose.ui.platform.Api35Impl.setRequestedFrameRate:3822 androidx.compose.ui.platform.AndroidComposeView.dispatchDraw:2115 android.view.View.draw:26750 android.view.View.updateDisplayListIfDirty:25577 android.view.ViewGroup.recreateChildDisplayList:4881 
05-15 07:48:19.183 27650 27650 I VRI[MainActivity]@26ed4f2: ViewPostIme pointer 1
05-15 07:48:19.203 27650 27650 I View    : setRequestedFrameRate frameRate=NaN, this=androidx.compose.ui.platform.AndroidComposeView{4b8ddd9 VFED..... ........ 0,0-1080,2340 aid=1073741824}, caller=android.view.ViewGroup.setRequestedFrameRate:10045 androidx.compose.ui.platform.Api35Impl.setRequestedFrameRate:3822 androidx.compose.ui.platform.AndroidComposeView.dispatchDraw:2114 android.view.View.draw:26750 android.view.View.updateDisplayListIfDirty:25577 
05-15 07:48:19.203 27650 27650 I View    : setRequestedFrameRate frameRate=-4.0, this=android.view.View{556bdcf V.ED..... ........ 0,0-0,0}, caller=androidx.compose.ui.platform.Api35Impl.setRequestedFrameRate:3822 androidx.compose.ui.platform.AndroidComposeView.dispatchDraw:2115 android.view.View.draw:26750 android.view.View.updateDisplayListIfDirty:25577 android.view.ViewGroup.recreateChildDisplayList:4881 
05-15 07:48:19.203 27650 27650 I VRI[MainActivity]@26ed4f2: Requested frameRateCategory 6 by android.view.View{556bdcf V.ED..... ........ 0,0-0,0}
05-15 07:48:19.213 27650 27650 I View    : setRequestedFrameRate frameRate=NaN, this=androidx.compose.ui.platform.AndroidComposeView{4b8ddd9 VFED..... ........ 0,0-1080,2340 aid=1073741824}, caller=android.view.ViewGroup.setRequestedFrameRate:10045 androidx.compose.ui.platform.Api35Impl.setRequestedFrameRate:3822 androidx.compose.ui.platform.AndroidComposeView.dispatchDraw:2114 android.view.View.draw:26750 android.view.View.updateDisplayListIfDirty:25577 
05-15 07:48:19.213 27650 27650 I View    : setRequestedFrameRate frameRate=NaN, this=android.view.View{556bdcf V.ED..... ........ 0,0-0,0}, caller=androidx.compose.ui.platform.Api35Impl.setRequestedFrameRate:3822 androidx.compose.ui.platform.AndroidComposeView.dispatchDraw:2115 android.view.View.draw:26750 android.view.View.updateDisplayListIfDirty:25577 android.view.ViewGroup.recreateChildDisplayList:4881 
05-15 07:48:19.235 27650 27663 I CameraManagerGlobal: Camera 0 facing CAMERA_FACING_BACK state now CAMERA_STATE_IDLE for client com.example.latent API Level 2 User Id 0Device Id 0
05-15 07:48:19.450 27650 27663 I CameraManagerGlobal: Camera 0 facing CAMERA_FACING_BACK state now CAMERA_STATE_CLOSED for client com.example.latent API Level 2 User Id 0Device Id 0
05-15 07:48:19.450 27650 28735 W .example.latent: Long monitor contention with owner DefaultDispatcher-worker-1 (27688) at void android.hardware.camera2.impl.CameraDeviceImpl.close()(CameraDeviceImpl.java:1833) waiters=0 in void android.hardware.camera2.impl.CameraDeviceImpl$CameraDeviceCallbacks.onCaptureStarted(android.hardware.camera2.impl.CaptureResultExtras, long) for 235ms
05-15 07:48:19.452 27650 28740 W MessageQueue: Handler (android.os.Handler) {f4629fe} sending message to a Handler on a dead thread
05-15 07:48:19.452 27650 28740 W MessageQueue: java.lang.IllegalStateException: Handler (android.os.Handler) {f4629fe} sending message to a Handler on a dead thread
05-15 07:48:19.452 27650 28740 W MessageQueue: 	at android.os.MessageQueue.logDeadThread(MessageQueue.java:1452)
05-15 07:48:19.452 27650 28740 W MessageQueue: 	at android.os.MessageQueue.enqueueMessageLegacy(MessageQueue.java:1465)
05-15 07:48:19.452 27650 28740 W MessageQueue: 	at android.os.MessageQueue.enqueueMessage(MessageQueue.java:1539)
05-15 07:48:19.452 27650 28740 W MessageQueue: 	at android.os.Handler.enqueueMessage(Handler.java:829)
05-15 07:48:19.452 27650 28740 W MessageQueue: 	at android.os.Handler.sendMessageAtTime(Handler.java:771)
05-15 07:48:19.452 27650 28740 W MessageQueue: 	at android.os.Handler.sendMessageDelayed(Handler.java:741)
05-15 07:48:19.452 27650 28740 W MessageQueue: 	at android.os.Handler.post(Handler.java:461)
05-15 07:48:19.452 27650 28740 W MessageQueue: 	at android.hardware.camera2.impl.CameraDeviceImpl$CameraHandlerExecutor.execute(CameraDeviceImpl.java:2888)
05-15 07:48:19.452 27650 28740 W MessageQueue: 	at android.hardware.camera2.impl.CameraDeviceImpl$ClientStateCallback.onClosed(CameraDeviceImpl.java:348)
05-15 07:48:19.452 27650 28740 W MessageQueue: 	at android.hardware.camera2.impl.CameraDeviceImpl$7.run(CameraDeviceImpl.java:301)
05-15 07:48:19.452 27650 28740 W MessageQueue: 	at java.util.concurrent.ThreadPoolExecutor.runWorker(ThreadPoolExecutor.java:1154)
05-15 07:48:19.452 27650 28740 W MessageQueue: 	at java.util.concurrent.ThreadPoolExecutor$Worker.run(ThreadPoolExecutor.java:652)
05-15 07:48:19.452 27650 28740 W MessageQueue: 	at java.lang.Thread.run(Thread.java:1564)
05-15 07:48:19.453 27650 28735 I CameraManagerGlobal: Camera 0 facing CAMERA_FACING_BACK state now CAMERA_STATE_OPENING for client com.example.latent API Level 2 User Id 0Device Id 0
05-15 07:48:19.455 27650 28735 I CameraManagerGlobal: Camera 0 facing CAMERA_FACING_BACK state now CAMERA_STATE_OPEN for client com.example.latent API Level 2 User Id 0Device Id 0
05-15 07:48:19.455 27650 29239 I Camera2Controller: RAW stream locked to physical camera: 2 (14mm UW)
05-15 07:48:19.634 27650 28735 I CameraManagerGlobal: Camera 0 facing CAMERA_FACING_BACK state now CAMERA_STATE_ACTIVE for client com.example.latent API Level 2 User Id 0Device Id 0
05-15 07:48:19.833 27650 27650 I .example.latent: EglImage dataspace changed, need recreate
05-15 07:48:19.838 27650 27650 I View    : setRequestedFrameRate frameRate=NaN, this=androidx.compose.ui.platform.AndroidComposeView{4b8ddd9 VFED..... ........ 0,0-1080,2340 aid=1073741824}, caller=android.view.ViewGroup.setRequestedFrameRate:10045 androidx.compose.ui.platform.Api35Impl.setRequestedFrameRate:3822 androidx.compose.ui.platform.AndroidComposeView.dispatchDraw:2114 android.view.View.draw:26750 android.view.View.updateDisplayListIfDirty:25577 
05-15 07:48:19.838 27650 27650 I View    : setRequestedFrameRate frameRate=NaN, this=android.view.View{556bdcf V.ED..... ........ 0,0-0,0}, caller=androidx.compose.ui.platform.Api35Impl.setRequestedFrameRate:3822 androidx.compose.ui.platform.AndroidComposeView.dispatchDraw:2115 android.view.View.draw:26750 android.view.View.updateDisplayListIfDirty:25577 android.view.ViewGroup.recreateChildDisplayList:4881 
05-15 07:48:19.903 27650 27650 I .example.latent: EglImage dataspace changed, need recreate
05-15 07:48:19.907 27650 27650 I View    : setRequestedFrameRate frameRate=NaN, this=androidx.compose.ui.platform.AndroidComposeView{4b8ddd9 VFED..... ........ 0,0-1080,2340 aid=1073741824}, caller=android.view.ViewGroup.setRequestedFrameRate:10045 androidx.compose.ui.platform.Api35Impl.setRequestedFrameRate:3822 androidx.compose.ui.platform.AndroidComposeView.dispatchDraw:2114 android.view.View.draw:26750 android.view.View.updateDisplayListIfDirty:25577 
05-15 07:48:19.907 27650 27650 I View    : setRequestedFrameRate frameRate=NaN, this=android.view.View{556bdcf V.ED..... ........ 0,0-0,0}, caller=androidx.compose.ui.platform.Api35Impl.setRequestedFrameRate:3822 androidx.compose.ui.platform.AndroidComposeView.dispatchDraw:2115 android.view.View.draw:26750 android.view.View.updateDisplayListIfDirty:25577 android.view.ViewGroup.recreateChildDisplayList:4881 
05-15 07:48:19.936 27650 27650 I .example.latent: EglImage dataspace changed, need recreate
05-15 07:48:19.939 27650 27650 I View    : setRequestedFrameRate frameRate=NaN, this=androidx.compose.ui.platform.AndroidComposeView{4b8ddd9 VFED..... ........ 0,0-1080,2340 aid=1073741824}, caller=android.view.ViewGroup.setRequestedFrameRate:10045 androidx.compose.ui.platform.Api35Impl.setRequestedFrameRate:3822 androidx.compose.ui.platform.AndroidComposeView.dispatchDraw:2114 android.view.View.draw:26750 android.view.View.updateDisplayListIfDirty:25577 
05-15 07:48:19.939 27650 27650 I View    : setRequestedFrameRate frameRate=NaN, this=android.view.View{556bdcf V.ED..... ........ 0,0-0,0}, caller=androidx.compose.ui.platform.Api35Impl.setRequestedFrameRate:3822 androidx.compose.ui.platform.AndroidComposeView.dispatchDraw:2115 android.view.View.draw:26750 android.view.View.updateDisplayListIfDirty:25577 android.view.ViewGroup.recreateChildDisplayList:4881 
05-15 07:48:19.968 27650 27650 I .example.latent: EglImage dataspace changed, need recreate
05-15 07:48:19.972 27650 27650 I View    : setRequestedFrameRate frameRate=NaN, this=androidx.compose.ui.platform.AndroidComposeView{4b8ddd9 VFED..... ........ 0,0-1080,2340 aid=1073741824}, caller=android.view.ViewGroup.setRequestedFrameRate:10045 androidx.compose.ui.platform.Api35Impl.setRequestedFrameRate:3822 androidx.compose.ui.platform.AndroidComposeView.dispatchDraw:2114 android.view.View.draw:26750 android.view.View.updateDisplayListIfDirty:25577 
05-15 07:48:19.972 27650 27650 I View    : setRequestedFrameRate frameRate=NaN, this=android.view.View{556bdcf V.ED..... ........ 0,0-0,0}, caller=androidx.compose.ui.platform.Api35Impl.setRequestedFrameRate:3822 androidx.compose.ui.platform.AndroidComposeView.dispatchDraw:2115 android.view.View.draw:26750 android.view.View.updateDisplayListIfDirty:25577 android.view.ViewGroup.recreateChildDisplayList:4881 
05-15 07:48:20.003 27650 27650 I .example.latent: EglImage dataspace changed, need recreate
05-15 07:48:20.005 27650 27650 I View    : setRequestedFrameRate frameRate=NaN, this=androidx.compose.ui.platform.AndroidComposeView{4b8ddd9 VFED..... ........ 0,0-1080,2340 aid=1073741824}, caller=android.view.ViewGroup.setRequestedFrameRate:10045 androidx.compose.ui.platform.Api35Impl.setRequestedFrameRate:3822 androidx.compose.ui.platform.AndroidComposeView.dispatchDraw:2114 android.view.View.draw:26750 android.view.View.updateDisplayListIfDirty:25577 
05-15 07:48:20.005 27650 27650 I View    : setRequestedFrameRate frameRate=NaN, this=android.view.View{556bdcf V.ED..... ........ 0,0-0,0}, caller=androidx.compose.ui.platform.Api35Impl.setRequestedFrameRate:3822 androidx.compose.ui.platform.AndroidComposeView.dispatchDraw:2115 android.view.View.draw:26750 android.view.View.updateDisplayListIfDirty:25577 android.view.ViewGroup.recreateChildDisplayList:4881 
05-15 07:48:20.039 27650 27650 I .example.latent: EglImage dataspace changed, need recreate
05-15 07:48:20.055 27650 27650 I View    : setRequestedFrameRate frameRate=NaN, this=androidx.compose.ui.platform.AndroidComposeView{4b8ddd9 VFED..... ........ 0,0-1080,2340 aid=1073741824}, caller=android.view.ViewGroup.setRequestedFrameRate:10045 androidx.compose.ui.platform.Api35Impl.setRequestedFrameRate:3822 androidx.compose.ui.platform.AndroidComposeView.dispatchDraw:2114 android.view.View.draw:26750 android.view.View.updateDisplayListIfDirty:25577 
05-15 07:48:20.055 27650 27650 I View    : setRequestedFrameRate frameRate=NaN, this=android.view.View{556bdcf V.ED..... ........ 0,0-0,0}, caller=androidx.compose.ui.platform.Api35Impl.setRequestedFrameRate:3822 androidx.compose.ui.platform.AndroidComposeView.dispatchDraw:2115 android.view.View.draw:26750 android.view.View.updateDisplayListIfDirty:25577 android.view.ViewGroup.recreateChildDisplayList:4881 
05-15 07:48:20.071 27650 27650 I .example.latent: EglImage dataspace changed, need recreate
05-15 07:48:20.088 27650 27650 I View    : setRequestedFrameRate frameRate=NaN, this=androidx.compose.ui.platform.AndroidComposeView{4b8ddd9 VFED..... ........ 0,0-1080,2340 aid=1073741824}, caller=android.view.ViewGroup.setRequestedFrameRate:10045 androidx.compose.ui.platform.Api35Impl.setRequestedFrameRate:3822 androidx.compose.ui.platform.AndroidComposeView.dispatchDraw:2114 android.view.View.draw:26750 android.view.View.updateDisplayListIfDirty:25577 
05-15 07:48:20.088 27650 27650 I View    : setRequestedFrameRate frameRate=NaN, this=android.view.View{556bdcf V.ED..... ........ 0,0-0,0}, caller=androidx.compose.ui.platform.Api35Impl.setRequestedFrameRate:3822 androidx.compose.ui.platform.AndroidComposeView.dispatchDraw:2115 android.view.View.draw:26750 android.view.View.updateDisplayListIfDirty:25577 android.view.ViewGroup.recreateChildDisplayList:4881 
05-15 07:48:20.121 27650 27650 I View    : setRequestedFrameRate frameRate=NaN, this=androidx.compose.ui.platform.AndroidComposeView{4b8ddd9 VFED..... ........ 0,0-1080,2340 aid=1073741824}, caller=android.view.ViewGroup.setRequestedFrameRate:10045 androidx.compose.ui.platform.Api35Impl.setRequestedFrameRate:3822 androidx.compose.ui.platform.AndroidComposeView.dispatchDraw:2114 android.view.View.draw:26750 android.view.View.updateDisplayListIfDirty:25577 
05-15 07:48:20.122 27650 27650 I View    : setRequestedFrameRate frameRate=NaN, this=android.view.View{556bdcf V.ED..... ........ 0,0-0,0}, caller=androidx.compose.ui.platform.Api35Impl.setRequestedFrameRate:3822 androidx.compose.ui.platform.AndroidComposeView.dispatchDraw:2115 android.view.View.draw:26750 android.view.View.updateDisplayListIfDirty:25577 android.view.ViewGroup.recreateChildDisplayList:4881 
05-15 07:48:20.155 27650 27650 I View    : setRequestedFrameRate frameRate=NaN, this=androidx.compose.ui.platform.AndroidComposeView{4b8ddd9 VFED..... ........ 0,0-1080,2340 aid=1073741824}, caller=android.view.ViewGroup.setRequestedFrameRate:10045 androidx.compose.ui.platform.Api35Impl.setRequestedFrameRate:3822 androidx.compose.ui.platform.AndroidComposeView.dispatchDraw:2114 android.view.View.draw:26750 android.view.View.updateDisplayListIfDirty:25577 
05-15 07:48:20.155 27650 27650 I View    : setRequestedFrameRate frameRate=NaN, this=android.view.View{556bdcf V.ED..... ........ 0,0-0,0}, caller=androidx.compose.ui.platform.Api35Impl.setRequestedFrameRate:3822 androidx.compose.ui.platform.AndroidComposeView.dispatchDraw:2115 android.view.View.draw:26750 android.view.View.updateDisplayListIfDirty:25577 android.view.ViewGroup.recreateChildDisplayList:4881 
05-15 07:48:20.188 27650 27650 I View    : setRequestedFrameRate frameRate=NaN, this=androidx.compose.ui.platform.AndroidComposeView{4b8ddd9 VFED..... ........ 0,0-1080,2340 aid=1073741824}, caller=android.view.ViewGroup.setRequestedFrameRate:10045 androidx.compose.ui.platform.Api35Impl.setRequestedFrameRate:3822 androidx.compose.ui.platform.AndroidComposeView.dispatchDraw:2114 android.view.View.draw:26750 android.view.View.updateDisplayListIfDirty:25577 
05-15 07:48:20.188 27650 27650 I View    : setRequestedFrameRate frameRate=NaN, this=android.view.View{556bdcf V.ED..... ........ 0,0-0,0}, caller=androidx.compose.ui.platform.Api35Impl.setRequestedFrameRate:3822 androidx.compose.ui.platform.AndroidComposeView.dispatchDraw:2115 android.view.View.draw:26750 android.view.View.updateDisplayListIfDirty:25577 android.view.ViewGroup.recreateChildDisplayList:4881 
05-15 07:48:20.214 27650 27658 W .example.latent: Cleared Reference was only reachable from finalizer (only reported once)
05-15 07:48:20.215 27650 27658 W .example.latent: userfaultfd: MOVE ioctl seems unsupported: Connection timed out
05-15 07:48:20.220 27650 27659 D InputTransport: Input channel destroyed: 'ClientS', fd=172
05-15 07:48:20.220 27650 27659 D InputTransport: Input channel destroyed: 'ClientS', fd=163
05-15 07:48:20.222 27650 27650 I View    : setRequestedFrameRate frameRate=NaN, this=androidx.compose.ui.platform.AndroidComposeView{4b8ddd9 VFED..... ........ 0,0-1080,2340 aid=1073741824}, caller=android.view.ViewGroup.setRequestedFrameRate:10045 androidx.compose.ui.platform.Api35Impl.setRequestedFrameRate:3822 androidx.compose.ui.platform.AndroidComposeView.dispatchDraw:2114 android.view.View.draw:26750 android.view.View.updateDisplayListIfDirty:25577 
05-15 07:48:20.222 27650 27650 I View    : setRequestedFrameRate frameRate=NaN, this=android.view.View{556bdcf V.ED..... ........ 0,0-0,0}, caller=androidx.compose.ui.platform.Api35Impl.setRequestedFrameRate:3822 androidx.compose.ui.platform.AndroidComposeView.dispatchDraw:2115 android.view.View.draw:26750 android.view.View.updateDisplayListIfDirty:25577 android.view.ViewGroup.recreateChildDisplayList:4881 
