--- LATENT CAM DEBUG LOG ---
Device: SM-S948W
Time: Fri May 15 08:37:19 EDT 2026

--------- beginning of main
05-15 08:35:50.803 22775 22775 I Zygote  : Process 22775 created for com.example.latent
05-15 08:35:50.803 22775 22775 I .example.latent: Late-enabling -Xcheck:jni
05-15 08:35:50.817 22775 22775 I .example.latent: Using CollectorTypeCMC GC.
05-15 08:35:50.820 22775 22775 D nativeloader: Load libframework-connectivity-tiramisu-jni.so using APEX ns com_android_tethering for caller /apex/com.android.tethering/javalib/framework-connectivity-t.jar: ok
05-15 08:35:50.822 22775 22775 D ActivityThread: setConscryptValidator
05-15 08:35:50.822 22775 22775 D ActivityThread: setConscryptValidator - put
05-15 08:35:50.832 22775 22775 D ApplicationLoaders: Returning zygote-cached class loader: /system_ext/framework/androidx.window.extensions.jar
05-15 08:35:50.832 22775 22775 D ApplicationLoaders: Returning zygote-cached class loader: /system_ext/framework/androidx.window.sidecar.jar
05-15 08:35:50.950 22775 22775 D nativeloader: Configuring clns-9 for other apk /data/app/~~AlG3pNGkh_DW3HPRzvx7zg==/com.example.latent-9H3OyrSizn948H-sCqyEEw==/base.apk. target_sdk_version=36, uses_libraries=, library_path=/data/app/~~AlG3pNGkh_DW3HPRzvx7zg==/com.example.latent-9H3OyrSizn948H-sCqyEEw==/lib/arm64:/data/app/~~AlG3pNGkh_DW3HPRzvx7zg==/com.example.latent-9H3OyrSizn948H-sCqyEEw==/base.apk!/lib/arm64-v8a, permitted_path=/data:/mnt/expand:/data/user/0/com.example.latent
05-15 08:35:50.954 22775 22775 V GraphicsEnvironment: Currently set values for:
05-15 08:35:50.954 22775 22775 V GraphicsEnvironment:   angle_gl_driver_selection_pkgs=[]
05-15 08:35:50.954 22775 22775 V GraphicsEnvironment:   angle_gl_driver_selection_values=[]
05-15 08:35:50.954 22775 22775 V GraphicsEnvironment: com.example.latent is not listed in per-application setting
05-15 08:35:50.954 22775 22775 V GraphicsEnvironment: ANGLE allowlist from config: com.dreamgames.royalmatch com.dts.freefiremax com.dxx.firenow com.gramgames.mergedragons com.ludo.king com.mojang.minecraftpe com.my.defense com.nintendo.zaka com.os.airforce com.playrix.fishdomdd.gplay io.teslatech.callbreak jp.konami.prospia net.peakgames.toonblast
05-15 08:35:50.954 22775 22775 V GraphicsEnvironment: No special selections for ANGLE, returning default driver choice
05-15 08:35:50.954 22775 22775 V GraphicsEnvironment: App is not on the allowlist for updatable production driver.
--------- beginning of system
05-15 08:35:50.966 22775 22775 D ActivityThread: com.example.latent will use render engine as VK
05-15 08:35:50.966 22775 22775 D HWUI    : HWUI - treat SMPTE_170M as sRGB
05-15 08:35:50.966 22775 22795 I DisplayManager: Choreographer implicitly registered for the refresh rate.
05-15 08:35:50.966 22775 22795 D HWUI    : CacheManager constructor. deviceInfo=(1080, 1920)
05-15 08:35:50.967 22775 22795 D vulkan  : searching for layers in '/data/app/~~AlG3pNGkh_DW3HPRzvx7zg==/com.example.latent-9H3OyrSizn948H-sCqyEEw==/lib/arm64'
05-15 08:35:50.967 22775 22795 D vulkan  : searching for layers in '/data/app/~~AlG3pNGkh_DW3HPRzvx7zg==/com.example.latent-9H3OyrSizn948H-sCqyEEw==/base.apk!/lib/arm64-v8a'
05-15 08:35:50.973 22775 22795 E Adreno-AppProfiles: QSPM AIDL service doesn't exist
05-15 08:35:50.973 22775 22795 I AdrenoVK-0: ===== BEGIN DUMP OF OVERRIDDEN SETTINGS =====
05-15 08:35:50.973 22775 22795 I AdrenoVK-0: ===== END DUMP OF OVERRIDDEN SETTINGS =====
05-15 08:35:50.974 22775 22795 E Adreno-AppProfiles: QSPM AIDL service doesn't exist
05-15 08:35:50.974 22775 22795 I AdrenoVK-0: ===== BEGIN DUMP OF OVERRIDDEN SETTINGS =====
05-15 08:35:50.974 22775 22795 I AdrenoVK-0: ===== END DUMP OF OVERRIDDEN SETTINGS =====
05-15 08:35:50.977 22775 22795 D qdgralloc: Fetching IMapper5 from QtiMapper5
05-15 08:35:50.978 22775 22775 D DesktopExperienceFlags: Toggle override initialized to: false
05-15 08:35:50.980 22775 22775 E ashmem  : Pinning is deprecated since Android Q. Please use trim or other methods.
05-15 08:35:50.983 22775 22775 D CompatChangeReporter: Compat change id reported: 377864165; UID 10737; state: ENABLED
05-15 08:35:50.983 22775 22775 D DesktopModeFlags: Toggle override initialized to: OVERRIDE_UNSET
05-15 08:35:50.984 22775 22775 I DecorView: setWindowBackground: isPopOver=false color=ff303030 d=android.graphics.drawable.ColorDrawable@d8ffe2
05-15 08:35:50.985 22775 22795 I SnapAlloc: Graphics lib is available
05-15 08:35:50.989 22775 22795 I AdrenoVK-0: QUALCOMM build          : 87ff20b216, Ifbe74a3179
05-15 08:35:50.989 22775 22795 I AdrenoVK-0: Build Date              : 03/26/26
05-15 08:35:50.989 22775 22795 I AdrenoVK-0: Shader Compiler Version : E031.50.19.18
05-15 08:35:50.989 22775 22795 I AdrenoVK-0: Local Branch            : 
05-15 08:35:50.989 22775 22795 I AdrenoVK-0: Remote Branch           : refs/tags/AU_LINUX_ANDROID_LA.VENDOR.16.2.0.11.00.00.1195.535
05-15 08:35:50.989 22775 22795 I AdrenoVK-0: Remote Branch           : NONE
05-15 08:35:50.989 22775 22795 I AdrenoVK-0: Reconstruct Branch      : NOTHING
05-15 08:35:50.989 22775 22795 I AdrenoVK-0: Build Config            : C P 20.0.0 AArch64
05-15 08:35:50.989 22775 22795 I AdrenoVK-0: Driver Path             : /vendor/lib64/hw/vulkan.adreno.so
05-15 08:35:50.989 22775 22795 I AdrenoVK-0: Driver Version          : 0842.19.8
05-15 08:35:50.989 22775 22795 I AdrenoVK-0: PFP                     : 0x01510594
05-15 08:35:50.989 22775 22795 I AdrenoVK-0: ME                      : 0x01510025
05-15 08:35:50.989 22775 22795 I AdrenoVK-0: Application Name    : android framework
05-15 08:35:50.989 22775 22795 I AdrenoVK-0: Process Name        : com.example.latent
05-15 08:35:50.989 22775 22795 I AdrenoVK-0: Application Version : 0x00000000
05-15 08:35:50.989 22775 22795 I AdrenoVK-0: Engine Name         : android framework
05-15 08:35:50.989 22775 22795 I AdrenoVK-0: Engine Version      : 0x00000000
05-15 08:35:50.989 22775 22795 I AdrenoVK-0: Api Version         : 0x00401000
05-15 08:35:50.993 22775 22775 D ViewRootImpl: desktopMode is false
05-15 08:35:50.994 22775 22775 I ViewRootImpl: dVRR is enabled
05-15 08:35:50.994 22775 22775 D HardwareRenderer: onDisplayChanged. displayId=0 current wxh=1080x2340 mLargest wxh=0x0
05-15 08:35:50.994 22775 22775 D HardwareRenderer: Set largestWidth and largestHeight as logical resolution. (1080x2340)
05-15 08:35:50.994 22775 22795 D HWUI    : setMaxSurfaceArea requested wxh=(1080,2340) requestedSurfaceArea(2527200) mMaxSurfaceArea(2073600)
05-15 08:35:50.994 22775 22795 D NativeCustomFrequencyManager: [NativeCFMS] BpCustomFrequencyManager::BpCustomFrequencyManager()
05-15 08:35:50.996 22775 22775 D InputTransport: Input channel constructed: '72f46bd', fd=118
05-15 08:35:50.997 22775 22775 I InsetsController: onStateChanged: host=com.example.latent/com.example.latent.MainActivity, from=android.view.ViewRootImpl.onInsetsStateChanged:3055, state=InsetsState: {mDisplayFrame=Rect(0, 0 - 1080, 2340), mDisplayCutout=DisplayCutout{insets=Rect(0, 104 - 0, 0) waterfall=Insets{left=0, top=0, right=0, bottom=0} boundingRect={Bounds=[Rect(0, 0 - 0, 0), Rect(510, 0 - 570, 104), Rect(0, 0 - 0, 0), Rect(0, 0 - 0, 0)]} cutoutPathParserInfo={CutoutPathParserInfo{displayWidth=1080 displayHeight=2340 physicalDisplayWidth=1080 physicalDisplayHeight=2340 density={2.8125} cutoutSpec={M 0,0 H -10.66666666666667 V 37.06666666666667 H 10.66666666666667 V 0 H 0 Z @dp} rotation={0} scale={1.0} physicalPixelDisplaySizeRatio={1.0}}} sideOverrides={}}, mRoundedCorners=RoundedCorners{[RoundedCorner{position=TopLeft, radius=74, center=Point(74, 74)}, RoundedCorner{position=TopRight, radius=74, center=Point(1006, 74)}, RoundedCorner{position=BottomRight, radius=74, center=Point(1006, 2266)}, RoundedCorner{position=BottomLeft, radius=74, center=Point(74, 2266)}]}  mRoundedCornerFrame=Rect(0, 0 - 1080, 2340), mPrivacyIndicatorBounds=PrivacyIndicatorBounds {static bounds=Rect(964, 0 - 1080, 105) rotation=0}, mDisplayShape=DisplayShape{ spec=-311912193 displayWidth=1080 displayHeight=2340 physicalPixelDisplaySizeRatio=0.75 rotation=0 offsetX=0 offsetY=0 scale=1.0}, mSources= { InsetsSource: {a0210000 mType=statusBars mFrame=[0,0][1080,105] mAttachedInsets=null mVisible=true mFlags= mSideHint=TOP mBoundingRects=null}, InsetsSource: {a0210005 mType=mandatorySystemGestures mFrame=[0,0][1080,136] mAttachedInsets=null mVisible=true mFlags= mSideHint=TOP mBoundingRects=null}, InsetsSource: {a0210006 mType=tappableElement mFrame=[0,0][1080,105] mAttachedInsets=null mVisible=true mFlags= mSideHint=TOP mBoundingRects=null}, InsetsSource: {3 mType=ime mFrame=[0,0][0,0] mAttachedInsets=null mVisible=false mFlags=INVALID mSideHint=NONE mBoundingRects=null}, InsetsSource: {27 mType=displayCutout mFrame=[0,0][1080,104] mAttachedInsets=null mVisible=true mFlags= mSideHint=TOP mBoundingRects=null}, InsetsSource: {49f20001 mType=navigationBars mFrame=[0,2301][1080,2340] mAttachedInsets=null mVisible=true mFlags=SUPPRESS_SCRIM mSideHint=BOTTOM mBoundingRects=null}, InsetsSource: {49f20004 mType=systemGestures mFrame=[0,0][78,2340] mAttachedInsets=null mVisible=true mFlags= mSideHint=LEFT mBoundingRects=null}, InsetsSource: {49f20005 mType=mandatorySystemGestures mFrame=[0,2256][1080,2340] mAttachedInsets=null mVisible=true mFlags= mSideHint=BOTTOM mBoundingRects=null}, InsetsSource: {49f20006 mType=tappableElement mFrame=[0,0][0,0] mAttachedInsets=null mVisible=true mFlags= mSideHint=NONE mBoundingRects=null}, InsetsSource: {49f20024 mType=systemGestures mFrame=[1002,0][1080,2340] mAttachedInsets=null mVisible=true mFlags= mSideHint=RIGHT mBoundingRects=null} }
05-15 08:35:50.997 22775 22775 I VRI[MainActivity]@26ed4f2: synced displayState. AttachInfo displayState=2
05-15 08:35:50.998 22775 22775 I VRI[MainActivity]@26ed4f2: setView = com.android.internal.policy.DecorView@bd0104a IsHRR=false mFlingFrameRateChange=0 TM=true
05-15 08:35:50.998 22775 22775 I IDS_TAG : Starting IDS observe window
05-15 08:35:50.998 22775 22775 I IDS_TAG : Getting Shared Preference for android.app.Application@5e9bbe7 uid = 10737
05-15 08:35:50.999 22775 22775 I IDS_TAG : App android.app.Application@5e9bbe7 has not finished training
05-15 08:35:50.999 22775 22775 I IDS_TAG : Closing IDS observe window
05-15 08:35:50.999 22775 22775 I IDS_TAG : Getting Shared Preference for android.app.Application@5e9bbe7 uid = 10737
05-15 08:35:50.999 22775 22775 I IDS_TAG : IDS count updated to 1 for android.app.Application@5e9bbe7
05-15 08:35:50.999 22775 22775 D WindowOnBackDispatcher: setTopOnBackInvokedCallback (unwrapped): android.app.Activity$$ExternalSyntheticLambda0@506e716
05-15 08:35:51.032 22775 22775 I .example.latent: hiddenapi: Accessing hidden method Landroid/os/SystemProperties;->addChangeCallback(Ljava/lang/Runnable;)V (runtime_flags=0, domain=platform, api=unsupported) from Landroidx/compose/ui/platform/AndroidComposeView$Companion; (domain=app, TargetSdkVersion=36) using reflection: allowed
05-15 08:35:51.034 22775 22775 E VibratorInfo: Invalid frequency profile received from HAL. resonantFrequencyHz=NaN, frequenciesHz=null, outputAccelerationsGs=null
05-15 08:35:51.060 22775 22775 I CameraManagerGlobal: Connecting to camera service
05-15 08:35:51.061 22775 22775 D VendorTagDescriptor: addVendorDescriptor: vendor tag id 15622750491770684145 added
05-15 08:35:51.062 22775 22775 D VendorTagDescriptor: addVendorDescriptor: vendor tag id 8932615658386372252 added
05-15 08:35:51.063 22775 22789 I CameraManagerGlobal: Camera 0 facing CAMERA_FACING_BACK state now CAMERA_STATE_CLOSED for client com.example.latent API Level 2 User Id 0Device Id 0
05-15 08:35:51.063 22775 22789 I CameraManagerGlobal: Camera 1 facing CAMERA_FACING_FRONT state now CAMERA_STATE_CLOSED for client com.instagram.moonshot API Level 2 User Id 0Device Id 0
05-15 08:35:51.063 22775 22789 I CameraManagerGlobal: Camera 2 facing CAMERA_FACING_BACK state now CAMERA_STATE_CLOSED for client com.microsoft.emmx API Level 2 User Id 0Device Id 0
05-15 08:35:51.063 22775 22789 I CameraManagerGlobal: Camera 20 facing CAMERA_FACING_BACK state now CAMERA_STATE_CLOSED for client com.sec.android.app.camera API Level 2 User Id 0Device Id 0
05-15 08:35:51.063 22775 22789 I CameraManagerGlobal: Camera 21 facing CAMERA_FACING_BACK state now CAMERA_STATE_CLOSED for client android.system API Level 2 User Id 0Device Id 0
05-15 08:35:51.063 22775 22789 I CameraManagerGlobal: Camera 23 facing CAMERA_FACING_BACK state now CAMERA_STATE_CLOSED for client com.sec.android.app.camera API Level 2 User Id 0Device Id 0
05-15 08:35:51.064 22775 22789 I CameraManagerGlobal: Camera 24 facing CAMERA_FACING_BACK state now CAMERA_STATE_CLOSED for client android.system API Level 2 User Id 0Device Id 0
05-15 08:35:51.064 22775 22789 I CameraManagerGlobal: Camera 3 facing CAMERA_FACING_FRONT state now CAMERA_STATE_CLOSED for client android.system API Level 2 User Id 0Device Id 0
05-15 08:35:51.064 22775 22789 I CameraManagerGlobal: Camera 4 facing CAMERA_FACING_FRONT state now CAMERA_STATE_CLOSED for client client.pid<2907> API Level 2 User Id 0Device Id 0
05-15 08:35:51.064 22775 22789 I CameraManagerGlobal: Camera 52 facing CAMERA_FACING_BACK state now CAMERA_STATE_CLOSED for client android.system API Level 2 User Id 0Device Id 0
05-15 08:35:51.064 22775 22789 I CameraManagerGlobal: Camera 54 facing CAMERA_FACING_BACK state now CAMERA_STATE_CLOSED for client android.system API Level 2 User Id 0Device Id 0
05-15 08:35:51.064 22775 22789 I CameraManagerGlobal: Camera 56 facing CAMERA_FACING_BACK state now CAMERA_STATE_CLOSED for client com.sec.android.app.camera API Level 2 User Id 0Device Id 0
05-15 08:35:51.064 22775 22789 I CameraManagerGlobal: Camera 58 facing CAMERA_FACING_BACK state now CAMERA_STATE_CLOSED for client android.system API Level 2 User Id 0Device Id 0
05-15 08:35:51.064 22775 22789 I CameraManagerGlobal: Camera 90 facing CAMERA_FACING_FRONT state now CAMERA_STATE_CLOSED for client android.system API Level 2 User Id 0Device Id 0
05-15 08:35:51.080 22775 22783 I .example.latent: Compiler allocated 5203KB to compile void android.view.ViewRootImpl.performTraversals()
05-15 08:35:51.089 22775 22775 D VRI[MainActivity]@26ed4f2: WindowInsets changed: 1080x2340 statusBars:[0,105,0,0] navigationBars:[0,0,0,39] mandatorySystemGestures:[0,136,0,84] 
05-15 08:35:51.093 22775 22775 I HWUI    : Using FreeType backend (prop=Auto)
05-15 08:35:51.102 22775 22775 E BufferQueueProducer: Unable to open libpenguin.so: dlopen failed: library "libpenguin.so" not found.
05-15 08:35:51.102 22775 22775 E .example.latent: Unable to open libpenguin.so: dlopen failed: library "libpenguin.so" not found.
05-15 08:35:51.102 22775 22775 I BufferQueueProducer: [](id:58f700000000,api:0,p:463624304,c:22775) setDequeueTimeout:2077252342
05-15 08:35:51.102 22775 22775 I BLASTBufferQueue_Java: new BLASTBufferQueue, mName= VRI[MainActivity]@26ed4f2 mNativeObject= 0xb4000072eba126c0 caller= android.view.ViewRootImpl.updateBlastSurfaceIfNeeded:3628 android.view.ViewRootImpl.relayoutWindow:11834 android.view.ViewRootImpl.performTraversals:4864 android.view.ViewRootImpl.doTraversal:3984 android.view.ViewRootImpl$TraversalRunnable.run:13055 android.view.Choreographer$CallbackRecord.run:1961 android.view.Choreographer$CallbackRecord.run:1970 android.view.Choreographer.doCallbacks:1423 android.view.Choreographer.doFrame:1348 android.view.Choreographer$FrameDisplayEventReceiver.run:1930 
05-15 08:35:51.102 22775 22775 I BLASTBufferQueue_Java: update, w= 1080 h= 2340 mName = VRI[MainActivity]@26ed4f2 mNativeObject= 0xb4000072eba126c0 sc.mNativeObject= 0xb4000071fba15010 format= -1 caller= android.view.ViewRootImpl.updateBlastSurfaceIfNeeded:3633 android.view.ViewRootImpl.relayoutWindow:11834 android.view.ViewRootImpl.performTraversals:4864 android.view.ViewRootImpl.doTraversal:3984 android.view.ViewRootImpl$TraversalRunnable.run:13055 android.view.Choreographer$CallbackRecord.run:1961 
05-15 08:35:51.102 22775 22775 I VRI[MainActivity]@26ed4f2: Relayout returned: old=(0,0,1080,2340) new=(0,0,1080,2340) relayoutAsync=false req=(1080,2340)0 dur=2 res=0x3 s={true 0xb40000719ba2fcd0} ch=true seqId=0
05-15 08:35:51.103 22775 22775 I VRI[MainActivity]@26ed4f2: performConfigurationChange setNightDimText nightDimLevel=0
05-15 08:35:51.103 22775 22775 D VRI[MainActivity]@26ed4f2: mThreadedRenderer.initialize() mSurface={isValid=true 0xb40000719ba2fcd0} hwInitialized=true
05-15 08:35:51.109 22775 22775 D VRI[MainActivity]@26ed4f2: reportNextDraw android.view.ViewRootImpl.performTraversals:5528 android.view.ViewRootImpl.doTraversal:3984 android.view.ViewRootImpl$TraversalRunnable.run:13055 android.view.Choreographer$CallbackRecord.run:1961 android.view.Choreographer$CallbackRecord.run:1970 
05-15 08:35:51.109 22775 22775 D VRI[MainActivity]@26ed4f2: Setup new sync=wmsSync-VRI[MainActivity]@26ed4f2#0
05-15 08:35:51.109 22775 22775 I VRI[MainActivity]@26ed4f2: Creating new active sync group VRI[MainActivity]@26ed4f2#1
05-15 08:35:51.109 22775 22775 D VRI[MainActivity]@26ed4f2: registerCallbacksForSync syncBuffer=false
05-15 08:35:51.111 22775 22775 I View    : setRequestedFrameRate frameRate=0.0, this=androidx.compose.ui.platform.AndroidComposeView{4b8ddd9 VFED..... ........ 0,0-1080,2340 aid=1073741824}, caller=android.view.ViewGroup.setRequestedFrameRate:10045 androidx.compose.ui.platform.Api35Impl.setRequestedFrameRate:3822 androidx.compose.ui.platform.AndroidComposeView.dispatchDraw:2114 android.view.View.draw:26750 android.view.View.updateDisplayListIfDirty:25577 
05-15 08:35:51.111 22775 22775 I View    : setRequestedFrameRate frameRate=-4.0, this=android.view.View{685f8a9 V.ED..... ......I. 0,0-0,0}, caller=androidx.compose.ui.platform.Api35Impl.setRequestedFrameRate:3822 androidx.compose.ui.platform.AndroidComposeView.dispatchDraw:2115 android.view.View.draw:26750 android.view.View.updateDisplayListIfDirty:25577 android.view.View.draw:26477 
05-15 08:35:51.111 22775 22775 I VRI[MainActivity]@26ed4f2: Requested frameRateCategory 6 by android.view.View{685f8a9 V.ED..... ........ 0,0-0,0}
05-15 08:35:51.112 22775 22799 D VRI[MainActivity]@26ed4f2: Received frameDrawingCallback syncResult=0 frameNum=1.
05-15 08:35:51.112 22775 22799 I VRI[MainActivity]@26ed4f2: mWNT: t=0xb40000726ba2f850 mBlastBufferQueue=0xb4000072eba126c0 fn= 1 HdrRenderState mRenderHdrSdrRatio=1.0 caller= android.view.ViewRootImpl$12.onFrameDraw:15582 android.view.ThreadedRenderer$1.onFrameDraw:751 <bottom of call stack> 
05-15 08:35:51.112 22775 22799 I VRI[MainActivity]@26ed4f2: Setting up sync and frameCommitCallback
05-15 08:35:51.112 22775 22795 I AdrenoUtils: <ReadGpuID:1333>: Reading chip ID through GSL
05-15 08:35:51.115 22775 22795 I AdrenoVK-0: Shader compilation failed for shaderType: 0
05-15 08:35:51.115 22775 22795 I AdrenoVK-0: Pipeline create failed
05-15 08:35:51.122 22775 22795 I AdrenoVK-0: Shader compilation failed for shaderType: 0
05-15 08:35:51.122 22775 22795 I AdrenoVK-0: Pipeline create failed
05-15 08:35:51.125 22775 22795 I AdrenoVK-0: Shader compilation failed for shaderType: 0
05-15 08:35:51.125 22775 22795 I AdrenoVK-0: Pipeline create failed
05-15 08:35:51.134 22775 22795 I AdrenoVK-0: Shader compilation failed for shaderType: 0
05-15 08:35:51.134 22775 22795 I AdrenoVK-0: Pipeline create failed
05-15 08:35:51.137 22775 22795 I AdrenoVK-0: Shader compilation failed for shaderType: 0
05-15 08:35:51.137 22775 22795 I AdrenoVK-0: Pipeline create failed
05-15 08:35:51.141 22775 22795 I AdrenoVK-0: Shader compilation failed for shaderType: 6
05-15 08:35:51.141 22775 22795 I AdrenoVK-0: Pipeline create failed
05-15 08:35:51.144 22775 22795 I BLASTBufferQueue: [VRI[MainActivity]@26ed4f2#0](f:0,a:0,s:0) onFrameAvailable the first frame is available
05-15 08:35:51.144 22775 22795 I SurfaceComposerClient: apply transaction with the first frame. layerId: 35497, bufferData(ID: 97817880166403, frameNumber: 1)
05-15 08:35:51.144 22775 22795 I VRI[MainActivity]@26ed4f2: Received frameCommittedCallback lastAttemptedDrawFrameNum=1 didProduceBuffer=true
05-15 08:35:51.145 22775 22795 D HWUI    : CFMS:: SetUp Pid : 22775    Tid : 22795
05-15 08:35:51.145 22775 22775 D VRI[MainActivity]@26ed4f2: reportDrawFinished seqId=0
05-15 08:35:51.145 22775 22775 D VRI[MainActivity]@26ed4f2: call clearFrameRate
05-15 08:35:51.145 22775 22775 I VRI[MainActivity]@26ed4f2: call setFrameRateCategory category=high, reason=boost, vri=VRI[MainActivity]@26ed4f2
05-15 08:35:51.145 22775 22795 D HWUI    : HWUI - treat SMPTE_170M as sRGB
05-15 08:35:51.158 22775 22775 I View    : setRequestedFrameRate frameRate=NaN, this=androidx.compose.ui.platform.AndroidComposeView{4b8ddd9 VFED..... ........ 0,0-1080,2340 aid=1073741824}, caller=android.view.ViewGroup.setRequestedFrameRate:10045 androidx.compose.ui.platform.Api35Impl.setRequestedFrameRate:3822 androidx.compose.ui.platform.AndroidComposeView.dispatchDraw:2114 android.view.View.draw:26750 android.view.View.updateDisplayListIfDirty:25577 
05-15 08:35:51.158 22775 22775 I View    : setRequestedFrameRate frameRate=NaN, this=android.view.View{685f8a9 V.ED..... ........ 0,0-0,0}, caller=androidx.compose.ui.platform.Api35Impl.setRequestedFrameRate:3822 androidx.compose.ui.platform.AndroidComposeView.dispatchDraw:2115 android.view.View.draw:26750 android.view.View.updateDisplayListIfDirty:25577 android.view.View.draw:26477 
05-15 08:35:51.159 22775 22775 I InsetsSourceConsumer: applyRequestedVisibilityToControl: visible=true, type=navigationBars, host=com.example.latent/com.example.latent.MainActivity
05-15 08:35:51.159 22775 22775 I InsetsSourceConsumer: applyRequestedVisibilityToControl: visible=true, type=statusBars, host=com.example.latent/com.example.latent.MainActivity
05-15 08:35:51.165 22775 22775 D VRI[MainActivity]@26ed4f2: mThreadedRenderer.initializeIfNeeded()#2 mSurface={isValid=true 0xb40000719ba2fcd0}
05-15 08:35:51.165 22775 22775 D InputMethodManagerUtils: startInputInner - Id : 0
05-15 08:35:51.165 22775 22775 I InputMethodManager: startInputInner - IInputMethodManagerGlobalInvoker.startInputOrWindowGainedFocus
05-15 08:35:51.173 22775 22775 I ImeFocusController: onPreWindowFocus: skipped hasWindowFocus=false mHasImeFocus=true
05-15 08:35:51.173 22775 22775 I ImeFocusController: onPostWindowFocus: skipped hasWindowFocus=false mHasImeFocus=true
05-15 08:35:51.177 22775 22814 D nativeloader: Load /data/app/~~AlG3pNGkh_DW3HPRzvx7zg==/com.example.latent-9H3OyrSizn948H-sCqyEEw==/base.apk!/lib/arm64-v8a/libspectralfilm_ndk.so using class loader ns clns-9 (caller=/data/app/~~AlG3pNGkh_DW3HPRzvx7zg==/com.example.latent-9H3OyrSizn948H-sCqyEEw==/base.apk!classes6.dex): ok
05-15 08:35:51.182 22775 22814 I FilmProcessor: Loaded authentic film stock: Kodak Portra 160
05-15 08:35:51.540 22775 22775 I View    : setRequestedFrameRate frameRate=NaN, this=androidx.compose.ui.platform.AndroidComposeView{4b8ddd9 VFED..... ......ID 0,0-1080,2340 aid=1073741824}, caller=android.view.ViewGroup.setRequestedFrameRate:10045 androidx.compose.ui.platform.Api35Impl.setRequestedFrameRate:3822 androidx.compose.ui.platform.AndroidComposeView.dispatchDraw:2114 android.view.View.draw:26750 android.view.View.updateDisplayListIfDirty:25577 
05-15 08:35:51.540 22775 22775 I View    : setRequestedFrameRate frameRate=NaN, this=android.view.View{685f8a9 V.ED..... ........ 0,0-0,0}, caller=androidx.compose.ui.platform.Api35Impl.setRequestedFrameRate:3822 androidx.compose.ui.platform.AndroidComposeView.dispatchDraw:2115 android.view.View.draw:26750 android.view.View.updateDisplayListIfDirty:25577 android.view.ViewGroup.recreateChildDisplayList:4881 
05-15 08:35:51.545 22775 22775 I View    : setRequestedFrameRate frameRate=NaN, this=androidx.compose.ui.platform.AndroidComposeView{4b8ddd9 VFED..... ........ 0,0-1080,2340 aid=1073741824}, caller=android.view.ViewGroup.setRequestedFrameRate:10045 androidx.compose.ui.platform.Api35Impl.setRequestedFrameRate:3822 androidx.compose.ui.platform.AndroidComposeView.dispatchDraw:2114 android.view.View.draw:26750 android.view.View.updateDisplayListIfDirty:25577 
05-15 08:35:51.545 22775 22775 I View    : setRequestedFrameRate frameRate=NaN, this=android.view.View{685f8a9 V.ED..... ........ 0,0-0,0}, caller=androidx.compose.ui.platform.Api35Impl.setRequestedFrameRate:3822 androidx.compose.ui.platform.AndroidComposeView.dispatchDraw:2115 android.view.View.draw:26750 android.view.View.updateDisplayListIfDirty:25577 android.view.ViewGroup.recreateChildDisplayList:4881 
05-15 08:35:52.108 22775 22775 I AdrenoGLES-0: QUALCOMM build                   : 87ff20b216, Ifbe74a3179
05-15 08:35:52.108 22775 22775 I AdrenoGLES-0: Build Date                       : 03/26/26
05-15 08:35:52.108 22775 22775 I AdrenoGLES-0: OpenGL ES Shader Compiler Version: E031.50.19.18
05-15 08:35:52.108 22775 22775 I AdrenoGLES-0: Local Branch                     : 
05-15 08:35:52.108 22775 22775 I AdrenoGLES-0: Remote Branch                    : refs/tags/AU_LINUX_ANDROID_LA.VENDOR.16.2.0.11.00.00.1195.535
05-15 08:35:52.108 22775 22775 I AdrenoGLES-0: Remote Branch                    : NONE
05-15 08:35:52.108 22775 22775 I AdrenoGLES-0: Reconstruct Branch               : NOTHING
05-15 08:35:52.108 22775 22775 I AdrenoGLES-0: Build Config                     : C P 20.0.0 AArch64
05-15 08:35:52.108 22775 22775 I AdrenoGLES-0: Driver Path                      : /vendor/lib64/egl/libGLESv2_adreno.so
05-15 08:35:52.108 22775 22775 I AdrenoGLES-0: Driver Version                   : 0842.19.8
05-15 08:35:52.108 22775 22775 I AdrenoGLES-0: Process Name                     : com.example.latent
05-15 08:35:52.110 22775 22775 I AdrenoGLES-0: PFP: 0x01510594, ME: 0x01510025
05-15 08:35:52.112 22775 22775 E Adreno-AppProfiles: QSPM AIDL service doesn't exist
05-15 08:35:52.137 22775 22807 I CameraManagerGlobal: Camera 0 facing CAMERA_FACING_BACK state now CAMERA_STATE_OPENING for client com.example.latent API Level 2 User Id 0Device Id 0
05-15 08:35:52.161 22775 22807 I CameraManagerGlobal: Camera 0 facing CAMERA_FACING_BACK state now CAMERA_STATE_OPEN for client com.example.latent API Level 2 User Id 0Device Id 0
05-15 08:35:52.163 22775 22775 I View    : setRequestedFrameRate frameRate=NaN, this=androidx.compose.ui.platform.AndroidComposeView{4b8ddd9 VFED..... ........ 0,0-1080,2340 aid=1073741824}, caller=android.view.ViewGroup.setRequestedFrameRate:10045 androidx.compose.ui.platform.Api35Impl.setRequestedFrameRate:3822 androidx.compose.ui.platform.AndroidComposeView.dispatchDraw:2114 android.view.View.draw:26750 android.view.View.updateDisplayListIfDirty:25577 
05-15 08:35:52.164 22775 22775 I View    : setRequestedFrameRate frameRate=NaN, this=android.view.View{685f8a9 V.ED..... ........ 0,0-0,0}, caller=androidx.compose.ui.platform.Api35Impl.setRequestedFrameRate:3822 androidx.compose.ui.platform.AndroidComposeView.dispatchDraw:2115 android.view.View.draw:26750 android.view.View.updateDisplayListIfDirty:25577 android.view.ViewGroup.recreateChildDisplayList:4881 
05-15 08:35:52.164 22775 22874 I Camera2Controller: RAW stream locked to physical camera: 5 (42mm)
05-15 08:35:52.170 22775 22775 I InsetsSourceConsumer: applyRequestedVisibilityToControl: visible=true, type=navigationBars, host=com.example.latent/com.example.latent.MainActivity
05-15 08:35:52.170 22775 22775 I InsetsSourceConsumer: applyRequestedVisibilityToControl: visible=true, type=statusBars, host=com.example.latent/com.example.latent.MainActivity
05-15 08:35:52.171 22775 22775 D VRI[MainActivity]@26ed4f2: mThreadedRenderer.initializeIfNeeded()#2 mSurface={isValid=true 0xb40000719ba2fcd0}
05-15 08:35:52.171 22775 22775 D InputMethodManagerUtils: startInputInner - Id : 0
05-15 08:35:52.171 22775 22775 I InputMethodManager: startInputInner - IInputMethodManagerGlobalInvoker.startInputOrWindowGainedFocus
05-15 08:35:52.173 22775 22775 I GLESPreviewRenderer: Uploaded 3D LUT to GPU (size 33)
05-15 08:35:52.173 22775 22775 D InsetsController: hide(ime())
05-15 08:35:52.174 22775 22775 I ImeTracker: com.example.latent:c78721a9: onCancelled at PHASE_CLIENT_ALREADY_HIDDEN
05-15 08:35:52.174 22775 22789 D InputTransport: Input channel constructed: 'ClientS', fd=169
05-15 08:35:52.530 22775 22807 I CameraManagerGlobal: Camera 0 facing CAMERA_FACING_BACK state now CAMERA_STATE_ACTIVE for client com.example.latent API Level 2 User Id 0Device Id 0
05-15 08:35:52.800 22775 22775 I .example.latent: EglImage dataspace changed, need recreate
05-15 08:35:52.804 22775 22775 I View    : setRequestedFrameRate frameRate=NaN, this=androidx.compose.ui.platform.AndroidComposeView{4b8ddd9 VFED..... ........ 0,0-1080,2340 aid=1073741824}, caller=android.view.ViewGroup.setRequestedFrameRate:10045 androidx.compose.ui.platform.Api35Impl.setRequestedFrameRate:3822 androidx.compose.ui.platform.AndroidComposeView.dispatchDraw:2114 android.view.View.draw:26750 android.view.View.updateDisplayListIfDirty:25577 
05-15 08:35:52.804 22775 22775 I View    : setRequestedFrameRate frameRate=NaN, this=android.view.View{685f8a9 V.ED..... ........ 0,0-0,0}, caller=androidx.compose.ui.platform.Api35Impl.setRequestedFrameRate:3822 androidx.compose.ui.platform.AndroidComposeView.dispatchDraw:2115 android.view.View.draw:26750 android.view.View.updateDisplayListIfDirty:25577 android.view.ViewGroup.recreateChildDisplayList:4881 
05-15 08:35:52.805 22775 22795 I AdrenoVK-0: Shader compilation failed for shaderType: 0
05-15 08:35:52.805 22775 22795 I AdrenoVK-0: Pipeline create failed
05-15 08:35:52.809 22775 22795 I AdrenoVK-0: Failed to link shaders.
05-15 08:35:52.809 22775 22795 I AdrenoVK-0: Pipeline create failed
05-15 08:35:52.865 22775 22775 I .example.latent: EglImage dataspace changed, need recreate
05-15 08:35:52.869 22775 22775 I View    : setRequestedFrameRate frameRate=NaN, this=androidx.compose.ui.platform.AndroidComposeView{4b8ddd9 VFED..... ........ 0,0-1080,2340 aid=1073741824}, caller=android.view.ViewGroup.setRequestedFrameRate:10045 androidx.compose.ui.platform.Api35Impl.setRequestedFrameRate:3822 androidx.compose.ui.platform.AndroidComposeView.dispatchDraw:2114 android.view.View.draw:26750 android.view.View.updateDisplayListIfDirty:25577 
05-15 08:35:52.869 22775 22775 I View    : setRequestedFrameRate frameRate=NaN, this=android.view.View{685f8a9 V.ED..... ........ 0,0-0,0}, caller=androidx.compose.ui.platform.Api35Impl.setRequestedFrameRate:3822 androidx.compose.ui.platform.AndroidComposeView.dispatchDraw:2115 android.view.View.draw:26750 android.view.View.updateDisplayListIfDirty:25577 android.view.ViewGroup.recreateChildDisplayList:4881 
05-15 08:35:52.897 22775 22775 I .example.latent: EglImage dataspace changed, need recreate
05-15 08:35:52.903 22775 22775 I View    : setRequestedFrameRate frameRate=NaN, this=androidx.compose.ui.platform.AndroidComposeView{4b8ddd9 VFED..... ........ 0,0-1080,2340 aid=1073741824}, caller=android.view.ViewGroup.setRequestedFrameRate:10045 androidx.compose.ui.platform.Api35Impl.setRequestedFrameRate:3822 androidx.compose.ui.platform.AndroidComposeView.dispatchDraw:2114 android.view.View.draw:26750 android.view.View.updateDisplayListIfDirty:25577 
05-15 08:35:52.904 22775 22775 I View    : setRequestedFrameRate frameRate=NaN, this=android.view.View{685f8a9 V.ED..... ........ 0,0-0,0}, caller=androidx.compose.ui.platform.Api35Impl.setRequestedFrameRate:3822 androidx.compose.ui.platform.AndroidComposeView.dispatchDraw:2115 android.view.View.draw:26750 android.view.View.updateDisplayListIfDirty:25577 android.view.ViewGroup.recreateChildDisplayList:4881 
05-15 08:35:52.928 22775 22775 I .example.latent: EglImage dataspace changed, need recreate
05-15 08:35:52.937 22775 22775 I View    : setRequestedFrameRate frameRate=NaN, this=androidx.compose.ui.platform.AndroidComposeView{4b8ddd9 VFED..... ........ 0,0-1080,2340 aid=1073741824}, caller=android.view.ViewGroup.setRequestedFrameRate:10045 androidx.compose.ui.platform.Api35Impl.setRequestedFrameRate:3822 androidx.compose.ui.platform.AndroidComposeView.dispatchDraw:2114 android.view.View.draw:26750 android.view.View.updateDisplayListIfDirty:25577 
05-15 08:35:52.937 22775 22775 I View    : setRequestedFrameRate frameRate=NaN, this=android.view.View{685f8a9 V.ED..... ........ 0,0-0,0}, caller=androidx.compose.ui.platform.Api35Impl.setRequestedFrameRate:3822 androidx.compose.ui.platform.AndroidComposeView.dispatchDraw:2115 android.view.View.draw:26750 android.view.View.updateDisplayListIfDirty:25577 android.view.ViewGroup.recreateChildDisplayList:4881 
05-15 08:35:52.959 22775 22775 I .example.latent: EglImage dataspace changed, need recreate
05-15 08:35:52.970 22775 22775 I View    : setRequestedFrameRate frameRate=NaN, this=androidx.compose.ui.platform.AndroidComposeView{4b8ddd9 VFED..... ........ 0,0-1080,2340 aid=1073741824}, caller=android.view.ViewGroup.setRequestedFrameRate:10045 androidx.compose.ui.platform.Api35Impl.setRequestedFrameRate:3822 androidx.compose.ui.platform.AndroidComposeView.dispatchDraw:2114 android.view.View.draw:26750 android.view.View.updateDisplayListIfDirty:25577 
05-15 08:35:52.970 22775 22775 I View    : setRequestedFrameRate frameRate=NaN, this=android.view.View{685f8a9 V.ED..... ........ 0,0-0,0}, caller=androidx.compose.ui.platform.Api35Impl.setRequestedFrameRate:3822 androidx.compose.ui.platform.AndroidComposeView.dispatchDraw:2115 android.view.View.draw:26750 android.view.View.updateDisplayListIfDirty:25577 android.view.ViewGroup.recreateChildDisplayList:4881 
05-15 08:35:52.998 22775 22775 I .example.latent: EglImage dataspace changed, need recreate
05-15 08:35:53.003 22775 22775 I View    : setRequestedFrameRate frameRate=NaN, this=androidx.compose.ui.platform.AndroidComposeView{4b8ddd9 VFED..... ........ 0,0-1080,2340 aid=1073741824}, caller=android.view.ViewGroup.setRequestedFrameRate:10045 androidx.compose.ui.platform.Api35Impl.setRequestedFrameRate:3822 androidx.compose.ui.platform.AndroidComposeView.dispatchDraw:2114 android.view.View.draw:26750 android.view.View.updateDisplayListIfDirty:25577 
05-15 08:35:53.003 22775 22775 I View    : setRequestedFrameRate frameRate=NaN, this=android.view.View{685f8a9 V.ED..... ........ 0,0-0,0}, caller=androidx.compose.ui.platform.Api35Impl.setRequestedFrameRate:3822 androidx.compose.ui.platform.AndroidComposeView.dispatchDraw:2115 android.view.View.draw:26750 android.view.View.updateDisplayListIfDirty:25577 android.view.ViewGroup.recreateChildDisplayList:4881 
05-15 08:35:53.030 22775 22775 I .example.latent: EglImage dataspace changed, need recreate
05-15 08:35:53.036 22775 22775 I View    : setRequestedFrameRate frameRate=NaN, this=androidx.compose.ui.platform.AndroidComposeView{4b8ddd9 VFED..... ........ 0,0-1080,2340 aid=1073741824}, caller=android.view.ViewGroup.setRequestedFrameRate:10045 androidx.compose.ui.platform.Api35Impl.setRequestedFrameRate:3822 androidx.compose.ui.platform.AndroidComposeView.dispatchDraw:2114 android.view.View.draw:26750 android.view.View.updateDisplayListIfDirty:25577 
05-15 08:35:53.036 22775 22775 I View    : setRequestedFrameRate frameRate=NaN, this=android.view.View{685f8a9 V.ED..... ........ 0,0-0,0}, caller=androidx.compose.ui.platform.Api35Impl.setRequestedFrameRate:3822 androidx.compose.ui.platform.AndroidComposeView.dispatchDraw:2115 android.view.View.draw:26750 android.view.View.updateDisplayListIfDirty:25577 android.view.ViewGroup.recreateChildDisplayList:4881 
05-15 08:35:53.070 22775 22775 I View    : setRequestedFrameRate frameRate=NaN, this=androidx.compose.ui.platform.AndroidComposeView{4b8ddd9 VFED..... ........ 0,0-1080,2340 aid=1073741824}, caller=android.view.ViewGroup.setRequestedFrameRate:10045 androidx.compose.ui.platform.Api35Impl.setRequestedFrameRate:3822 androidx.compose.ui.platform.AndroidComposeView.dispatchDraw:2114 android.view.View.draw:26750 android.view.View.updateDisplayListIfDirty:25577 
05-15 08:35:53.070 22775 22775 I View    : setRequestedFrameRate frameRate=NaN, this=android.view.View{685f8a9 V.ED..... ........ 0,0-0,0}, caller=androidx.compose.ui.platform.Api35Impl.setRequestedFrameRate:3822 androidx.compose.ui.platform.AndroidComposeView.dispatchDraw:2115 android.view.View.draw:26750 android.view.View.updateDisplayListIfDirty:25577 android.view.ViewGroup.recreateChildDisplayList:4881 
05-15 08:35:53.091 22775 22775 I VRI[MainActivity]@26ed4f2: handleResized, frames=ClientWindowFrames{frame=[0,0][1080,2340] display=[0,0][1080,2340] parentFrame=[0,0][0,0]} displayId=0 dragResizing=false compatScale=1.0 frameChanged=false attachedFrameChanged=false configChanged=false displayChanged=false compatScaleChanged=false dragResizingChanged=false
05-15 08:35:53.103 22775 22775 I View    : setRequestedFrameRate frameRate=NaN, this=androidx.compose.ui.platform.AndroidComposeView{4b8ddd9 VFED..... ........ 0,0-1080,2340 aid=1073741824}, caller=android.view.ViewGroup.setRequestedFrameRate:10045 androidx.compose.ui.platform.Api35Impl.setRequestedFrameRate:3822 androidx.compose.ui.platform.AndroidComposeView.dispatchDraw:2114 android.view.View.draw:26750 android.view.View.updateDisplayListIfDirty:25577 
05-15 08:35:53.103 22775 22775 I View    : setRequestedFrameRate frameRate=NaN, this=android.view.View{685f8a9 V.ED..... ........ 0,0-0,0}, caller=androidx.compose.ui.platform.Api35Impl.setRequestedFrameRate:3822 androidx.compose.ui.platform.AndroidComposeView.dispatchDraw:2115 android.view.View.draw:26750 android.view.View.updateDisplayListIfDirty:25577 android.view.ViewGroup.recreateChildDisplayList:4881 
05-15 08:35:53.137 22775 22775 I View    : setRequestedFrameRate frameRate=NaN, this=androidx.compose.ui.platform.AndroidComposeView{4b8ddd9 VFED..... ........ 0,0-1080,2340 aid=1073741824}, caller=android.view.ViewGroup.setRequestedFrameRate:10045 androidx.compose.ui.platform.Api35Impl.setRequestedFrameRate:3822 androidx.compose.ui.platform.AndroidComposeView.dispatchDraw:2114 android.view.View.draw:26750 android.view.View.updateDisplayListIfDirty:25577 
05-15 08:35:53.137 22775 22775 I View    : setRequestedFrameRate frameRate=NaN, this=android.view.View{685f8a9 V.ED..... ........ 0,0-0,0}, caller=androidx.compose.ui.platform.Api35Impl.setRequestedFrameRate:3822 androidx.compose.ui.platform.AndroidComposeView.dispatchDraw:2115 android.view.View.draw:26750 android.view.View.updateDisplayListIfDirty:25577 android.view.ViewGroup.recreateChildDisplayList:4881 
05-15 08:35:53.170 22775 22775 I View    : setRequestedFrameRate frameRate=NaN, this=androidx.compose.ui.platform.AndroidComposeView{4b8ddd9 VFED..... ........ 0,0-1080,2340 aid=1073741824}, caller=android.view.ViewGroup.setRequestedFrameRate:10045 androidx.compose.ui.platform.Api35Impl.setRequestedFrameRate:3822 androidx.compose.ui.platform.AndroidComposeView.dispatchDraw:2114 android.view.View.draw:26750 android.view.View.updateDisplayListIfDirty:25577 
05-15 08:35:53.171 22775 22775 I View    : setRequestedFrameRate frameRate=NaN, this=android.view.View{685f8a9 V.ED..... ........ 0,0-0,0}, caller=androidx.compose.ui.platform.Api35Impl.setRequestedFrameRate:3822 androidx.compose.ui.platform.AndroidComposeView.dispatchDraw:2115 android.view.View.draw:26750 android.view.View.updateDisplayListIfDirty:25577 android.view.ViewGroup.recreateChildDisplayList:4881 
05-15 08:35:53.204 22775 22775 I View    : setRequestedFrameRate frameRate=NaN, this=androidx.compose.ui.platform.AndroidComposeView{4b8ddd9 VFED..... ........ 0,0-1080,2340 aid=1073741824}, caller=android.view.ViewGroup.setRequestedFrameRate:10045 androidx.compose.ui.platform.Api35Impl.setRequestedFrameRate:3822 androidx.compose.ui.platform.AndroidComposeView.dispatchDraw:2114 android.view.View.draw:26750 android.view.View.updateDisplayListIfDirty:25577 
05-15 08:35:53.204 22775 22775 I View    : setRequestedFrameRate frameRate=NaN, this=android.view.View{685f8a9 V.ED..... ........ 0,0-0,0}, caller=androidx.compose.ui.platform.Api35Impl.setRequestedFrameRate:3822 androidx.compose.ui.platform.AndroidComposeView.dispatchDraw:2115 android.view.View.draw:26750 android.view.View.updateDisplayListIfDirty:25577 android.view.ViewGroup.recreateChildDisplayList:4881 
05-15 08:35:53.237 22775 22775 I View    : setRequestedFrameRate frameRate=NaN, this=androidx.compose.ui.platform.AndroidComposeView{4b8ddd9 VFED..... ........ 0,0-1080,2340 aid=1073741824}, caller=android.view.ViewGroup.setRequestedFrameRate:10045 androidx.compose.ui.platform.Api35Impl.setRequestedFrameRate:3822 androidx.compose.ui.platform.AndroidComposeView.dispatchDraw:2114 android.view.View.draw:26750 android.view.View.updateDisplayListIfDirty:25577 
05-15 08:35:53.237 22775 22775 I View    : setRequestedFrameRate frameRate=NaN, this=android.view.View{685f8a9 V.ED..... ........ 0,0-0,0}, caller=androidx.compose.ui.platform.Api35Impl.setRequestedFrameRate:3822 androidx.compose.ui.platform.AndroidComposeView.dispatchDraw:2115 android.view.View.draw:26750 android.view.View.updateDisplayListIfDirty:25577 android.view.ViewGroup.recreateChildDisplayList:4881 
05-15 08:35:53.270 22775 22775 I View    : setRequestedFrameRate frameRate=NaN, this=androidx.compose.ui.platform.AndroidComposeView{4b8ddd9 VFED..... ........ 0,0-1080,2340 aid=1073741824}, caller=android.view.ViewGroup.setRequestedFrameRate:10045 androidx.compose.ui.platform.Api35Impl.setRequestedFrameRate:3822 androidx.compose.ui.platform.AndroidComposeView.dispatchDraw:2114 android.view.View.draw:26750 android.view.View.updateDisplayListIfDirty:25577 
05-15 08:35:53.270 22775 22775 I View    : setRequestedFrameRate frameRate=NaN, this=android.view.View{685f8a9 V.ED..... ........ 0,0-0,0}, caller=androidx.compose.ui.platform.Api35Impl.setRequestedFrameRate:3822 androidx.compose.ui.platform.AndroidComposeView.dispatchDraw:2115 android.view.View.draw:26750 android.view.View.updateDisplayListIfDirty:25577 android.view.ViewGroup.recreateChildDisplayList:4881 
05-15 08:35:53.303 22775 22775 I View    : setRequestedFrameRate frameRate=NaN, this=androidx.compose.ui.platform.AndroidComposeView{4b8ddd9 VFED..... ........ 0,0-1080,2340 aid=1073741824}, caller=android.view.ViewGroup.setRequestedFrameRate:10045 androidx.compose.ui.platform.Api35Impl.setRequestedFrameRate:3822 androidx.compose.ui.platform.AndroidComposeView.dispatchDraw:2114 android.view.View.draw:26750 android.view.View.updateDisplayListIfDirty:25577 
05-15 08:35:53.303 22775 22775 I View    : setRequestedFrameRate frameRate=NaN, this=android.view.View{685f8a9 V.ED..... ........ 0,0-0,0}, caller=androidx.compose.ui.platform.Api35Impl.setRequestedFrameRate:3822 androidx.compose.ui.platform.AndroidComposeView.dispatchDraw:2115 android.view.View.draw:26750 android.view.View.updateDisplayListIfDirty:25577 android.view.ViewGroup.recreateChildDisplayList:4881 
05-15 08:35:53.337 22775 22775 I View    : setRequestedFrameRate frameRate=NaN, this=androidx.compose.ui.platform.AndroidComposeView{4b8ddd9 VFED..... ........ 0,0-1080,2340 aid=1073741824}, caller=android.view.ViewGroup.setRequestedFrameRate:10045 androidx.compose.ui.platform.Api35Impl.setRequestedFrameRate:3822 androidx.compose.ui.platform.AndroidComposeView.dispatchDraw:2114 android.view.View.draw:26750 android.view.View.updateDisplayListIfDirty:25577 
05-15 08:35:53.337 22775 22775 I View    : setRequestedFrameRate frameRate=NaN, this=android.view.View{685f8a9 V.ED..... ........ 0,0-0,0}, caller=androidx.compose.ui.platform.Api35Impl.setRequestedFrameRate:3822 androidx.compose.ui.platform.AndroidComposeView.dispatchDraw:2115 android.view.View.draw:26750 android.view.View.updateDisplayListIfDirty:25577 android.view.ViewGroup.recreateChildDisplayList:4881 
05-15 08:35:53.364 22775 22775 I .example.latent: EglImage dataspace changed, need recreate
05-15 08:35:53.370 22775 22775 I View    : setRequestedFrameRate frameRate=NaN, this=androidx.compose.ui.platform.AndroidComposeView{4b8ddd9 VFED..... ........ 0,0-1080,2340 aid=1073741824}, caller=android.view.ViewGroup.setRequestedFrameRate:10045 androidx.compose.ui.platform.Api35Impl.setRequestedFrameRate:3822 androidx.compose.ui.platform.AndroidComposeView.dispatchDraw:2114 android.view.View.draw:26750 android.view.View.updateDisplayListIfDirty:25577 
05-15 08:35:53.370 22775 22775 I View    : setRequestedFrameRate frameRate=NaN, this=android.view.View{685f8a9 V.ED..... ........ 0,0-0,0}, caller=androidx.compose.ui.platform.Api35Impl.setRequestedFrameRate:3822 androidx.compose.ui.platform.AndroidComposeView.dispatchDraw:2115 android.view.View.draw:26750 android.view.View.updateDisplayListIfDirty:25577 android.view.ViewGroup.recreateChildDisplayList:4881 
05-15 08:35:53.403 22775 22775 I View    : setRequestedFrameRate frameRate=NaN, this=androidx.compose.ui.platform.AndroidComposeView{4b8ddd9 VFED..... ........ 0,0-1080,2340 aid=1073741824}, caller=android.view.ViewGroup.setRequestedFrameRate:10045 androidx.compose.ui.platform.Api35Impl.setRequestedFrameRate:3822 androidx.compose.ui.platform.AndroidComposeView.dispatchDraw:2114 android.view.View.draw:26750 android.view.View.updateDisplayListIfDirty:25577 
05-15 08:35:53.403 22775 22775 I View    : setRequestedFrameRate frameRate=NaN, this=android.view.View{685f8a9 V.ED..... ........ 0,0-0,0}, caller=androidx.compose.ui.platform.Api35Impl.setRequestedFrameRate:3822 androidx.compose.ui.platform.AndroidComposeView.dispatchDraw:2115 android.view.View.draw:26750 android.view.View.updateDisplayListIfDirty:25577 android.view.ViewGroup.recreateChildDisplayList:4881 
05-15 08:35:53.437 22775 22775 I View    : setRequestedFrameRate frameRate=NaN, this=androidx.compose.ui.platform.AndroidComposeView{4b8ddd9 VFED..... ........ 0,0-1080,2340 aid=1073741824}, caller=android.view.ViewGroup.setRequestedFrameRate:10045 androidx.compose.ui.platform.Api35Impl.setRequestedFrameRate:3822 androidx.compose.ui.platform.AndroidComposeView.dispatchDraw:2114 android.view.View.draw:26750 android.view.View.updateDisplayListIfDirty:25577 
05-15 08:35:53.437 22775 22775 I View    : setRequestedFrameRate frameRate=NaN, this=android.view.View{685f8a9 V.ED..... ........ 0,0-0,0}, caller=androidx.compose.ui.platform.Api35Impl.setRequestedFrameRate:3822 androidx.compose.ui.platform.AndroidComposeView.dispatchDraw:2115 android.view.View.draw:26750 android.view.View.updateDisplayListIfDirty:25577 android.view.ViewGroup.recreateChildDisplayList:4881 
05-15 08:35:53.470 22775 22775 I View    : setRequestedFrameRate frameRate=NaN, this=androidx.compose.ui.platform.AndroidComposeView{4b8ddd9 VFED..... ........ 0,0-1080,2340 aid=1073741824}, caller=android.view.ViewGroup.setRequestedFrameRate:10045 androidx.compose.ui.platform.Api35Impl.setRequestedFrameRate:3822 androidx.compose.ui.platform.AndroidComposeView.dispatchDraw:2114 android.view.View.draw:26750 android.view.View.updateDisplayListIfDirty:25577 
05-15 08:35:53.470 22775 22775 I View    : setRequestedFrameRate frameRate=NaN, this=android.view.View{685f8a9 V.ED..... ........ 0,0-0,0}, caller=androidx.compose.ui.platform.Api35Impl.setRequestedFrameRate:3822 androidx.compose.ui.platform.AndroidComposeView.dispatchDraw:2115 android.view.View.draw:26750 android.view.View.updateDisplayListIfDirty:25577 android.view.ViewGroup.recreateChildDisplayList:4881 
05-15 08:35:53.503 22775 22775 I View    : setRequestedFrameRate frameRate=NaN, this=androidx.compose.ui.platform.AndroidComposeView{4b8ddd9 VFED..... ........ 0,0-1080,2340 aid=1073741824}, caller=android.view.ViewGroup.setRequestedFrameRate:10045 androidx.compose.ui.platform.Api35Impl.setRequestedFrameRate:3822 androidx.compose.ui.platform.AndroidComposeView.dispatchDraw:2114 android.view.View.draw:26750 android.view.View.updateDisplayListIfDirty:25577 
05-15 08:35:53.503 22775 22775 I View    : setRequestedFrameRate frameRate=NaN, this=android.view.View{685f8a9 V.ED..... ........ 0,0-0,0}, caller=androidx.compose.ui.platform.Api35Impl.setRequestedFrameRate:3822 androidx.compose.ui.platform.AndroidComposeView.dispatchDraw:2115 android.view.View.draw:26750 android.view.View.updateDisplayListIfDirty:25577 android.view.ViewGroup.recreateChildDisplayList:4881 
05-15 08:35:53.536 22775 22775 I View    : setRequestedFrameRate frameRate=NaN, this=androidx.compose.ui.platform.AndroidComposeView{4b8ddd9 VFED..... ........ 0,0-1080,2340 aid=1073741824}, caller=android.view.ViewGroup.setRequestedFrameRate:10045 androidx.compose.ui.platform.Api35Impl.setRequestedFrameRate:3822 androidx.compose.ui.platform.AndroidComposeView.dispatchDraw:2114 android.view.View.draw:26750 android.view.View.updateDisplayListIfDirty:25577 
05-15 08:35:53.537 22775 22775 I View    : setRequestedFrameRate frameRate=NaN, this=android.view.View{685f8a9 V.ED..... ........ 0,0-0,0}, caller=androidx.compose.ui.platform.Api35Impl.setRequestedFrameRate:3822 androidx.compose.ui.platform.AndroidComposeView.dispatchDraw:2115 android.view.View.draw:26750 android.view.View.updateDisplayListIfDirty:25577 android.view.ViewGroup.recreateChildDisplayList:4881 
05-15 08:35:53.570 22775 22775 I View    : setRequestedFrameRate frameRate=NaN, this=androidx.compose.ui.platform.AndroidComposeView{4b8ddd9 VFED..... ........ 0,0-1080,2340 aid=1073741824}, caller=android.view.ViewGroup.setRequestedFrameRate:10045 androidx.compose.ui.platform.Api35Impl.setRequestedFrameRate:3822 androidx.compose.ui.platform.AndroidComposeView.dispatchDraw:2114 android.view.View.draw:26750 android.view.View.updateDisplayListIfDirty:25577 
05-15 08:35:53.570 22775 22775 I View    : setRequestedFrameRate frameRate=NaN, this=android.view.View{685f8a9 V.ED..... ........ 0,0-0,0}, caller=androidx.compose.ui.platform.Api35Impl.setRequestedFrameRate:3822 androidx.compose.ui.platform.AndroidComposeView.dispatchDraw:2115 android.view.View.draw:26750 android.view.View.updateDisplayListIfDirty:25577 android.view.ViewGroup.recreateChildDisplayList:4881 
