05-15 07:48:12.895 27650 27650 I View    : setRequestedFrameRate frameRate=NaN, this=androidx.compose.ui.platform.AndroidComposeView{4b8ddd9 VFED..... ........ 0,0-1080,2340 aid=1073741824}, caller=android.view.ViewGroup.setRequestedFrameRate:10045 androidx.compose.ui.platform.Api35Impl.setRequestedFrameRate:3822 androidx.compose.ui.platform.AndroidComposeView.dispatchDraw:2114 android.view.View.draw:26750 android.view.View.updateDisplayListIfDirty:25577 
05-15 07:48:12.895 27650 27650 I View    : setRequestedFrameRate frameRate=NaN, this=android.view.View{556bdcf V.ED..... ........ 0,0-0,0}, caller=androidx.compose.ui.platform.Api35Impl.setRequestedFrameRate:3822 androidx.compose.ui.platform.AndroidComposeView.dispatchDraw:2115 android.view.View.draw:26750 android.view.View.updateDisplayListIfDirty:25577 android.view.ViewGroup.recreateChildDisplayList:4881 
05-15 07:48:12.928 27650 27650 I View    : setRequestedFrameRate frameRate=NaN, this=androidx.compose.ui.platform.AndroidComposeView{4b8ddd9 VFED..... ........ 0,0-1080,2340 aid=1073741824}, caller=android.view.ViewGroup.setRequestedFrameRate:10045 androidx.compose.ui.platform.Api35Impl.setRequestedFrameRate:3822 androidx.compose.ui.platform.AndroidComposeView.dispatchDraw:2114 android.view.View.draw:26750 android.view.View.updateDisplayListIfDirty:25577 
05-15 07:48:12.928 27650 27650 I View    : setRequestedFrameRate frameRate=NaN, this=android.view.View{556bdcf V.ED..... ........ 0,0-0,0}, caller=androidx.compose.ui.platform.Api35Impl.setRequestedFrameRate:3822 androidx.compose.ui.platform.AndroidComposeView.dispatchDraw:2115 android.view.View.draw:26750 android.view.View.updateDisplayListIfDirty:25577 android.view.ViewGroup.recreateChildDisplayList:4881 
05-15 07:48:12.961 27650 27650 I View    : setRequestedFrameRate frameRate=NaN, this=androidx.compose.ui.platform.AndroidComposeView{4b8ddd9 VFED..... ........ 0,0-1080,2340 aid=1073741824}, caller=android.view.ViewGroup.setRequestedFrameRate:10045 androidx.compose.ui.platform.Api35Impl.setRequestedFrameRate:3822 androidx.compose.ui.platform.AndroidComposeView.dispatchDraw:2114 android.view.View.draw:26750 android.view.View.updateDisplayListIfDirty:25577 
05-15 07:48:12.962 27650 27650 I View    : setRequestedFrameRate frameRate=NaN, this=android.view.View{556bdcf V.ED..... ........ 0,0-0,0}, caller=androidx.compose.ui.platform.Api35Impl.setRequestedFrameRate:3822 androidx.compose.ui.platform.AndroidComposeView.dispatchDraw:2115 android.view.View.draw:26750 android.view.View.updateDisplayListIfDirty:25577 android.view.ViewGroup.recreateChildDisplayList:4881 
05-15 07:48:12.995 27650 27650 I View    : setRequestedFrameRate frameRate=NaN, this=androidx.compose.ui.platform.AndroidComposeView{4b8ddd9 VFED..... ........ 0,0-1080,2340 aid=1073741824}, caller=android.view.ViewGroup.setRequestedFrameRate:10045 androidx.compose.ui.platform.Api35Impl.setRequestedFrameRate:3822 androidx.compose.ui.platform.AndroidComposeView.dispatchDraw:2114 android.view.View.draw:26750 android.view.View.updateDisplayListIfDirty:25577 
05-15 07:48:12.995 27650 27650 I View    : setRequestedFrameRate frameRate=NaN, this=android.view.View{556bdcf V.ED..... ........ 0,0-0,0}, caller=androidx.compose.ui.platform.Api35Impl.setRequestedFrameRate:3822 androidx.compose.ui.platform.AndroidComposeView.dispatchDraw:2115 android.view.View.draw:26750 android.view.View.updateDisplayListIfDirty:25577 android.view.ViewGroup.recreateChildDisplayList:4881 
05-15 07:48:13.028 27650 27650 I View    : setRequestedFrameRate frameRate=NaN, this=androidx.compose.ui.platform.AndroidComposeView{4b8ddd9 VFED..... ........ 0,0-1080,2340 aid=1073741824}, caller=android.view.ViewGroup.setRequestedFrameRate:10045 androidx.compose.ui.platform.Api35Impl.setRequestedFrameRate:3822 androidx.compose.ui.platform.AndroidComposeView.dispatchDraw:2114 android.view.View.draw:26750 android.view.View.updateDisplayListIfDirty:25577 
05-15 07:48:13.028 27650 27650 I View    : setRequestedFrameRate frameRate=NaN, this=android.view.View{556bdcf V.ED..... ........ 0,0-0,0}, caller=androidx.compose.ui.platform.Api35Impl.setRequestedFrameRate:3822 androidx.compose.ui.platform.AndroidComposeView.dispatchDraw:2115 android.view.View.draw:26750 android.view.View.updateDisplayListIfDirty:25577 android.view.ViewGroup.recreateChildDisplayList:4881 
05-15 07:48:13.061 27650 27650 I View    : setRequestedFrameRate frameRate=NaN, this=androidx.compose.ui.platform.AndroidComposeView{4b8ddd9 VFED..... ........ 0,0-1080,2340 aid=1073741824}, caller=android.view.ViewGroup.setRequestedFrameRate:10045 androidx.compose.ui.platform.Api35Impl.setRequestedFrameRate:3822 androidx.compose.ui.platform.AndroidComposeView.dispatchDraw:2114 android.view.View.draw:26750 android.view.View.updateDisplayListIfDirty:25577 
05-15 07:48:13.061 27650 27650 I View    : setRequestedFrameRate frameRate=NaN, this=android.view.View{556bdcf V.ED..... ........ 0,0-0,0}, caller=androidx.compose.ui.platform.Api35Impl.setRequestedFrameRate:3822 androidx.compose.ui.platform.AndroidComposeView.dispatchDraw:2115 android.view.View.draw:26750 android.view.View.updateDisplayListIfDirty:25577 android.view.ViewGroup.recreateChildDisplayList:4881 
05-15 07:48:13.095 27650 27650 I View    : setRequestedFrameRate frameRate=NaN, this=androidx.compose.ui.platform.AndroidComposeView{4b8ddd9 VFED..... ........ 0,0-1080,2340 aid=1073741824}, caller=android.view.ViewGroup.setRequestedFrameRate:10045 androidx.compose.ui.platform.Api35Impl.setRequestedFrameRate:3822 androidx.compose.ui.platform.AndroidComposeView.dispatchDraw:2114 android.view.View.draw:26750 android.view.View.updateDisplayListIfDirty:25577 
05-15 07:48:13.095 27650 27650 I View    : setRequestedFrameRate frameRate=NaN, this=android.view.View{556bdcf V.ED..... ........ 0,0-0,0}, caller=androidx.compose.ui.platform.Api35Impl.setRequestedFrameRate:3822 androidx.compose.ui.platform.AndroidComposeView.dispatchDraw:2115 android.view.View.draw:26750 android.view.View.updateDisplayListIfDirty:25577 android.view.ViewGroup.recreateChildDisplayList:4881 
05-15 07:48:13.128 27650 27650 I View    : setRequestedFrameRate frameRate=NaN, this=androidx.compose.ui.platform.AndroidComposeView{4b8ddd9 VFED..... ........ 0,0-1080,2340 aid=1073741824}, caller=android.view.ViewGroup.setRequestedFrameRate:10045 androidx.compose.ui.platform.Api35Impl.setRequestedFrameRate:3822 androidx.compose.ui.platform.AndroidComposeView.dispatchDraw:2114 android.view.View.draw:26750 android.view.View.updateDisplayListIfDirty:25577 
05-15 07:48:13.128 27650 27650 I View    : setRequestedFrameRate frameRate=NaN, this=android.view.View{556bdcf V.ED..... ........ 0,0-0,0}, caller=androidx.compose.ui.platform.Api35Impl.setRequestedFrameRate:3822 androidx.compose.ui.platform.AndroidComposeView.dispatchDraw:2115 android.view.View.draw:26750 android.view.View.updateDisplayListIfDirty:25577 android.view.ViewGroup.recreateChildDisplayList:4881 
05-15 07:48:13.162 27650 27650 I View    : setRequestedFrameRate frameRate=NaN, this=androidx.compose.ui.platform.AndroidComposeView{4b8ddd9 VFED..... ........ 0,0-1080,2340 aid=1073741824}, caller=android.view.ViewGroup.setRequestedFrameRate:10045 androidx.compose.ui.platform.Api35Impl.setRequestedFrameRate:3822 androidx.compose.ui.platform.AndroidComposeView.dispatchDraw:2114 android.view.View.draw:26750 android.view.View.updateDisplayListIfDirty:25577 
05-15 07:48:13.162 27650 27650 I View    : setRequestedFrameRate frameRate=NaN, this=android.view.View{556bdcf V.ED..... ........ 0,0-0,0}, caller=androidx.compose.ui.platform.Api35Impl.setRequestedFrameRate:3822 androidx.compose.ui.platform.AndroidComposeView.dispatchDraw:2115 android.view.View.draw:26750 android.view.View.updateDisplayListIfDirty:25577 android.view.ViewGroup.recreateChildDisplayList:4881 
05-15 07:48:13.195 27650 27650 I View    : setRequestedFrameRate frameRate=NaN, this=androidx.compose.ui.platform.AndroidComposeView{4b8ddd9 VFED..... ........ 0,0-1080,2340 aid=1073741824}, caller=android.view.ViewGroup.setRequestedFrameRate:10045 androidx.compose.ui.platform.Api35Impl.setRequestedFrameRate:3822 androidx.compose.ui.platform.AndroidComposeView.dispatchDraw:2114 android.view.View.draw:26750 android.view.View.updateDisplayListIfDirty:25577 
05-15 07:48:13.195 27650 27650 I View    : setRequestedFrameRate frameRate=NaN, this=android.view.View{556bdcf V.ED..... ........ 0,0-0,0}, caller=androidx.compose.ui.platform.Api35Impl.setRequestedFrameRate:3822 androidx.compose.ui.platform.AndroidComposeView.dispatchDraw:2115 android.view.View.draw:26750 android.view.View.updateDisplayListIfDirty:25577 android.view.ViewGroup.recreateChildDisplayList:4881 
05-15 07:48:13.228 27650 27650 I View    : setRequestedFrameRate frameRate=NaN, this=androidx.compose.ui.platform.AndroidComposeView{4b8ddd9 VFED..... ........ 0,0-1080,2340 aid=1073741824}, caller=android.view.ViewGroup.setRequestedFrameRate:10045 androidx.compose.ui.platform.Api35Impl.setRequestedFrameRate:3822 androidx.compose.ui.platform.AndroidComposeView.dispatchDraw:2114 android.view.View.draw:26750 android.view.View.updateDisplayListIfDirty:25577 
05-15 07:48:13.228 27650 27650 I View    : setRequestedFrameRate frameRate=NaN, this=android.view.View{556bdcf V.ED..... ........ 0,0-0,0}, caller=androidx.compose.ui.platform.Api35Impl.setRequestedFrameRate:3822 androidx.compose.ui.platform.AndroidComposeView.dispatchDraw:2115 android.view.View.draw:26750 android.view.View.updateDisplayListIfDirty:25577 android.view.ViewGroup.recreateChildDisplayList:4881 
05-15 07:48:13.261 27650 27650 I View    : setRequestedFrameRate frameRate=NaN, this=androidx.compose.ui.platform.AndroidComposeView{4b8ddd9 VFED..... ........ 0,0-1080,2340 aid=1073741824}, caller=android.view.ViewGroup.setRequestedFrameRate:10045 androidx.compose.ui.platform.Api35Impl.setRequestedFrameRate:3822 androidx.compose.ui.platform.AndroidComposeView.dispatchDraw:2114 android.view.View.draw:26750 android.view.View.updateDisplayListIfDirty:25577 
05-15 07:48:13.261 27650 27650 I View    : setRequestedFrameRate frameRate=NaN, this=android.view.View{556bdcf V.ED..... ........ 0,0-0,0}, caller=androidx.compose.ui.platform.Api35Impl.setRequestedFrameRate:3822 androidx.compose.ui.platform.AndroidComposeView.dispatchDraw:2115 android.view.View.draw:26750 android.view.View.updateDisplayListIfDirty:25577 android.view.ViewGroup.recreateChildDisplayList:4881 
05-15 07:48:13.279 27650 27650 I Dialog  : mIsDeviceDefault = false, mIsSamsungBasicInteraction = false, isMetaDataInActivity = false
05-15 07:48:13.280 27650 27650 I DecorView: setWindowBackground: isPopOver=false color=0 d=android.graphics.drawable.ColorDrawable@7f4c257
05-15 07:48:13.284 27650 27650 I WindowManager: WindowManagerGlobal#addView, ty=2, view=com.android.internal.policy.DecorView{d10f999 V.E...... R.....I. 0,0-0,0}[MainActivity], caller=android.view.WindowManagerImpl.addView:167 android.app.Dialog.show:544 androidx.compose.ui.window.AndroidDialog_androidKt$Dialog$1$1.invoke:220 
05-15 07:48:13.285 27650 27650 D ViewRootImpl: desktopMode is false
05-15 07:48:13.285 27650 27650 I ViewRootImpl: dVRR is enabled
05-15 07:48:13.285 27650 27669 D NativeCustomFrequencyManager: [NativeCFMS] BpCustomFrequencyManager::BpCustomFrequencyManager()
05-15 07:48:13.287 27650 27650 D InputTransport: Input channel constructed: '8e7b903', fd=205
05-15 07:48:13.287 27650 27650 I InsetsController: onStateChanged: host=com.example.latent/com.example.latent.MainActivity, from=android.view.ViewRootImpl.onInsetsStateChanged:3055, state=InsetsState: {mDisplayFrame=Rect(0, 0 - 1080, 2340), mDisplayCutout=DisplayCutout{insets=Rect(0, 104 - 0, 0) waterfall=Insets{left=0, top=0, right=0, bottom=0} boundingRect={Bounds=[Rect(0, 0 - 0, 0), Rect(510, 0 - 570, 104), Rect(0, 0 - 0, 0), Rect(0, 0 - 0, 0)]} cutoutPathParserInfo={CutoutPathParserInfo{displayWidth=1080 displayHeight=2340 physicalDisplayWidth=1080 physicalDisplayHeight=2340 density={2.8125} cutoutSpec={M 0,0 H -10.66666666666667 V 37.06666666666667 H 10.66666666666667 V 0 H 0 Z @dp} rotation={0} scale={1.0} physicalPixelDisplaySizeRatio={1.0}}} sideOverrides={}}, mRoundedCorners=RoundedCorners{[RoundedCorner{position=TopLeft, radius=74, center=Point(74, 74)}, RoundedCorner{position=TopRight, radius=74, center=Point(1006, 74)}, RoundedCorner{position=BottomRight, radius=74, center=Point(1006, 2266)}, RoundedCorner{position=BottomLeft, radius=74, center=Point(74, 2266)}]}  mRoundedCornerFrame=Rect(0, 0 - 1080, 2340), mPrivacyIndicatorBounds=PrivacyIndicatorBounds {static bounds=Rect(964, 0 - 1080, 105) rotation=0}, mDisplayShape=DisplayShape{ spec=-311912193 displayWidth=1080 displayHeight=2340 physicalPixelDisplaySizeRatio=0.75 rotation=0 offsetX=0 offsetY=0 scale=1.0}, mSources= { InsetsSource: {a0210000 mType=statusBars mFrame=[0,0][1080,105] mAttachedInsets=null mVisible=true mFlags= mSideHint=TOP mBoundingRects=null}, InsetsSource: {a0210005 mType=mandatorySystemGestures mFrame=[0,0][1080,136] mAttachedInsets=null mVisible=true mFlags= mSideHint=TOP mBoundingRects=null}, InsetsSource: {a0210006 mType=tappableElement mFrame=[0,0][1080,105] mAttachedInsets=null mVisible=true mFlags= mSideHint=TOP mBoundingRects=null}, InsetsSource: {3 mType=ime mFrame=[0,0][0,0] mAttachedInsets=null mVisible=false mFlags=INVALID mSideHint=NONE mBoundingRects=null}, InsetsSource: {27 mType=displayCutout mFrame=[0,0][1080,104] mAttachedInsets=null mVisible=true mFlags= mSideHint=TOP mBoundingRects=null}, InsetsSource: {49f20001 mType=navigationBars mFrame=[0,2301][1080,2340] mAttachedInsets=null mVisible=true mFlags=SUPPRESS_SCRIM mSideHint=BOTTOM mBoundingRects=null}, InsetsSource: {49f20004 mType=systemGestures mFrame=[0,0][78,2340] mAttachedInsets=null mVisible=true mFlags= mSideHint=LEFT mBoundingRects=null}, InsetsSource: {49f20005 mType=mandatorySystemGestures mFrame=[0,2256][1080,2340] mAttachedInsets=null mVisible=true mFlags= mSideHint=BOTTOM mBoundingRects=null}, InsetsSource: {49f20006 mType=tappableElement mFrame=[0,0][0,0] mAttachedInsets=null mVisible=true mFlags= mSideHint=NONE mBoundingRects=null}, InsetsSource: {49f20024 mType=systemGestures mFrame=[1002,0][1080,2340] mAttachedInsets=null mVisible=true mFlags= mSideHint=RIGHT mBoundingRects=null} }
05-15 07:48:13.287 27650 27650 I VRI[MainActivity]@19d145e: synced displayState. AttachInfo displayState=2
05-15 07:48:13.288 27650 27650 I VRI[MainActivity]@19d145e: setView = com.android.internal.policy.DecorView@d10f999 IsHRR=false mFlingFrameRateChange=0 TM=true
05-15 07:48:13.288 27650 27650 D WindowOnBackDispatcher: setTopOnBackInvokedCallback (unwrapped): android.app.Dialog$$ExternalSyntheticLambda4@d22186a
05-15 07:48:13.288 27650 27650 D WindowOnBackDispatcher: setTopOnBackInvokedCallback (unwrapped): androidx.navigationevent.OnBackInvokedInput$createOnBackAnimationCallback$1@6f0e15b
05-15 07:48:13.303 27650 27650 I BufferQueueProducer: [](id:6c0200000004,api:0,p:463746896,c:27650) setDequeueTimeout:2077252342
05-15 07:48:13.303 27650 27650 I BLASTBufferQueue_Java: new BLASTBufferQueue, mName= VRI[MainActivity]@19d145e mNativeObject= 0xb4000072eba0de80 caller= android.view.ViewRootImpl.updateBlastSurfaceIfNeeded:3628 android.view.ViewRootImpl.relayoutWindow:11834 android.view.ViewRootImpl.performTraversals:4864 android.view.ViewRootImpl.doTraversal:3984 android.view.ViewRootImpl$TraversalRunnable.run:13055 android.view.Choreographer$CallbackRecord.run:1961 android.view.Choreographer$CallbackRecord.run:1970 android.view.Choreographer.doCallbacks:1423 android.view.Choreographer.doFrame:1348 android.view.Choreographer$FrameDisplayEventReceiver.run:1930 
05-15 07:48:13.303 27650 27650 I BLASTBufferQueue_Java: update, w= 1092 h= 1052 mName = VRI[MainActivity]@19d145e mNativeObject= 0xb4000072eba0de80 sc.mNativeObject= 0xb4000071fba25750 format= -2 caller= android.view.ViewRootImpl.updateBlastSurfaceIfNeeded:3633 android.view.ViewRootImpl.relayoutWindow:11834 android.view.ViewRootImpl.performTraversals:4864 android.view.ViewRootImpl.doTraversal:3984 android.view.ViewRootImpl$TraversalRunnable.run:13055 android.view.Choreographer$CallbackRecord.run:1961 
05-15 07:48:13.304 27650 27650 I VRI[MainActivity]@19d145e: Relayout returned: old=(0,105,1080,2301) new=(120,803,960,1603) relayoutAsync=false req=(840,800)0 dur=1 res=0x3 s={true 0xb40000719ba6af20} ch=true seqId=0
05-15 07:48:13.304 27650 27650 I VRI[MainActivity]@19d145e: performConfigurationChange setNightDimText nightDimLevel=0
05-15 07:48:13.304 27650 27650 D VRI[MainActivity]@19d145e: mThreadedRenderer.initialize() mSurface={isValid=true 0xb40000719ba6af20} hwInitialized=true
05-15 07:48:13.308 27650 27650 D VRI[MainActivity]@19d145e: reportNextDraw android.view.ViewRootImpl.performTraversals:5528 android.view.ViewRootImpl.doTraversal:3984 android.view.ViewRootImpl$TraversalRunnable.run:13055 android.view.Choreographer$CallbackRecord.run:1961 android.view.Choreographer$CallbackRecord.run:1970 
05-15 07:48:13.308 27650 27650 D VRI[MainActivity]@19d145e: Setup new sync=wmsSync-VRI[MainActivity]@19d145e#2
05-15 07:48:13.308 27650 27650 I VRI[MainActivity]@19d145e: Creating new active sync group VRI[MainActivity]@19d145e#3
05-15 07:48:13.308 27650 27650 D VRI[MainActivity]@19d145e: registerCallbacksForSync syncBuffer=false
05-15 07:48:13.309 27650 27650 I View    : setRequestedFrameRate frameRate=0.0, this=androidx.compose.ui.platform.AndroidComposeView{9bddf8 VFED..... ........ 0,0-840,800 aid=1073741825}, caller=android.view.ViewGroup.setRequestedFrameRate:10045 androidx.compose.ui.platform.Api35Impl.setRequestedFrameRate:3822 androidx.compose.ui.platform.AndroidComposeView.dispatchDraw:2114 android.view.View.draw:26750 android.view.View.updateDisplayListIfDirty:25577 
05-15 07:48:13.309 27650 27650 I View    : setRequestedFrameRate frameRate=-4.0, this=android.view.View{33d5692 V.ED..... ......I. 0,0-0,0}, caller=androidx.compose.ui.platform.Api35Impl.setRequestedFrameRate:3822 androidx.compose.ui.platform.AndroidComposeView.dispatchDraw:2115 android.view.View.draw:26750 android.view.View.updateDisplayListIfDirty:25577 android.view.View.draw:26477 
05-15 07:48:13.309 27650 27650 I VRI[MainActivity]@19d145e: Requested frameRateCategory 6 by android.view.View{33d5692 V.ED..... ........ 0,0-0,0}
05-15 07:48:13.309 27650 27673 D VRI[MainActivity]@19d145e: Received frameDrawingCallback syncResult=0 frameNum=1.
05-15 07:48:13.309 27650 27673 I VRI[MainActivity]@19d145e: mWNT: t=0xb40000726ba38ea0 mBlastBufferQueue=0xb4000072eba0de80 fn= 1 HdrRenderState mRenderHdrSdrRatio=1.0 caller= android.view.ViewRootImpl$12.onFrameDraw:15582 android.view.ThreadedRenderer$1.onFrameDraw:751 <bottom of call stack> 
05-15 07:48:13.309 27650 27673 I VRI[MainActivity]@19d145e: Setting up sync and frameCommitCallback
05-15 07:48:13.311 27650 27669 I AdrenoVK-0: Shader compilation failed for shaderType: 6
05-15 07:48:13.311 27650 27669 I AdrenoVK-0: Pipeline create failed
05-15 07:48:13.317 27650 27669 I BLASTBufferQueue: [VRI[MainActivity]@19d145e#1](f:0,a:0,s:0) onFrameAvailable the first frame is available
05-15 07:48:13.317 27650 27669 I SurfaceComposerClient: apply transaction with the first frame. layerId: 34384, bufferData(ID: 118755845734417, frameNumber: 1)
05-15 07:48:13.317 27650 27669 I VRI[MainActivity]@19d145e: Received frameCommittedCallback lastAttemptedDrawFrameNum=1 didProduceBuffer=true
05-15 07:48:13.317 27650 27669 D HWUI    : CFMS:: SetUp Pid : 27650    Tid : 27669
05-15 07:48:13.317 27650 27650 D VRI[MainActivity]@19d145e: reportDrawFinished seqId=0
05-15 07:48:13.317 27650 27650 D VRI[MainActivity]@19d145e: call clearFrameRate
05-15 07:48:13.317 27650 27650 I VRI[MainActivity]@19d145e: call setFrameRateCategory category=high, reason=boost, vri=VRI[MainActivity]@19d145e
05-15 07:48:13.319 27650 27669 D HWUI    : HWUI - treat SMPTE_170M as sRGB
05-15 07:48:13.322 27650 27650 I BLASTBufferQueue_Java: update, w= 1092 h= 1052 mName = VRI[MainActivity]@19d145e mNativeObject= 0xb4000072eba0de80 sc.mNativeObject= 0xb4000071fba25750 format= -2 caller= android.view.ViewRootImpl.updateBlastSurfaceIfNeeded:3617 android.view.ViewRootImpl.relayoutWindow:11834 android.view.ViewRootImpl.performTraversals:4864 android.view.ViewRootImpl.doTraversal:3984 android.view.ViewRootImpl$TraversalRunnable.run:13055 android.view.Choreographer$CallbackRecord.run:1961 
05-15 07:48:13.322 27650 27650 I VRI[MainActivity]@19d145e: Relayout returned: old=(120,803,960,1603) new=(120,803,960,1603) relayoutAsync=true req=(840,800)0 dur=0 res=0x0 s={true 0xb40000719ba6af20} ch=false seqId=0
05-15 07:48:13.323 27650 27650 I VRI[MainActivity]@19d145e: registerCallbackForPendingTransactions
05-15 07:48:13.323 27650 27650 I View    : setRequestedFrameRate frameRate=NaN, this=androidx.compose.ui.platform.AndroidComposeView{9bddf8 VFED..... ........ 0,0-840,800 aid=1073741825}, caller=android.view.ViewGroup.setRequestedFrameRate:10045 androidx.compose.ui.platform.Api35Impl.setRequestedFrameRate:3822 androidx.compose.ui.platform.AndroidComposeView.dispatchDraw:2114 android.view.View.draw:26750 android.view.View.updateDisplayListIfDirty:25577 
05-15 07:48:13.323 27650 27650 I View    : setRequestedFrameRate frameRate=NaN, this=android.view.View{33d5692 V.ED..... ........ 0,0-0,0}, caller=androidx.compose.ui.platform.Api35Impl.setRequestedFrameRate:3822 androidx.compose.ui.platform.AndroidComposeView.dispatchDraw:2115 android.view.View.draw:26750 android.view.View.updateDisplayListIfDirty:25577 android.view.View.draw:26477 
05-15 07:48:13.323 27650 27674 I VRI[MainActivity]@19d145e: mWNT: t=0xb40000726ba336c0 mBlastBufferQueue=0xb4000072eba0de80 fn= 2 HdrRenderState mRenderHdrSdrRatio=1.0 caller= android.view.ViewRootImpl$10.onFrameDraw:6636 android.view.ViewRootImpl$4.onFrameDraw:2502 android.view.ThreadedRenderer$1.onFrameDraw:751 
05-15 07:48:13.323 27650 27650 I InsetsSourceConsumer: applyRequestedVisibilityToControl: visible=true, type=navigationBars, host=com.example.latent/com.example.latent.MainActivity
05-15 07:48:13.323 27650 27650 I VRI[MainActivity]@26ed4f2: handleResized, frames=ClientWindowFrames{frame=[0,0][1080,2340] display=[0,0][1080,2340] parentFrame=[0,0][0,0]} displayId=0 dragResizing=false compatScale=1.0 frameChanged=false attachedFrameChanged=false configChanged=false displayChanged=false compatScaleChanged=false dragResizingChanged=false
05-15 07:48:13.323 27650 27650 I VRI[MainActivity]@19d145e: handleResized, frames=ClientWindowFrames{frame=[120,803][960,1603] display=[0,105][1080,2301] parentFrame=[0,0][0,0]} displayId=0 dragResizing=false compatScale=1.0 frameChanged=false attachedFrameChanged=false configChanged=false displayChanged=false compatScaleChanged=false dragResizingChanged=false
05-15 07:48:13.323 27650 27650 I VRI[MainActivity]@19d145e: handleResized mSyncSeqId = 0
05-15 07:48:13.323 27650 27650 D VRI[MainActivity]@19d145e: reportNextDraw android.view.ViewRootImpl.handleResized:3012 android.view.ViewRootImpl.-$$Nest$mhandleResized:0 android.view.ViewRootImpl$W.resized:14221 android.app.servertransaction.WindowStateResizeItem.execute:81 android.app.servertransaction.WindowStateTransactionItem.execute:62 
05-15 07:48:13.326 27650 27650 D VRI[MainActivity]@19d145e: Setup new sync=wmsSync-VRI[MainActivity]@19d145e#4
05-15 07:48:13.326 27650 27650 I VRI[MainActivity]@19d145e: Creating new active sync group VRI[MainActivity]@19d145e#5
05-15 07:48:13.326 27650 27650 D VRI[MainActivity]@19d145e: registerCallbacksForSync syncBuffer=false
05-15 07:48:13.327 27650 27673 D VRI[MainActivity]@19d145e: Received frameDrawingCallback syncResult=0 frameNum=3.
05-15 07:48:13.327 27650 27673 I VRI[MainActivity]@19d145e: Setting up sync and frameCommitCallback
05-15 07:48:13.327 27650 27669 I VRI[MainActivity]@19d145e: Received frameCommittedCallback lastAttemptedDrawFrameNum=3 didProduceBuffer=false
05-15 07:48:13.327 27650 27669 I BLASTBufferQueue_Java: gatherPendingTransactions, mName= VRI[MainActivity]@19d145e mNativeObject= 0xb4000072eba0de80 frameNumber= 3 caller= android.view.ViewRootImpl$12.lambda$onFrameDraw$3:15666 android.view.ViewRootImpl$12.$r8$lambda$CTo3ExVBk8akdVTGlqHPAoYLRVI:0 android.view.ViewRootImpl$12$$ExternalSyntheticLambda1.onFrameCommit:0 android.view.ThreadedRenderer$1.lambda$onFrameDraw$0:763 android.view.ThreadedRenderer$1$$ExternalSyntheticLambda0.onFrameCommit:0 <bottom of call stack> 
05-15 07:48:13.327 27650 27650 D VRI[MainActivity]@19d145e: reportDrawFinished seqId=0
05-15 07:48:13.327 27650 27650 I View    : setRequestedFrameRate frameRate=NaN, this=androidx.compose.ui.platform.AndroidComposeView{4b8ddd9 VFED..... ........ 0,0-1080,2340 aid=1073741824}, caller=android.view.ViewGroup.setRequestedFrameRate:10045 androidx.compose.ui.platform.Api35Impl.setRequestedFrameRate:3822 androidx.compose.ui.platform.AndroidComposeView.dispatchDraw:2114 android.view.View.draw:26750 android.view.View.updateDisplayListIfDirty:25577 
05-15 07:48:13.327 27650 27650 I View    : setRequestedFrameRate frameRate=NaN, this=android.view.View{556bdcf V.ED..... ........ 0,0-0,0}, caller=androidx.compose.ui.platform.Api35Impl.setRequestedFrameRate:3822 androidx.compose.ui.platform.AndroidComposeView.dispatchDraw:2115 android.view.View.draw:26750 android.view.View.updateDisplayListIfDirty:25577 android.view.ViewGroup.recreateChildDisplayList:4881 
05-15 07:48:13.328 27650 27650 I ImeFocusController: onPreWindowFocus: skipped hasWindowFocus=false mHasImeFocus=true
05-15 07:48:13.328 27650 27650 I ImeFocusController: onPostWindowFocus: skipped hasWindowFocus=false mHasImeFocus=true
05-15 07:48:13.360 27650 27650 I View    : setRequestedFrameRate frameRate=NaN, this=androidx.compose.ui.platform.AndroidComposeView{4b8ddd9 VFED..... ........ 0,0-1080,2340 aid=1073741824}, caller=android.view.ViewGroup.setRequestedFrameRate:10045 androidx.compose.ui.platform.Api35Impl.setRequestedFrameRate:3822 androidx.compose.ui.platform.AndroidComposeView.dispatchDraw:2114 android.view.View.draw:26750 android.view.View.updateDisplayListIfDirty:25577 
05-15 07:48:13.360 27650 27650 I View    : setRequestedFrameRate frameRate=NaN, this=android.view.View{556bdcf V.ED..... ........ 0,0-0,0}, caller=androidx.compose.ui.platform.Api35Impl.setRequestedFrameRate:3822 androidx.compose.ui.platform.AndroidComposeView.dispatchDraw:2115 android.view.View.draw:26750 android.view.View.updateDisplayListIfDirty:25577 android.view.ViewGroup.recreateChildDisplayList:4881 
05-15 07:48:13.362 27650 27650 D VRI[MainActivity]@19d145e: mThreadedRenderer.initializeIfNeeded()#2 mSurface={isValid=true 0xb40000719ba6af20}
05-15 07:48:13.362 27650 27650 D InputMethodManagerUtils: startInputInner - Id : 0
05-15 07:48:13.362 27650 27650 I InputMethodManager: startInputInner - IInputMethodManagerGlobalInvoker.startInputOrWindowGainedFocus
05-15 07:48:13.363 27650 27650 D InsetsController: hide(ime())
05-15 07:48:13.363 27650 27650 I ImeTracker: com.example.latent:f01ceec1: onCancelled at PHASE_CLIENT_ALREADY_HIDDEN
05-15 07:48:13.363 27650 27665 D InputTransport: Input channel constructed: 'ClientS', fd=172
05-15 07:48:13.395 27650 27650 I View    : setRequestedFrameRate frameRate=NaN, this=androidx.compose.ui.platform.AndroidComposeView{4b8ddd9 VFED..... ........ 0,0-1080,2340 aid=1073741824}, caller=android.view.ViewGroup.setRequestedFrameRate:10045 androidx.compose.ui.platform.Api35Impl.setRequestedFrameRate:3822 androidx.compose.ui.platform.AndroidComposeView.dispatchDraw:2114 android.view.View.draw:26750 android.view.View.updateDisplayListIfDirty:25577 
05-15 07:48:13.395 27650 27650 I View    : setRequestedFrameRate frameRate=NaN, this=android.view.View{556bdcf V.ED..... ........ 0,0-0,0}, caller=androidx.compose.ui.platform.Api35Impl.setRequestedFrameRate:3822 androidx.compose.ui.platform.AndroidComposeView.dispatchDraw:2115 android.view.View.draw:26750 android.view.View.updateDisplayListIfDirty:25577 android.view.ViewGroup.recreateChildDisplayList:4881 
05-15 07:48:13.397 27650 27650 I VRI[MainActivity]@26ed4f2: handleResized, frames=ClientWindowFrames{frame=[0,0][1080,2340] display=[0,0][1080,2340] parentFrame=[0,0][0,0]} displayId=0 dragResizing=false compatScale=1.0 frameChanged=false attachedFrameChanged=false configChanged=false displayChanged=false compatScaleChanged=false dragResizingChanged=false
05-15 07:48:13.397 27650 27650 I VRI[MainActivity]@19d145e: handleResized, frames=ClientWindowFrames{frame=[120,803][960,1603] display=[0,105][1080,2301] parentFrame=[0,0][0,0]} displayId=0 dragResizing=false compatScale=1.0 frameChanged=false attachedFrameChanged=false configChanged=false displayChanged=false compatScaleChanged=false dragResizingChanged=false
05-15 07:48:13.428 27650 27650 I View    : setRequestedFrameRate frameRate=NaN, this=androidx.compose.ui.platform.AndroidComposeView{4b8ddd9 VFED..... ........ 0,0-1080,2340 aid=1073741824}, caller=android.view.ViewGroup.setRequestedFrameRate:10045 androidx.compose.ui.platform.Api35Impl.setRequestedFrameRate:3822 androidx.compose.ui.platform.AndroidComposeView.dispatchDraw:2114 android.view.View.draw:26750 android.view.View.updateDisplayListIfDirty:25577 
05-15 07:48:13.428 27650 27650 I View    : setRequestedFrameRate frameRate=NaN, this=android.view.View{556bdcf V.ED..... ........ 0,0-0,0}, caller=androidx.compose.ui.platform.Api35Impl.setRequestedFrameRate:3822 androidx.compose.ui.platform.AndroidComposeView.dispatchDraw:2115 android.view.View.draw:26750 android.view.View.updateDisplayListIfDirty:25577 android.view.ViewGroup.recreateChildDisplayList:4881 
05-15 07:48:13.461 27650 27650 I View    : setRequestedFrameRate frameRate=NaN, this=androidx.compose.ui.platform.AndroidComposeView{4b8ddd9 VFED..... ........ 0,0-1080,2340 aid=1073741824}, caller=android.view.ViewGroup.setRequestedFrameRate:10045 androidx.compose.ui.platform.Api35Impl.setRequestedFrameRate:3822 androidx.compose.ui.platform.AndroidComposeView.dispatchDraw:2114 android.view.View.draw:26750 android.view.View.updateDisplayListIfDirty:25577 
05-15 07:48:13.461 27650 27650 I View    : setRequestedFrameRate frameRate=NaN, this=android.view.View{556bdcf V.ED..... ........ 0,0-0,0}, caller=androidx.compose.ui.platform.Api35Impl.setRequestedFrameRate:3822 androidx.compose.ui.platform.AndroidComposeView.dispatchDraw:2115 android.view.View.draw:26750 android.view.View.updateDisplayListIfDirty:25577 android.view.ViewGroup.recreateChildDisplayList:4881 
05-15 07:48:13.468 27650 27650 I VRI[MainActivity]@26ed4f2: call setFrameRateCategory category=no preference, reason=boost timeout, vri=VRI[MainActivity]@26ed4f2
05-15 07:48:13.477 27650 27650 I VRI[MainActivity]@26ed4f2: call setFrameRateCategory category=high hint, reason=touch, vri=VRI[MainActivity]@26ed4f2
05-15 07:48:13.480 27650 27650 I VRI[MainActivity]@26ed4f2: ViewPostIme pointer 1
05-15 07:48:13.494 27650 27650 I View    : setRequestedFrameRate frameRate=NaN, this=androidx.compose.ui.platform.AndroidComposeView{4b8ddd9 VFED..... ........ 0,0-1080,2340 aid=1073741824}, caller=android.view.ViewGroup.setRequestedFrameRate:10045 androidx.compose.ui.platform.Api35Impl.setRequestedFrameRate:3822 androidx.compose.ui.platform.AndroidComposeView.dispatchDraw:2114 android.view.View.draw:26750 android.view.View.updateDisplayListIfDirty:25577 
05-15 07:48:13.494 27650 27650 I View    : setRequestedFrameRate frameRate=NaN, this=android.view.View{556bdcf V.ED..... ........ 0,0-0,0}, caller=androidx.compose.ui.platform.Api35Impl.setRequestedFrameRate:3822 androidx.compose.ui.platform.AndroidComposeView.dispatchDraw:2115 android.view.View.draw:26750 android.view.View.updateDisplayListIfDirty:25577 android.view.ViewGroup.recreateChildDisplayList:4881 
05-15 07:48:13.526 27650 27650 I View    : setRequestedFrameRate frameRate=NaN, this=androidx.compose.ui.platform.AndroidComposeView{4b8ddd9 VFED..... ........ 0,0-1080,2340 aid=1073741824}, caller=android.view.ViewGroup.setRequestedFrameRate:10045 androidx.compose.ui.platform.Api35Impl.setRequestedFrameRate:3822 androidx.compose.ui.platform.AndroidComposeView.dispatchDraw:2114 android.view.View.draw:26750 android.view.View.updateDisplayListIfDirty:25577 
05-15 07:48:13.526 27650 27650 I View    : setRequestedFrameRate frameRate=NaN, this=android.view.View{556bdcf V.ED..... ........ 0,0-0,0}, caller=androidx.compose.ui.platform.Api35Impl.setRequestedFrameRate:3822 androidx.compose.ui.platform.AndroidComposeView.dispatchDraw:2115 android.view.View.draw:26750 android.view.View.updateDisplayListIfDirty:25577 android.view.ViewGroup.recreateChildDisplayList:4881 
05-15 07:48:13.561 27650 27650 I View    : setRequestedFrameRate frameRate=NaN, this=androidx.compose.ui.platform.AndroidComposeView{4b8ddd9 VFED..... ........ 0,0-1080,2340 aid=1073741824}, caller=android.view.ViewGroup.setRequestedFrameRate:10045 androidx.compose.ui.platform.Api35Impl.setRequestedFrameRate:3822 androidx.compose.ui.platform.AndroidComposeView.dispatchDraw:2114 android.view.View.draw:26750 android.view.View.updateDisplayListIfDirty:25577 
05-15 07:48:13.561 27650 27650 I View    : setRequestedFrameRate frameRate=NaN, this=android.view.View{556bdcf V.ED..... ........ 0,0-0,0}, caller=androidx.compose.ui.platform.Api35Impl.setRequestedFrameRate:3822 androidx.compose.ui.platform.AndroidComposeView.dispatchDraw:2115 android.view.View.draw:26750 android.view.View.updateDisplayListIfDirty:25577 android.view.ViewGroup.recreateChildDisplayList:4881 
05-15 07:48:13.594 27650 27650 I View    : setRequestedFrameRate frameRate=NaN, this=androidx.compose.ui.platform.AndroidComposeView{4b8ddd9 VFED..... ........ 0,0-1080,2340 aid=1073741824}, caller=android.view.ViewGroup.setRequestedFrameRate:10045 androidx.compose.ui.platform.Api35Impl.setRequestedFrameRate:3822 androidx.compose.ui.platform.AndroidComposeView.dispatchDraw:2114 android.view.View.draw:26750 android.view.View.updateDisplayListIfDirty:25577 
05-15 07:48:13.594 27650 27650 I View    : setRequestedFrameRate frameRate=NaN, this=android.view.View{556bdcf V.ED..... ........ 0,0-0,0}, caller=androidx.compose.ui.platform.Api35Impl.setRequestedFrameRate:3822 androidx.compose.ui.platform.AndroidComposeView.dispatchDraw:2115 android.view.View.draw:26750 android.view.View.updateDisplayListIfDirty:25577 android.view.ViewGroup.recreateChildDisplayList:4881 
05-15 07:48:13.627 27650 27650 I View    : setRequestedFrameRate frameRate=NaN, this=androidx.compose.ui.platform.AndroidComposeView{4b8ddd9 VFED..... ........ 0,0-1080,2340 aid=1073741824}, caller=android.view.ViewGroup.setRequestedFrameRate:10045 androidx.compose.ui.platform.Api35Impl.setRequestedFrameRate:3822 androidx.compose.ui.platform.AndroidComposeView.dispatchDraw:2114 android.view.View.draw:26750 android.view.View.updateDisplayListIfDirty:25577 
05-15 07:48:13.627 27650 27650 I View    : setRequestedFrameRate frameRate=NaN, this=android.view.View{556bdcf V.ED..... ........ 0,0-0,0}, caller=androidx.compose.ui.platform.Api35Impl.setRequestedFrameRate:3822 androidx.compose.ui.platform.AndroidComposeView.dispatchDraw:2115 android.view.View.draw:26750 android.view.View.updateDisplayListIfDirty:25577 android.view.ViewGroup.recreateChildDisplayList:4881 
05-15 07:48:13.661 27650 27650 I View    : setRequestedFrameRate frameRate=NaN, this=androidx.compose.ui.platform.AndroidComposeView{4b8ddd9 VFED..... ........ 0,0-1080,2340 aid=1073741824}, caller=android.view.ViewGroup.setRequestedFrameRate:10045 androidx.compose.ui.platform.Api35Impl.setRequestedFrameRate:3822 androidx.compose.ui.platform.AndroidComposeView.dispatchDraw:2114 android.view.View.draw:26750 android.view.View.updateDisplayListIfDirty:25577 
05-15 07:48:13.661 27650 27650 I View    : setRequestedFrameRate frameRate=NaN, this=android.view.View{556bdcf V.ED..... ........ 0,0-0,0}, caller=androidx.compose.ui.platform.Api35Impl.setRequestedFrameRate:3822 androidx.compose.ui.platform.AndroidComposeView.dispatchDraw:2115 android.view.View.draw:26750 android.view.View.updateDisplayListIfDirty:25577 android.view.ViewGroup.recreateChildDisplayList:4881 
05-15 07:48:13.694 27650 27650 I View    : setRequestedFrameRate frameRate=NaN, this=androidx.compose.ui.platform.AndroidComposeView{4b8ddd9 VFED..... ........ 0,0-1080,2340 aid=1073741824}, caller=android.view.ViewGroup.setRequestedFrameRate:10045 androidx.compose.ui.platform.Api35Impl.setRequestedFrameRate:3822 androidx.compose.ui.platform.AndroidComposeView.dispatchDraw:2114 android.view.View.draw:26750 android.view.View.updateDisplayListIfDirty:25577 
05-15 07:48:13.694 27650 27650 I View    : setRequestedFrameRate frameRate=NaN, this=android.view.View{556bdcf V.ED..... ........ 0,0-0,0}, caller=androidx.compose.ui.platform.Api35Impl.setRequestedFrameRate:3822 androidx.compose.ui.platform.AndroidComposeView.dispatchDraw:2115 android.view.View.draw:26750 android.view.View.updateDisplayListIfDirty:25577 android.view.ViewGroup.recreateChildDisplayList:4881 
05-15 07:48:13.727 27650 27650 I View    : setRequestedFrameRate frameRate=NaN, this=androidx.compose.ui.platform.AndroidComposeView{4b8ddd9 VFED..... ........ 0,0-1080,2340 aid=1073741824}, caller=android.view.ViewGroup.setRequestedFrameRate:10045 androidx.compose.ui.platform.Api35Impl.setRequestedFrameRate:3822 androidx.compose.ui.platform.AndroidComposeView.dispatchDraw:2114 android.view.View.draw:26750 android.view.View.updateDisplayListIfDirty:25577 
05-15 07:48:13.727 27650 27650 I View    : setRequestedFrameRate frameRate=NaN, this=android.view.View{556bdcf V.ED..... ........ 0,0-0,0}, caller=androidx.compose.ui.platform.Api35Impl.setRequestedFrameRate:3822 androidx.compose.ui.platform.AndroidComposeView.dispatchDraw:2115 android.view.View.draw:26750 android.view.View.updateDisplayListIfDirty:25577 android.view.ViewGroup.recreateChildDisplayList:4881 
05-15 07:48:13.760 27650 27650 I View    : setRequestedFrameRate frameRate=NaN, this=androidx.compose.ui.platform.AndroidComposeView{4b8ddd9 VFED..... ........ 0,0-1080,2340 aid=1073741824}, caller=android.view.ViewGroup.setRequestedFrameRate:10045 androidx.compose.ui.platform.Api35Impl.setRequestedFrameRate:3822 androidx.compose.ui.platform.AndroidComposeView.dispatchDraw:2114 android.view.View.draw:26750 android.view.View.updateDisplayListIfDirty:25577 
05-15 07:48:13.760 27650 27650 I View    : setRequestedFrameRate frameRate=NaN, this=android.view.View{556bdcf V.ED..... ........ 0,0-0,0}, caller=androidx.compose.ui.platform.Api35Impl.setRequestedFrameRate:3822 androidx.compose.ui.platform.AndroidComposeView.dispatchDraw:2115 android.view.View.draw:26750 android.view.View.updateDisplayListIfDirty:25577 android.view.ViewGroup.recreateChildDisplayList:4881 
05-15 07:48:13.795 27650 27650 I View    : setRequestedFrameRate frameRate=NaN, this=androidx.compose.ui.platform.AndroidComposeView{4b8ddd9 VFED..... ........ 0,0-1080,2340 aid=1073741824}, caller=android.view.ViewGroup.setRequestedFrameRate:10045 androidx.compose.ui.platform.Api35Impl.setRequestedFrameRate:3822 androidx.compose.ui.platform.AndroidComposeView.dispatchDraw:2114 android.view.View.draw:26750 android.view.View.updateDisplayListIfDirty:25577 
05-15 07:48:13.795 27650 27650 I View    : setRequestedFrameRate frameRate=NaN, this=android.view.View{556bdcf V.ED..... ........ 0,0-0,0}, caller=androidx.compose.ui.platform.Api35Impl.setRequestedFrameRate:3822 androidx.compose.ui.platform.AndroidComposeView.dispatchDraw:2115 android.view.View.draw:26750 android.view.View.updateDisplayListIfDirty:25577 android.view.ViewGroup.recreateChildDisplayList:4881 
05-15 07:48:13.827 27650 27650 I View    : setRequestedFrameRate frameRate=NaN, this=androidx.compose.ui.platform.AndroidComposeView{4b8ddd9 VFED..... ........ 0,0-1080,2340 aid=1073741824}, caller=android.view.ViewGroup.setRequestedFrameRate:10045 androidx.compose.ui.platform.Api35Impl.setRequestedFrameRate:3822 androidx.compose.ui.platform.AndroidComposeView.dispatchDraw:2114 android.view.View.draw:26750 android.view.View.updateDisplayListIfDirty:25577 
05-15 07:48:13.827 27650 27650 I View    : setRequestedFrameRate frameRate=NaN, this=android.view.View{556bdcf V.ED..... ........ 0,0-0,0}, caller=androidx.compose.ui.platform.Api35Impl.setRequestedFrameRate:3822 androidx.compose.ui.platform.AndroidComposeView.dispatchDraw:2115 android.view.View.draw:26750 android.view.View.updateDisplayListIfDirty:25577 android.view.ViewGroup.recreateChildDisplayList:4881 
05-15 07:48:13.860 27650 27650 I View    : setRequestedFrameRate frameRate=NaN, this=androidx.compose.ui.platform.AndroidComposeView{4b8ddd9 VFED..... ........ 0,0-1080,2340 aid=1073741824}, caller=android.view.ViewGroup.setRequestedFrameRate:10045 androidx.compose.ui.platform.Api35Impl.setRequestedFrameRate:3822 androidx.compose.ui.platform.AndroidComposeView.dispatchDraw:2114 android.view.View.draw:26750 android.view.View.updateDisplayListIfDirty:25577 
05-15 07:48:13.861 27650 27650 I View    : setRequestedFrameRate frameRate=NaN, this=android.view.View{556bdcf V.ED..... ........ 0,0-0,0}, caller=androidx.compose.ui.platform.Api35Impl.setRequestedFrameRate:3822 androidx.compose.ui.platform.AndroidComposeView.dispatchDraw:2115 android.view.View.draw:26750 android.view.View.updateDisplayListIfDirty:25577 android.view.ViewGroup.recreateChildDisplayList:4881 
05-15 07:48:13.894 27650 27650 I View    : setRequestedFrameRate frameRate=NaN, this=androidx.compose.ui.platform.AndroidComposeView{4b8ddd9 VFED..... ........ 0,0-1080,2340 aid=1073741824}, caller=android.view.ViewGroup.setRequestedFrameRate:10045 androidx.compose.ui.platform.Api35Impl.setRequestedFrameRate:3822 androidx.compose.ui.platform.AndroidComposeView.dispatchDraw:2114 android.view.View.draw:26750 android.view.View.updateDisplayListIfDirty:25577 
05-15 07:48:13.894 27650 27650 I View    : setRequestedFrameRate frameRate=NaN, this=android.view.View{556bdcf V.ED..... ........ 0,0-0,0}, caller=androidx.compose.ui.platform.Api35Impl.setRequestedFrameRate:3822 androidx.compose.ui.platform.AndroidComposeView.dispatchDraw:2115 android.view.View.draw:26750 android.view.View.updateDisplayListIfDirty:25577 android.view.ViewGroup.recreateChildDisplayList:4881 
05-15 07:48:13.928 27650 27650 I View    : setRequestedFrameRate frameRate=NaN, this=androidx.compose.ui.platform.AndroidComposeView{4b8ddd9 VFED..... ........ 0,0-1080,2340 aid=1073741824}, caller=android.view.ViewGroup.setRequestedFrameRate:10045 androidx.compose.ui.platform.Api35Impl.setRequestedFrameRate:3822 androidx.compose.ui.platform.AndroidComposeView.dispatchDraw:2114 android.view.View.draw:26750 android.view.View.updateDisplayListIfDirty:25577 
05-15 07:48:13.928 27650 27650 I View    : setRequestedFrameRate frameRate=NaN, this=android.view.View{556bdcf V.ED..... ........ 0,0-0,0}, caller=androidx.compose.ui.platform.Api35Impl.setRequestedFrameRate:3822 androidx.compose.ui.platform.AndroidComposeView.dispatchDraw:2115 android.view.View.draw:26750 android.view.View.updateDisplayListIfDirty:25577 android.view.ViewGroup.recreateChildDisplayList:4881 
05-15 07:48:13.961 27650 27650 I View    : setRequestedFrameRate frameRate=NaN, this=androidx.compose.ui.platform.AndroidComposeView{4b8ddd9 VFED..... ........ 0,0-1080,2340 aid=1073741824}, caller=android.view.ViewGroup.setRequestedFrameRate:10045 androidx.compose.ui.platform.Api35Impl.setRequestedFrameRate:3822 androidx.compose.ui.platform.AndroidComposeView.dispatchDraw:2114 android.view.View.draw:26750 android.view.View.updateDisplayListIfDirty:25577 
05-15 07:48:13.961 27650 27650 I View    : setRequestedFrameRate frameRate=NaN, this=android.view.View{556bdcf V.ED..... ........ 0,0-0,0}, caller=androidx.compose.ui.platform.Api35Impl.setRequestedFrameRate:3822 androidx.compose.ui.platform.AndroidComposeView.dispatchDraw:2115 android.view.View.draw:26750 android.view.View.updateDisplayListIfDirty:25577 android.view.ViewGroup.recreateChildDisplayList:4881 
05-15 07:48:13.993 27650 27650 I View    : setRequestedFrameRate frameRate=NaN, this=androidx.compose.ui.platform.AndroidComposeView{4b8ddd9 VFED..... ........ 0,0-1080,2340 aid=1073741824}, caller=android.view.ViewGroup.setRequestedFrameRate:10045 androidx.compose.ui.platform.Api35Impl.setRequestedFrameRate:3822 androidx.compose.ui.platform.AndroidComposeView.dispatchDraw:2114 android.view.View.draw:26750 android.view.View.updateDisplayListIfDirty:25577 
05-15 07:48:13.993 27650 27650 I View    : setRequestedFrameRate frameRate=NaN, this=android.view.View{556bdcf V.ED..... ........ 0,0-0,0}, caller=androidx.compose.ui.platform.Api35Impl.setRequestedFrameRate:3822 androidx.compose.ui.platform.AndroidComposeView.dispatchDraw:2115 android.view.View.draw:26750 android.view.View.updateDisplayListIfDirty:25577 android.view.ViewGroup.recreateChildDisplayList:4881 
05-15 07:48:14.027 27650 27650 I View    : setRequestedFrameRate frameRate=NaN, this=androidx.compose.ui.platform.AndroidComposeView{4b8ddd9 VFED..... ........ 0,0-1080,2340 aid=1073741824}, caller=android.view.ViewGroup.setRequestedFrameRate:10045 androidx.compose.ui.platform.Api35Impl.setRequestedFrameRate:3822 androidx.compose.ui.platform.AndroidComposeView.dispatchDraw:2114 android.view.View.draw:26750 android.view.View.updateDisplayListIfDirty:25577 
05-15 07:48:14.027 27650 27650 I View    : setRequestedFrameRate frameRate=NaN, this=android.view.View{556bdcf V.ED..... ........ 0,0-0,0}, caller=androidx.compose.ui.platform.Api35Impl.setRequestedFrameRate:3822 androidx.compose.ui.platform.AndroidComposeView.dispatchDraw:2115 android.view.View.draw:26750 android.view.View.updateDisplayListIfDirty:25577 android.view.ViewGroup.recreateChildDisplayList:4881 
05-15 07:48:14.061 27650 27650 I View    : setRequestedFrameRate frameRate=NaN, this=androidx.compose.ui.platform.AndroidComposeView{4b8ddd9 VFED..... ........ 0,0-1080,2340 aid=1073741824}, caller=android.view.ViewGroup.setRequestedFrameRate:10045 androidx.compose.ui.platform.Api35Impl.setRequestedFrameRate:3822 androidx.compose.ui.platform.AndroidComposeView.dispatchDraw:2114 android.view.View.draw:26750 android.view.View.updateDisplayListIfDirty:25577 
05-15 07:48:14.062 27650 27650 I View    : setRequestedFrameRate frameRate=NaN, this=android.view.View{556bdcf V.ED..... ........ 0,0-0,0}, caller=androidx.compose.ui.platform.Api35Impl.setRequestedFrameRate:3822 androidx.compose.ui.platform.AndroidComposeView.dispatchDraw:2115 android.view.View.draw:26750 android.view.View.updateDisplayListIfDirty:25577 android.view.ViewGroup.recreateChildDisplayList:4881 
05-15 07:48:14.095 27650 27650 I View    : setRequestedFrameRate frameRate=NaN, this=androidx.compose.ui.platform.AndroidComposeView{4b8ddd9 VFED..... ........ 0,0-1080,2340 aid=1073741824}, caller=android.view.ViewGroup.setRequestedFrameRate:10045 androidx.compose.ui.platform.Api35Impl.setRequestedFrameRate:3822 androidx.compose.ui.platform.AndroidComposeView.dispatchDraw:2114 android.view.View.draw:26750 android.view.View.updateDisplayListIfDirty:25577 
05-15 07:48:14.095 27650 27650 I View    : setRequestedFrameRate frameRate=NaN, this=android.view.View{556bdcf V.ED..... ........ 0,0-0,0}, caller=androidx.compose.ui.platform.Api35Impl.setRequestedFrameRate:3822 androidx.compose.ui.platform.AndroidComposeView.dispatchDraw:2115 android.view.View.draw:26750 android.view.View.updateDisplayListIfDirty:25577 android.view.ViewGroup.recreateChildDisplayList:4881 
05-15 07:48:14.129 27650 27650 I View    : setRequestedFrameRate frameRate=NaN, this=androidx.compose.ui.platform.AndroidComposeView{4b8ddd9 VFED..... ........ 0,0-1080,2340 aid=1073741824}, caller=android.view.ViewGroup.setRequestedFrameRate:10045 androidx.compose.ui.platform.Api35Impl.setRequestedFrameRate:3822 androidx.compose.ui.platform.AndroidComposeView.dispatchDraw:2114 android.view.View.draw:26750 android.view.View.updateDisplayListIfDirty:25577 
05-15 07:48:14.129 27650 27650 I View    : setRequestedFrameRate frameRate=NaN, this=android.view.View{556bdcf V.ED..... ........ 0,0-0,0}, caller=androidx.compose.ui.platform.Api35Impl.setRequestedFrameRate:3822 androidx.compose.ui.platform.AndroidComposeView.dispatchDraw:2115 android.view.View.draw:26750 android.view.View.updateDisplayListIfDirty:25577 android.view.ViewGroup.recreateChildDisplayList:4881 
05-15 07:48:14.131 27650 27650 I VRI[MainActivity]@19d145e: ViewPostIme pointer 0
05-15 07:48:14.134 27650 27650 I VRI[MainActivity]@19d145e: call setFrameRateCategory category=high hint, reason=touch, vri=VRI[MainActivity]@19d145e
05-15 07:48:14.147 27650 27650 I View    : setRequestedFrameRate frameRate=NaN, this=androidx.compose.ui.platform.AndroidComposeView{9bddf8 VFED..... ........ 0,0-840,800 aid=1073741825}, caller=android.view.ViewGroup.setRequestedFrameRate:10045 androidx.compose.ui.platform.Api35Impl.setRequestedFrameRate:3822 androidx.compose.ui.platform.AndroidComposeView.dispatchDraw:2114 android.view.View.draw:26750 android.view.View.updateDisplayListIfDirty:25577 
05-15 07:48:14.147 27650 27650 I View    : setRequestedFrameRate frameRate=-4.0, this=android.view.View{33d5692 V.ED..... ........ 0,0-0,0}, caller=androidx.compose.ui.platform.Api35Impl.setRequestedFrameRate:3822 androidx.compose.ui.platform.AndroidComposeView.dispatchDraw:2115 android.view.View.draw:26750 android.view.View.updateDisplayListIfDirty:25577 android.view.ViewGroup.recreateChildDisplayList:4881 
05-15 07:48:14.147 27650 27650 I VRI[MainActivity]@19d145e: Requested frameRateCategory 6 by android.view.View{33d5692 V.ED..... ........ 0,0-0,0}
