--- LATENT CAM DEBUG LOG ---
Device: SM-S948W
Time: Fri May 15 07:53:09 EDT 2026

--------- beginning of system
05-15 07:46:21.731 17512 17512 D ActivityThread: com.example.latent will use render engine as VK
05-15 07:46:21.732 17512 17539 I DisplayManager: Choreographer implicitly registered for the refresh rate.
05-15 07:46:21.794 17512 17512 E VibratorInfo: Invalid frequency profile received from HAL. resonantFrequencyHz=NaN, frequenciesHz=null, outputAccelerationsGs=null
05-15 07:46:22.986 17512 17512 D InsetsController: hide(ime())
05-15 07:46:30.480 17512 17512 D InsetsController: hide(ime())
05-15 07:46:32.505 17512 17512 D InsetsController: hide(ime())
05-15 07:47:00.755 17512 17512 D Activity: onKeyDown(KEYCODE_BACK), activity=com.example.latent.MainActivity@1958636
05-15 07:47:00.764 17512 17512 D Activity: onKeyUp(KEYCODE_BACK) isTracking()=true isCanceled()=true hasCallback=true
05-15 07:47:16.391 17512 17512 D InsetsController: hide(ime())
--------- beginning of crash
05-15 07:47:22.064 17512 23748 E AndroidRuntime: FATAL EXCEPTION: pool-9-thread-1
05-15 07:47:22.064 17512 23748 E AndroidRuntime: Process: com.example.latent, PID: 17512
05-15 07:47:22.064 17512 23748 E AndroidRuntime: java.lang.IllegalStateException: CameraDevice was already closed
05-15 07:47:22.064 17512 23748 E AndroidRuntime: 	at android.hardware.camera2.impl.CameraDeviceImpl.checkIfCameraClosedOrInError(CameraDeviceImpl.java:2961)
05-15 07:47:22.064 17512 23748 E AndroidRuntime: 	at android.hardware.camera2.impl.CameraDeviceImpl.createCaptureRequest(CameraDeviceImpl.java:1142)
05-15 07:47:22.064 17512 23748 E AndroidRuntime: 	at com.example.latent.camera.Camera2Controller.startPreview(Camera2Controller.kt:349)
05-15 07:47:22.064 17512 23748 E AndroidRuntime: 	at com.example.latent.camera.Camera2Controller.access$startPreview(Camera2Controller.kt:69)
05-15 07:47:22.064 17512 23748 E AndroidRuntime: 	at com.example.latent.camera.Camera2Controller$createCaptureSession$sessionConfig$1.onConfigured(Camera2Controller.kt:335)
05-15 07:47:22.064 17512 23748 E AndroidRuntime: 	at android.hardware.camera2.impl.CallbackProxies$SessionStateCallbackProxy.lambda$onConfigured$0(CallbackProxies.java:53)
05-15 07:47:22.064 17512 23748 E AndroidRuntime: 	at android.hardware.camera2.impl.CallbackProxies$SessionStateCallbackProxy.$r8$lambda$_n4IjoKfaLTNPhb0V-jusXTXwVU(Unknown Source:0)
05-15 07:47:22.064 17512 23748 E AndroidRuntime: 	at android.hardware.camera2.impl.CallbackProxies$SessionStateCallbackProxy$$ExternalSyntheticLambda5.run(D8$$SyntheticClass:0)
05-15 07:47:22.064 17512 23748 E AndroidRuntime: 	at java.util.concurrent.ThreadPoolExecutor.runWorker(ThreadPoolExecutor.java:1154)
05-15 07:47:22.064 17512 23748 E AndroidRuntime: 	at java.util.concurrent.ThreadPoolExecutor$Worker.run(ThreadPoolExecutor.java:652)
05-15 07:47:22.064 17512 23748 E AndroidRuntime: 	at java.lang.Thread.run(Thread.java:1564)
05-15 07:47:23.970 24202 24202 D ActivityThread: com.example.latent will use render engine as VK
05-15 07:47:23.971 24202 24240 I DisplayManager: Choreographer implicitly registered for the refresh rate.
05-15 07:47:24.050 24202 24202 E VibratorInfo: Invalid frequency profile received from HAL. resonantFrequencyHz=NaN, frequenciesHz=null, outputAccelerationsGs=null
05-15 07:47:24.190 24202 24202 D InsetsController: hide(ime())
05-15 07:47:24.537 24202 24493 E AndroidRuntime: FATAL EXCEPTION: pool-6-thread-1
05-15 07:47:24.537 24202 24493 E AndroidRuntime: Process: com.example.latent, PID: 24202
05-15 07:47:24.537 24202 24493 E AndroidRuntime: java.lang.IllegalStateException: CameraDevice was already closed
05-15 07:47:24.537 24202 24493 E AndroidRuntime: 	at android.hardware.camera2.impl.CameraDeviceImpl.checkIfCameraClosedOrInError(CameraDeviceImpl.java:2961)
05-15 07:47:24.537 24202 24493 E AndroidRuntime: 	at android.hardware.camera2.impl.CameraDeviceImpl.createCaptureRequest(CameraDeviceImpl.java:1142)
05-15 07:47:24.537 24202 24493 E AndroidRuntime: 	at com.example.latent.camera.Camera2Controller.startPreview(Camera2Controller.kt:349)
05-15 07:47:24.537 24202 24493 E AndroidRuntime: 	at com.example.latent.camera.Camera2Controller.access$startPreview(Camera2Controller.kt:69)
05-15 07:47:24.537 24202 24493 E AndroidRuntime: 	at com.example.latent.camera.Camera2Controller$createCaptureSession$sessionConfig$1.onConfigured(Camera2Controller.kt:335)
05-15 07:47:24.537 24202 24493 E AndroidRuntime: 	at android.hardware.camera2.impl.CallbackProxies$SessionStateCallbackProxy.lambda$onConfigured$0(CallbackProxies.java:53)
05-15 07:47:24.537 24202 24493 E AndroidRuntime: 	at android.hardware.camera2.impl.CallbackProxies$SessionStateCallbackProxy.$r8$lambda$_n4IjoKfaLTNPhb0V-jusXTXwVU(Unknown Source:0)
05-15 07:47:24.537 24202 24493 E AndroidRuntime: 	at android.hardware.camera2.impl.CallbackProxies$SessionStateCallbackProxy$$ExternalSyntheticLambda5.run(D8$$SyntheticClass:0)
05-15 07:47:24.537 24202 24493 E AndroidRuntime: 	at java.util.concurrent.ThreadPoolExecutor.runWorker(ThreadPoolExecutor.java:1154)
05-15 07:47:24.537 24202 24493 E AndroidRuntime: 	at java.util.concurrent.ThreadPoolExecutor$Worker.run(ThreadPoolExecutor.java:652)
05-15 07:47:24.537 24202 24493 E AndroidRuntime: 	at java.lang.Thread.run(Thread.java:1564)
05-15 07:47:34.357 24740 24740 D ActivityThread: com.example.latent will use render engine as VK
05-15 07:47:34.357 24740 24765 I DisplayManager: Choreographer implicitly registered for the refresh rate.
05-15 07:47:34.460 24740 24740 E VibratorInfo: Invalid frequency profile received from HAL. resonantFrequencyHz=NaN, frequenciesHz=null, outputAccelerationsGs=null
05-15 07:47:34.570 24740 24740 D InsetsController: hide(ime())
05-15 07:47:34.941 24740 25004 E AndroidRuntime: FATAL EXCEPTION: pool-6-thread-1
05-15 07:47:34.941 24740 25004 E AndroidRuntime: Process: com.example.latent, PID: 24740
05-15 07:47:34.941 24740 25004 E AndroidRuntime: java.lang.IllegalStateException: CameraDevice was already closed
05-15 07:47:34.941 24740 25004 E AndroidRuntime: 	at android.hardware.camera2.impl.CameraDeviceImpl.checkIfCameraClosedOrInError(CameraDeviceImpl.java:2961)
05-15 07:47:34.941 24740 25004 E AndroidRuntime: 	at android.hardware.camera2.impl.CameraDeviceImpl.createCaptureRequest(CameraDeviceImpl.java:1142)
05-15 07:47:34.941 24740 25004 E AndroidRuntime: 	at com.example.latent.camera.Camera2Controller.startPreview(Camera2Controller.kt:349)
05-15 07:47:34.941 24740 25004 E AndroidRuntime: 	at com.example.latent.camera.Camera2Controller.access$startPreview(Camera2Controller.kt:69)
05-15 07:47:34.941 24740 25004 E AndroidRuntime: 	at com.example.latent.camera.Camera2Controller$createCaptureSession$sessionConfig$1.onConfigured(Camera2Controller.kt:335)
05-15 07:47:34.941 24740 25004 E AndroidRuntime: 	at android.hardware.camera2.impl.CallbackProxies$SessionStateCallbackProxy.lambda$onConfigured$0(CallbackProxies.java:53)
05-15 07:47:34.941 24740 25004 E AndroidRuntime: 	at android.hardware.camera2.impl.CallbackProxies$SessionStateCallbackProxy.$r8$lambda$_n4IjoKfaLTNPhb0V-jusXTXwVU(Unknown Source:0)
05-15 07:47:34.941 24740 25004 E AndroidRuntime: 	at android.hardware.camera2.impl.CallbackProxies$SessionStateCallbackProxy$$ExternalSyntheticLambda5.run(D8$$SyntheticClass:0)
05-15 07:47:34.941 24740 25004 E AndroidRuntime: 	at java.util.concurrent.ThreadPoolExecutor.runWorker(ThreadPoolExecutor.java:1154)
05-15 07:47:34.941 24740 25004 E AndroidRuntime: 	at java.util.concurrent.ThreadPoolExecutor$Worker.run(ThreadPoolExecutor.java:652)
05-15 07:47:34.941 24740 25004 E AndroidRuntime: 	at java.lang.Thread.run(Thread.java:1564)
05-15 07:47:36.780 25175 25175 D ActivityThread: com.example.latent will use render engine as VK
05-15 07:47:36.781 25175 25204 I DisplayManager: Choreographer implicitly registered for the refresh rate.
05-15 07:47:36.858 25175 25175 E VibratorInfo: Invalid frequency profile received from HAL. resonantFrequencyHz=NaN, frequenciesHz=null, outputAccelerationsGs=null
05-15 07:47:36.978 25175 25175 D InsetsController: hide(ime())
05-15 07:47:37.355 25175 25437 E AndroidRuntime: FATAL EXCEPTION: pool-6-thread-1
05-15 07:47:37.355 25175 25437 E AndroidRuntime: Process: com.example.latent, PID: 25175
05-15 07:47:37.355 25175 25437 E AndroidRuntime: java.lang.IllegalStateException: CameraDevice was already closed
05-15 07:47:37.355 25175 25437 E AndroidRuntime: 	at android.hardware.camera2.impl.CameraDeviceImpl.checkIfCameraClosedOrInError(CameraDeviceImpl.java:2961)
05-15 07:47:37.355 25175 25437 E AndroidRuntime: 	at android.hardware.camera2.impl.CameraDeviceImpl.submitCaptureRequest(CameraDeviceImpl.java:1548)
05-15 07:47:37.355 25175 25437 E AndroidRuntime: 	at android.hardware.camera2.impl.CameraDeviceImpl.setRepeatingRequest(CameraDeviceImpl.java:1703)
05-15 07:47:37.355 25175 25437 E AndroidRuntime: 	at android.hardware.camera2.impl.CameraCaptureSessionImpl.setRepeatingRequest(CameraCaptureSessionImpl.java:313)
05-15 07:47:37.355 25175 25437 E AndroidRuntime: 	at com.example.latent.camera.Camera2Controller.startPreview(Camera2Controller.kt:355)
05-15 07:47:37.355 25175 25437 E AndroidRuntime: 	at com.example.latent.camera.Camera2Controller.access$startPreview(Camera2Controller.kt:69)
05-15 07:47:37.355 25175 25437 E AndroidRuntime: 	at com.example.latent.camera.Camera2Controller$createCaptureSession$sessionConfig$1.onConfigured(Camera2Controller.kt:335)
05-15 07:47:37.355 25175 25437 E AndroidRuntime: 	at android.hardware.camera2.impl.CallbackProxies$SessionStateCallbackProxy.lambda$onConfigured$0(CallbackProxies.java:53)
05-15 07:47:37.355 25175 25437 E AndroidRuntime: 	at android.hardware.camera2.impl.CallbackProxies$SessionStateCallbackProxy.$r8$lambda$_n4IjoKfaLTNPhb0V-jusXTXwVU(Unknown Source:0)
05-15 07:47:37.355 25175 25437 E AndroidRuntime: 	at android.hardware.camera2.impl.CallbackProxies$SessionStateCallbackProxy$$ExternalSyntheticLambda5.run(D8$$SyntheticClass:0)
05-15 07:47:37.355 25175 25437 E AndroidRuntime: 	at java.util.concurrent.ThreadPoolExecutor.runWorker(ThreadPoolExecutor.java:1154)
05-15 07:47:37.355 25175 25437 E AndroidRuntime: 	at java.util.concurrent.ThreadPoolExecutor$Worker.run(ThreadPoolExecutor.java:652)
05-15 07:47:37.355 25175 25437 E AndroidRuntime: 	at java.lang.Thread.run(Thread.java:1564)
05-15 07:47:44.992 25604 25604 D ActivityThread: com.example.latent will use render engine as VK
05-15 07:47:44.992 25604 25624 I DisplayManager: Choreographer implicitly registered for the refresh rate.
05-15 07:47:45.047 25604 25604 E VibratorInfo: Invalid frequency profile received from HAL. resonantFrequencyHz=NaN, frequenciesHz=null, outputAccelerationsGs=null
05-15 07:47:45.194 25604 25604 D InsetsController: hide(ime())
05-15 07:47:45.531 25604 25859 E AndroidRuntime: FATAL EXCEPTION: pool-6-thread-1
05-15 07:47:45.531 25604 25859 E AndroidRuntime: Process: com.example.latent, PID: 25604
05-15 07:47:45.531 25604 25859 E AndroidRuntime: java.lang.IllegalStateException: CameraDevice was already closed
05-15 07:47:45.531 25604 25859 E AndroidRuntime: 	at android.hardware.camera2.impl.CameraDeviceImpl.checkIfCameraClosedOrInError(CameraDeviceImpl.java:2961)
05-15 07:47:45.531 25604 25859 E AndroidRuntime: 	at android.hardware.camera2.impl.CameraDeviceImpl.createCaptureRequest(CameraDeviceImpl.java:1142)
05-15 07:47:45.531 25604 25859 E AndroidRuntime: 	at com.example.latent.camera.Camera2Controller.startPreview(Camera2Controller.kt:349)
05-15 07:47:45.531 25604 25859 E AndroidRuntime: 	at com.example.latent.camera.Camera2Controller.access$startPreview(Camera2Controller.kt:69)
05-15 07:47:45.531 25604 25859 E AndroidRuntime: 	at com.example.latent.camera.Camera2Controller$createCaptureSession$sessionConfig$1.onConfigured(Camera2Controller.kt:335)
05-15 07:47:45.531 25604 25859 E AndroidRuntime: 	at android.hardware.camera2.impl.CallbackProxies$SessionStateCallbackProxy.lambda$onConfigured$0(CallbackProxies.java:53)
05-15 07:47:45.531 25604 25859 E AndroidRuntime: 	at android.hardware.camera2.impl.CallbackProxies$SessionStateCallbackProxy.$r8$lambda$_n4IjoKfaLTNPhb0V-jusXTXwVU(Unknown Source:0)
05-15 07:47:45.531 25604 25859 E AndroidRuntime: 	at android.hardware.camera2.impl.CallbackProxies$SessionStateCallbackProxy$$ExternalSyntheticLambda5.run(D8$$SyntheticClass:0)
05-15 07:47:45.531 25604 25859 E AndroidRuntime: 	at java.util.concurrent.ThreadPoolExecutor.runWorker(ThreadPoolExecutor.java:1154)
05-15 07:47:45.531 25604 25859 E AndroidRuntime: 	at java.util.concurrent.ThreadPoolExecutor$Worker.run(ThreadPoolExecutor.java:652)
05-15 07:47:45.531 25604 25859 E AndroidRuntime: 	at java.lang.Thread.run(Thread.java:1564)
05-15 07:47:52.139 26417 26417 D ActivityThread: com.example.latent will use render engine as VK
05-15 07:47:52.139 26417 26445 I DisplayManager: Choreographer implicitly registered for the refresh rate.
05-15 07:47:52.196 26417 26417 E VibratorInfo: Invalid frequency profile received from HAL. resonantFrequencyHz=NaN, frequenciesHz=null, outputAccelerationsGs=null
05-15 07:47:52.323 26417 26417 D InsetsController: hide(ime())
05-15 07:47:52.665 26417 26799 E AndroidRuntime: FATAL EXCEPTION: pool-6-thread-1
05-15 07:47:52.665 26417 26799 E AndroidRuntime: Process: com.example.latent, PID: 26417
05-15 07:47:52.665 26417 26799 E AndroidRuntime: java.lang.IllegalStateException: CameraDevice was already closed
05-15 07:47:52.665 26417 26799 E AndroidRuntime: 	at android.hardware.camera2.impl.CameraDeviceImpl.checkIfCameraClosedOrInError(CameraDeviceImpl.java:2961)
05-15 07:47:52.665 26417 26799 E AndroidRuntime: 	at android.hardware.camera2.impl.CameraDeviceImpl.createCaptureRequest(CameraDeviceImpl.java:1142)
05-15 07:47:52.665 26417 26799 E AndroidRuntime: 	at com.example.latent.camera.Camera2Controller.startPreview(Camera2Controller.kt:349)
05-15 07:47:52.665 26417 26799 E AndroidRuntime: 	at com.example.latent.camera.Camera2Controller.access$startPreview(Camera2Controller.kt:69)
05-15 07:47:52.665 26417 26799 E AndroidRuntime: 	at com.example.latent.camera.Camera2Controller$createCaptureSession$sessionConfig$1.onConfigured(Camera2Controller.kt:335)
05-15 07:47:52.665 26417 26799 E AndroidRuntime: 	at android.hardware.camera2.impl.CallbackProxies$SessionStateCallbackProxy.lambda$onConfigured$0(CallbackProxies.java:53)
05-15 07:47:52.665 26417 26799 E AndroidRuntime: 	at android.hardware.camera2.impl.CallbackProxies$SessionStateCallbackProxy.$r8$lambda$_n4IjoKfaLTNPhb0V-jusXTXwVU(Unknown Source:0)
05-15 07:47:52.665 26417 26799 E AndroidRuntime: 	at android.hardware.camera2.impl.CallbackProxies$SessionStateCallbackProxy$$ExternalSyntheticLambda5.run(D8$$SyntheticClass:0)
05-15 07:47:52.665 26417 26799 E AndroidRuntime: 	at java.util.concurrent.ThreadPoolExecutor.runWorker(ThreadPoolExecutor.java:1154)
05-15 07:47:52.665 26417 26799 E AndroidRuntime: 	at java.util.concurrent.ThreadPoolExecutor$Worker.run(ThreadPoolExecutor.java:652)
05-15 07:47:52.665 26417 26799 E AndroidRuntime: 	at java.lang.Thread.run(Thread.java:1564)
--------- beginning of main
05-15 07:48:01.290 26949 26949 D nativeloader: Configuring clns-9 for other apk /data/app/~~pmVstTdlhoc_g9N7zRsADg==/com.example.latent-yiEqtZsl0am2jNtYf-eFcQ==/base.apk. target_sdk_version=36, uses_libraries=, library_path=/data/app/~~pmVstTdlhoc_g9N7zRsADg==/com.example.latent-yiEqtZsl0am2jNtYf-eFcQ==/lib/arm64:/data/app/~~pmVstTdlhoc_g9N7zRsADg==/com.example.latent-yiEqtZsl0am2jNtYf-eFcQ==/base.apk!/lib/arm64-v8a, permitted_path=/data:/mnt/expand:/data/user/0/com.example.latent
05-15 07:48:01.292 26949 26949 V GraphicsEnvironment: Currently set values for:
05-15 07:48:01.292 26949 26949 V GraphicsEnvironment:   angle_gl_driver_selection_pkgs=[]
05-15 07:48:01.292 26949 26949 V GraphicsEnvironment:   angle_gl_driver_selection_values=[]
05-15 07:48:01.292 26949 26949 V GraphicsEnvironment: com.example.latent is not listed in per-application setting
05-15 07:48:01.292 26949 26949 V GraphicsEnvironment: ANGLE allowlist from config: com.dreamgames.royalmatch com.dts.freefiremax com.dxx.firenow com.gramgames.mergedragons com.ludo.king com.mojang.minecraftpe com.my.defense com.nintendo.zaka com.os.airforce com.playrix.fishdomdd.gplay io.teslatech.callbreak jp.konami.prospia net.peakgames.toonblast
05-15 07:48:01.292 26949 26949 V GraphicsEnvironment: No special selections for ANGLE, returning default driver choice
05-15 07:48:01.292 26949 26949 V GraphicsEnvironment: App is not on the allowlist for updatable production driver.
05-15 07:48:01.304 26949 26949 D ActivityThread: com.example.latent will use render engine as VK
05-15 07:48:01.304 26949 26949 D HWUI    : HWUI - treat SMPTE_170M as sRGB
05-15 07:48:01.305 26949 26966 I DisplayManager: Choreographer implicitly registered for the refresh rate.
05-15 07:48:01.305 26949 26966 D HWUI    : CacheManager constructor. deviceInfo=(1080, 1920)
05-15 07:48:01.305 26949 26966 D vulkan  : searching for layers in '/data/app/~~pmVstTdlhoc_g9N7zRsADg==/com.example.latent-yiEqtZsl0am2jNtYf-eFcQ==/lib/arm64'
05-15 07:48:01.305 26949 26966 D vulkan  : searching for layers in '/data/app/~~pmVstTdlhoc_g9N7zRsADg==/com.example.latent-yiEqtZsl0am2jNtYf-eFcQ==/base.apk!/lib/arm64-v8a'
05-15 07:48:01.307 26949 26949 D DesktopExperienceFlags: Toggle override initialized to: false
05-15 07:48:01.308 26949 26966 E Adreno-AppProfiles: QSPM AIDL service doesn't exist
05-15 07:48:01.308 26949 26966 I AdrenoVK-0: ===== BEGIN DUMP OF OVERRIDDEN SETTINGS =====
05-15 07:48:01.308 26949 26966 I AdrenoVK-0: ===== END DUMP OF OVERRIDDEN SETTINGS =====
05-15 07:48:01.308 26949 26949 E ashmem  : Pinning is deprecated since Android Q. Please use trim or other methods.
05-15 07:48:01.309 26949 26966 E Adreno-AppProfiles: QSPM AIDL service doesn't exist
05-15 07:48:01.309 26949 26966 I AdrenoVK-0: ===== BEGIN DUMP OF OVERRIDDEN SETTINGS =====
05-15 07:48:01.309 26949 26966 I AdrenoVK-0: ===== END DUMP OF OVERRIDDEN SETTINGS =====
05-15 07:48:01.311 26949 26966 D qdgralloc: Fetching IMapper5 from QtiMapper5
05-15 07:48:01.311 26949 26949 D CompatChangeReporter: Compat change id reported: 377864165; UID 10736; state: ENABLED
05-15 07:48:01.311 26949 26949 D DesktopModeFlags: Toggle override initialized to: OVERRIDE_UNSET
05-15 07:48:01.312 26949 26949 I DecorView: setWindowBackground: isPopOver=false color=ff303030 d=android.graphics.drawable.ColorDrawable@d8ffe2
05-15 07:48:01.317 26949 26966 I SnapAlloc: Graphics lib is available
05-15 07:48:01.318 26949 26966 I AdrenoVK-0: QUALCOMM build          : 87ff20b216, Ifbe74a3179
05-15 07:48:01.318 26949 26966 I AdrenoVK-0: Build Date              : 03/26/26
05-15 07:48:01.318 26949 26966 I AdrenoVK-0: Shader Compiler Version : E031.50.19.18
05-15 07:48:01.318 26949 26966 I AdrenoVK-0: Local Branch            : 
05-15 07:48:01.318 26949 26966 I AdrenoVK-0: Remote Branch           : refs/tags/AU_LINUX_ANDROID_LA.VENDOR.16.2.0.11.00.00.1195.535
05-15 07:48:01.318 26949 26966 I AdrenoVK-0: Remote Branch           : NONE
05-15 07:48:01.318 26949 26966 I AdrenoVK-0: Reconstruct Branch      : NOTHING
05-15 07:48:01.318 26949 26966 I AdrenoVK-0: Build Config            : C P 20.0.0 AArch64
05-15 07:48:01.318 26949 26966 I AdrenoVK-0: Driver Path             : /vendor/lib64/hw/vulkan.adreno.so
05-15 07:48:01.318 26949 26966 I AdrenoVK-0: Driver Version          : 0842.19.8
05-15 07:48:01.318 26949 26966 I AdrenoVK-0: PFP                     : 0x01510594
05-15 07:48:01.318 26949 26966 I AdrenoVK-0: ME                      : 0x01510025
05-15 07:48:01.318 26949 26966 I AdrenoVK-0: Application Name    : android framework
05-15 07:48:01.318 26949 26966 I AdrenoVK-0: Process Name        : com.example.latent
05-15 07:48:01.318 26949 26966 I AdrenoVK-0: Application Version : 0x00000000
05-15 07:48:01.318 26949 26966 I AdrenoVK-0: Engine Name         : android framework
05-15 07:48:01.318 26949 26966 I AdrenoVK-0: Engine Version      : 0x00000000
05-15 07:48:01.318 26949 26966 I AdrenoVK-0: Api Version         : 0x00401000
05-15 07:48:01.320 26949 26949 D ViewRootImpl: desktopMode is false
05-15 07:48:01.320 26949 26949 I ViewRootImpl: dVRR is enabled
05-15 07:48:01.320 26949 26949 D HardwareRenderer: onDisplayChanged. displayId=0 current wxh=1080x2340 mLargest wxh=0x0
05-15 07:48:01.320 26949 26949 D HardwareRenderer: Set largestWidth and largestHeight as logical resolution. (1080x2340)
05-15 07:48:01.320 26949 26966 D HWUI    : setMaxSurfaceArea requested wxh=(1080,2340) requestedSurfaceArea(2527200) mMaxSurfaceArea(2073600)
05-15 07:48:01.321 26949 26966 D NativeCustomFrequencyManager: [NativeCFMS] BpCustomFrequencyManager::BpCustomFrequencyManager()
05-15 07:48:01.323 26949 26949 D InputTransport: Input channel constructed: '9d6a99f', fd=118
05-15 07:48:01.324 26949 26949 I InsetsController: onStateChanged: host=com.example.latent/com.example.latent.MainActivity, from=android.view.ViewRootImpl.onInsetsStateChanged:3055, state=InsetsState: {mDisplayFrame=Rect(0, 0 - 1080, 2340), mDisplayCutout=DisplayCutout{insets=Rect(0, 104 - 0, 0) waterfall=Insets{left=0, top=0, right=0, bottom=0} boundingRect={Bounds=[Rect(0, 0 - 0, 0), Rect(510, 0 - 570, 104), Rect(0, 0 - 0, 0), Rect(0, 0 - 0, 0)]} cutoutPathParserInfo={CutoutPathParserInfo{displayWidth=1080 displayHeight=2340 physicalDisplayWidth=1080 physicalDisplayHeight=2340 density={2.8125} cutoutSpec={M 0,0 H -10.66666666666667 V 37.06666666666667 H 10.66666666666667 V 0 H 0 Z @dp} rotation={0} scale={1.0} physicalPixelDisplaySizeRatio={1.0}}} sideOverrides={}}, mRoundedCorners=RoundedCorners{[RoundedCorner{position=TopLeft, radius=74, center=Point(74, 74)}, RoundedCorner{position=TopRight, radius=74, center=Point(1006, 74)}, RoundedCorner{position=BottomRight, radius=74, center=Point(1006, 2266)}, RoundedCorner{position=BottomLeft, radius=74, center=Point(74, 2266)}]}  mRoundedCornerFrame=Rect(0, 0 - 1080, 2340), mPrivacyIndicatorBounds=PrivacyIndicatorBounds {static bounds=Rect(964, 0 - 1080, 105) rotation=0}, mDisplayShape=DisplayShape{ spec=-311912193 displayWidth=1080 displayHeight=2340 physicalPixelDisplaySizeRatio=0.75 rotation=0 offsetX=0 offsetY=0 scale=1.0}, mSources= { InsetsSource: {a0210000 mType=statusBars mFrame=[0,0][1080,105] mAttachedInsets=null mVisible=true mFlags= mSideHint=TOP mBoundingRects=null}, InsetsSource: {a0210005 mType=mandatorySystemGestures mFrame=[0,0][1080,136] mAttachedInsets=null mVisible=true mFlags= mSideHint=TOP mBoundingRects=null}, InsetsSource: {a0210006 mType=tappableElement mFrame=[0,0][1080,105] mAttachedInsets=null mVisible=true mFlags= mSideHint=TOP mBoundingRects=null}, InsetsSource: {3 mType=ime mFrame=[0,0][0,0] mAttachedInsets=null mVisible=false mFlags=INVALID mSideHint=NONE mBoundingRects=null}, InsetsSource: {27 mType=displayCutout mFrame=[0,0][1080,104] mAttachedInsets=null mVisible=true mFlags= mSideHint=TOP mBoundingRects=null}, InsetsSource: {49f20001 mType=navigationBars mFrame=[0,2301][1080,2340] mAttachedInsets=null mVisible=true mFlags=SUPPRESS_SCRIM mSideHint=BOTTOM mBoundingRects=null}, InsetsSource: {49f20004 mType=systemGestures mFrame=[0,0][78,2340] mAttachedInsets=null mVisible=true mFlags= mSideHint=LEFT mBoundingRects=null}, InsetsSource: {49f20005 mType=mandatorySystemGestures mFrame=[0,2256][1080,2340] mAttachedInsets=null mVisible=true mFlags= mSideHint=BOTTOM mBoundingRects=null}, InsetsSource: {49f20006 mType=tappableElement mFrame=[0,0][0,0] mAttachedInsets=null mVisible=true mFlags= mSideHint=NONE mBoundingRects=null}, InsetsSource: {49f20024 mType=systemGestures mFrame=[1002,0][1080,2340] mAttachedInsets=null mVisible=true mFlags= mSideHint=RIGHT mBoundingRects=null} }
05-15 07:48:01.324 26949 26949 I VRI[MainActivity]@26ed4f2: synced displayState. AttachInfo displayState=2
05-15 07:48:01.325 26949 26949 I VRI[MainActivity]@26ed4f2: setView = com.android.internal.policy.DecorView@bd0104a IsHRR=false mFlingFrameRateChange=0 TM=true
05-15 07:48:01.325 26949 26949 I IDS_TAG : Starting IDS observe window
05-15 07:48:01.325 26949 26949 I IDS_TAG : Getting Shared Preference for android.app.Application@5e9bbe7 uid = 10736
05-15 07:48:01.326 26949 26949 I IDS_TAG : App android.app.Application@5e9bbe7 has not finished training
05-15 07:48:01.326 26949 26949 I IDS_TAG : Closing IDS observe window
05-15 07:48:01.326 26949 26949 I IDS_TAG : Getting Shared Preference for android.app.Application@5e9bbe7 uid = 10736
05-15 07:48:01.326 26949 26949 I IDS_TAG : IDS count updated to 7 for android.app.Application@5e9bbe7
05-15 07:48:01.327 26949 26949 D WindowOnBackDispatcher: setTopOnBackInvokedCallback (unwrapped): android.app.Activity$$ExternalSyntheticLambda0@f5d4897
05-15 07:48:01.359 26949 26949 I .example.latent: hiddenapi: Accessing hidden method Landroid/os/SystemProperties;->addChangeCallback(Ljava/lang/Runnable;)V (runtime_flags=0, domain=platform, api=unsupported) from Landroidx/compose/ui/platform/AndroidComposeView$Companion; (domain=app, TargetSdkVersion=36) using reflection: allowed
05-15 07:48:01.361 26949 26949 E VibratorInfo: Invalid frequency profile received from HAL. resonantFrequencyHz=NaN, frequenciesHz=null, outputAccelerationsGs=null
05-15 07:48:01.381 26949 26949 I CameraManagerGlobal: Connecting to camera service
05-15 07:48:01.381 26949 26949 D VendorTagDescriptor: addVendorDescriptor: vendor tag id 15622750491770684145 added
05-15 07:48:01.382 26949 26949 D VendorTagDescriptor: addVendorDescriptor: vendor tag id 8932615658386372252 added
05-15 07:48:01.384 26949 26963 I CameraManagerGlobal: Camera 0 facing CAMERA_FACING_BACK state now CAMERA_STATE_CLOSED for client com.example.latent API Level 2 User Id 0Device Id 0
05-15 07:48:01.384 26949 26963 I CameraManagerGlobal: Camera 1 facing CAMERA_FACING_FRONT state now CAMERA_STATE_CLOSED for client com.instagram.moonshot API Level 2 User Id 0Device Id 0
05-15 07:48:01.385 26949 26963 I CameraManagerGlobal: Camera 2 facing CAMERA_FACING_BACK state now CAMERA_STATE_CLOSED for client com.example.latent API Level 2 User Id 0Device Id 0
05-15 07:48:01.386 26949 26963 I CameraManagerGlobal: Camera 20 facing CAMERA_FACING_BACK state now CAMERA_STATE_CLOSED for client com.sec.android.app.camera API Level 2 User Id 0Device Id 0
05-15 07:48:01.386 26949 26962 I CameraManagerGlobal: Camera 21 facing CAMERA_FACING_BACK state now CAMERA_STATE_CLOSED for client android.system API Level 2 User Id 0Device Id 0
05-15 07:48:01.386 26949 26962 I CameraManagerGlobal: Camera 23 facing CAMERA_FACING_BACK state now CAMERA_STATE_CLOSED for client com.sec.android.app.camera API Level 2 User Id 0Device Id 0
05-15 07:48:01.386 26949 26962 I CameraManagerGlobal: Camera 24 facing CAMERA_FACING_BACK state now CAMERA_STATE_CLOSED for client android.system API Level 2 User Id 0Device Id 0
05-15 07:48:01.387 26949 26962 I CameraManagerGlobal: Camera 3 facing CAMERA_FACING_FRONT state now CAMERA_STATE_CLOSED for client android.system API Level 2 User Id 0Device Id 0
05-15 07:48:01.387 26949 26962 I CameraManagerGlobal: Camera 4 facing CAMERA_FACING_FRONT state now CAMERA_STATE_CLOSED for client client.pid<2907> API Level 2 User Id 0Device Id 0
05-15 07:48:01.387 26949 26962 I CameraManagerGlobal: Camera 52 facing CAMERA_FACING_BACK state now CAMERA_STATE_CLOSED for client android.system API Level 2 User Id 0Device Id 0
05-15 07:48:01.387 26949 26962 I CameraManagerGlobal: Camera 54 facing CAMERA_FACING_BACK state now CAMERA_STATE_CLOSED for client android.system API Level 2 User Id 0Device Id 0
05-15 07:48:01.387 26949 26962 I CameraManagerGlobal: Camera 56 facing CAMERA_FACING_BACK state now CAMERA_STATE_CLOSED for client com.sec.android.app.camera API Level 2 User Id 0Device Id 0
05-15 07:48:01.387 26949 26962 I CameraManagerGlobal: Camera 58 facing CAMERA_FACING_BACK state now CAMERA_STATE_CLOSED for client android.system API Level 2 User Id 0Device Id 0
05-15 07:48:01.387 26949 26962 I CameraManagerGlobal: Camera 90 facing CAMERA_FACING_FRONT state now CAMERA_STATE_CLOSED for client android.system API Level 2 User Id 0Device Id 0
05-15 07:48:01.409 26949 26949 D VRI[MainActivity]@26ed4f2: WindowInsets changed: 1080x2340 statusBars:[0,105,0,0] navigationBars:[0,0,0,39] mandatorySystemGestures:[0,136,0,84] 
05-15 07:48:01.413 26949 26956 I .example.latent: Compiler allocated 5203KB to compile void android.view.ViewRootImpl.performTraversals()
05-15 07:48:01.414 26949 26949 I HWUI    : Using FreeType backend (prop=Auto)
05-15 07:48:01.422 26949 26949 E BufferQueueProducer: Unable to open libpenguin.so: dlopen failed: library "libpenguin.so" not found.
05-15 07:48:01.422 26949 26949 E .example.latent: Unable to open libpenguin.so: dlopen failed: library "libpenguin.so" not found.
05-15 07:48:01.422 26949 26949 I BufferQueueProducer: [](id:694500000000,api:0,p:463656176,c:26949) setDequeueTimeout:2077252342
05-15 07:48:01.422 26949 26949 I BLASTBufferQueue_Java: new BLASTBufferQueue, mName= VRI[MainActivity]@26ed4f2 mNativeObject= 0xb4000072eba0cc70 caller= android.view.ViewRootImpl.updateBlastSurfaceIfNeeded:3628 android.view.ViewRootImpl.relayoutWindow:11834 android.view.ViewRootImpl.performTraversals:4864 android.view.ViewRootImpl.doTraversal:3984 android.view.ViewRootImpl$TraversalRunnable.run:13055 android.view.Choreographer$CallbackRecord.run:1961 android.view.Choreographer$CallbackRecord.run:1970 android.view.Choreographer.doCallbacks:1423 android.view.Choreographer.doFrame:1348 android.view.Choreographer$FrameDisplayEventReceiver.run:1930 
05-15 07:48:01.422 26949 26949 I BLASTBufferQueue_Java: update, w= 1080 h= 2340 mName = VRI[MainActivity]@26ed4f2 mNativeObject= 0xb4000072eba0cc70 sc.mNativeObject= 0xb4000071fba14ad0 format= -1 caller= android.view.ViewRootImpl.updateBlastSurfaceIfNeeded:3633 android.view.ViewRootImpl.relayoutWindow:11834 android.view.ViewRootImpl.performTraversals:4864 android.view.ViewRootImpl.doTraversal:3984 android.view.ViewRootImpl$TraversalRunnable.run:13055 android.view.Choreographer$CallbackRecord.run:1961 
05-15 07:48:01.422 26949 26949 I VRI[MainActivity]@26ed4f2: Relayout returned: old=(0,0,1080,2340) new=(0,0,1080,2340) relayoutAsync=false req=(1080,2340)0 dur=2 res=0x3 s={true 0xb40000719ba363d0} ch=true seqId=0
05-15 07:48:01.422 26949 26949 I VRI[MainActivity]@26ed4f2: performConfigurationChange setNightDimText nightDimLevel=0
05-15 07:48:01.423 26949 26949 D VRI[MainActivity]@26ed4f2: mThreadedRenderer.initialize() mSurface={isValid=true 0xb40000719ba363d0} hwInitialized=true
05-15 07:48:01.429 26949 26949 D VRI[MainActivity]@26ed4f2: reportNextDraw android.view.ViewRootImpl.performTraversals:5528 android.view.ViewRootImpl.doTraversal:3984 android.view.ViewRootImpl$TraversalRunnable.run:13055 android.view.Choreographer$CallbackRecord.run:1961 android.view.Choreographer$CallbackRecord.run:1970 
05-15 07:48:01.429 26949 26949 D VRI[MainActivity]@26ed4f2: Setup new sync=wmsSync-VRI[MainActivity]@26ed4f2#0
05-15 07:48:01.429 26949 26949 I VRI[MainActivity]@26ed4f2: Creating new active sync group VRI[MainActivity]@26ed4f2#1
05-15 07:48:01.429 26949 26949 D VRI[MainActivity]@26ed4f2: registerCallbacksForSync syncBuffer=false
05-15 07:48:01.430 26949 26949 I AdrenoGLES-0: QUALCOMM build                   : 87ff20b216, Ifbe74a3179
05-15 07:48:01.430 26949 26949 I AdrenoGLES-0: Build Date                       : 03/26/26
05-15 07:48:01.430 26949 26949 I AdrenoGLES-0: OpenGL ES Shader Compiler Version: E031.50.19.18
05-15 07:48:01.430 26949 26949 I AdrenoGLES-0: Local Branch                     : 
05-15 07:48:01.430 26949 26949 I AdrenoGLES-0: Remote Branch                    : refs/tags/AU_LINUX_ANDROID_LA.VENDOR.16.2.0.11.00.00.1195.535
05-15 07:48:01.430 26949 26949 I AdrenoGLES-0: Remote Branch                    : NONE
05-15 07:48:01.430 26949 26949 I AdrenoGLES-0: Reconstruct Branch               : NOTHING
05-15 07:48:01.430 26949 26949 I AdrenoGLES-0: Build Config                     : C P 20.0.0 AArch64
05-15 07:48:01.430 26949 26949 I AdrenoGLES-0: Driver Path                      : /vendor/lib64/egl/libGLESv2_adreno.so
05-15 07:48:01.430 26949 26949 I AdrenoGLES-0: Driver Version                   : 0842.19.8
05-15 07:48:01.430 26949 26949 I AdrenoGLES-0: Process Name                     : com.example.latent
05-15 07:48:01.431 26949 26949 I AdrenoGLES-0: PFP: 0x01510594, ME: 0x01510025
05-15 07:48:01.432 26949 26949 E Adreno-AppProfiles: QSPM AIDL service doesn't exist
05-15 07:48:01.432 26949 26949 I AdrenoUtils: <ReadGpuID:1333>: Reading chip ID through GSL
05-15 07:48:01.443 26949 26962 I CameraManagerGlobal: Camera 0 facing CAMERA_FACING_BACK state now CAMERA_STATE_OPENING for client com.example.latent API Level 2 User Id 0Device Id 0
05-15 07:48:01.446 26949 26962 I CameraManagerGlobal: Camera 0 facing CAMERA_FACING_BACK state now CAMERA_STATE_OPEN for client com.example.latent API Level 2 User Id 0Device Id 0
05-15 07:48:01.446 26949 26986 I Camera2Controller: RAW stream locked to physical camera: 5 (42mm)
05-15 07:48:01.448 26949 26949 I View    : setRequestedFrameRate frameRate=0.0, this=androidx.compose.ui.platform.AndroidComposeView{524c39e VFED..... ........ 0,0-1080,2340 aid=1073741824}, caller=android.view.ViewGroup.setRequestedFrameRate:10045 androidx.compose.ui.platform.Api35Impl.setRequestedFrameRate:3822 androidx.compose.ui.platform.AndroidComposeView.dispatchDraw:2114 android.view.View.draw:26750 android.view.View.updateDisplayListIfDirty:25577 
05-15 07:48:01.448 26949 26949 I View    : setRequestedFrameRate frameRate=-4.0, this=android.view.View{7c7b751 V.ED..... ......I. 0,0-0,0}, caller=androidx.compose.ui.platform.Api35Impl.setRequestedFrameRate:3822 androidx.compose.ui.platform.AndroidComposeView.dispatchDraw:2115 android.view.View.draw:26750 android.view.View.updateDisplayListIfDirty:25577 android.view.View.draw:26477 
05-15 07:48:01.448 26949 26949 I VRI[MainActivity]@26ed4f2: Requested frameRateCategory 6 by android.view.View{7c7b751 V.ED..... ........ 0,0-0,0}
05-15 07:48:01.448 26949 26972 D VRI[MainActivity]@26ed4f2: Received frameDrawingCallback syncResult=0 frameNum=1.
05-15 07:48:01.448 26949 26972 I VRI[MainActivity]@26ed4f2: mWNT: t=0xb40000726ba2a510 mBlastBufferQueue=0xb4000072eba0cc70 fn= 1 HdrRenderState mRenderHdrSdrRatio=1.0 caller= android.view.ViewRootImpl$12.onFrameDraw:15582 android.view.ThreadedRenderer$1.onFrameDraw:751 <bottom of call stack> 
05-15 07:48:01.448 26949 26972 I VRI[MainActivity]@26ed4f2: Setting up sync and frameCommitCallback
05-15 07:48:01.453 26949 26966 I AdrenoVK-0: Shader compilation failed for shaderType: 0
05-15 07:48:01.453 26949 26966 I AdrenoVK-0: Pipeline create failed
05-15 07:48:01.461 26949 26966 I AdrenoVK-0: Shader compilation failed for shaderType: 0
05-15 07:48:01.461 26949 26966 I AdrenoVK-0: Pipeline create failed
05-15 07:48:01.467 26949 26966 I AdrenoVK-0: Shader compilation failed for shaderType: 0
05-15 07:48:01.467 26949 26966 I AdrenoVK-0: Pipeline create failed
05-15 07:48:01.481 26949 26966 I AdrenoVK-0: Shader compilation failed for shaderType: 0
05-15 07:48:01.481 26949 26966 I AdrenoVK-0: Pipeline create failed
05-15 07:48:01.485 26949 26966 I AdrenoVK-0: Shader compilation failed for shaderType: 0
05-15 07:48:01.485 26949 26966 I AdrenoVK-0: Pipeline create failed
05-15 07:48:01.490 26949 26966 I AdrenoVK-0: Shader compilation failed for shaderType: 6
05-15 07:48:01.490 26949 26966 I AdrenoVK-0: Pipeline create failed
05-15 07:48:01.493 26949 26966 I BLASTBufferQueue: [VRI[MainActivity]@26ed4f2#0](f:0,a:0,s:0) onFrameAvailable the first frame is available
05-15 07:48:01.493 26949 26966 I SurfaceComposerClient: apply transaction with the first frame. layerId: 34303, bufferData(ID: 115745073659907, frameNumber: 1)
05-15 07:48:01.493 26949 26966 I VRI[MainActivity]@26ed4f2: Received frameCommittedCallback lastAttemptedDrawFrameNum=1 didProduceBuffer=true
05-15 07:48:01.493 26949 26966 D HWUI    : CFMS:: SetUp Pid : 26949    Tid : 26966
05-15 07:48:01.493 26949 26949 D VRI[MainActivity]@26ed4f2: reportDrawFinished seqId=0
05-15 07:48:01.494 26949 26949 D VRI[MainActivity]@26ed4f2: call clearFrameRate
05-15 07:48:01.494 26949 26949 I VRI[MainActivity]@26ed4f2: call setFrameRateCategory category=high, reason=boost, vri=VRI[MainActivity]@26ed4f2
05-15 07:48:01.494 26949 26966 D HWUI    : HWUI - treat SMPTE_170M as sRGB
05-15 07:48:01.503 26949 26949 I InsetsSourceConsumer: applyRequestedVisibilityToControl: visible=true, type=navigationBars, host=com.example.latent/com.example.latent.MainActivity
05-15 07:48:01.503 26949 26949 I InsetsSourceConsumer: applyRequestedVisibilityToControl: visible=true, type=statusBars, host=com.example.latent/com.example.latent.MainActivity
05-15 07:48:01.506 26949 26949 D VRI[MainActivity]@26ed4f2: mThreadedRenderer.initializeIfNeeded()#2 mSurface={isValid=true 0xb40000719ba363d0}
05-15 07:48:01.506 26949 26949 D InputMethodManagerUtils: startInputInner - Id : 0
05-15 07:48:01.507 26949 26949 I InputMethodManager: startInputInner - IInputMethodManagerGlobalInvoker.startInputOrWindowGainedFocus
05-15 07:48:01.509 26949 26949 D InsetsController: hide(ime())
05-15 07:48:01.509 26949 26961 D InputTransport: Input channel constructed: 'ClientS', fd=153
05-15 07:48:01.509 26949 26949 I ImeTracker: com.example.latent:d25cb4ce: onCancelled at PHASE_CLIENT_ALREADY_HIDDEN
05-15 07:48:01.510 26949 27032 D nativeloader: Load /data/app/~~pmVstTdlhoc_g9N7zRsADg==/com.example.latent-yiEqtZsl0am2jNtYf-eFcQ==/base.apk!/lib/arm64-v8a/libspectralfilm_ndk.so using class loader ns clns-9 (caller=/data/app/~~pmVstTdlhoc_g9N7zRsADg==/com.example.latent-yiEqtZsl0am2jNtYf-eFcQ==/base.apk!classes6.dex): ok
05-15 07:48:01.511 26949 27032 I FilmProcessor: Loaded authentic film stock: Kodak Portra 160
05-15 07:48:01.706 26949 26949 I GLESPreviewRenderer: Uploaded 3D LUT to GPU (size 33)
05-15 07:48:01.857 26949 26962 I CameraManagerGlobal: Camera 0 facing CAMERA_FACING_BACK state now CAMERA_STATE_CLOSED for client com.example.latent API Level 2 User Id 0Device Id 0
05-15 07:48:01.857 26949 27164 W .example.latent: Long monitor contention with owner DefaultDispatcher-worker-2 (27033) at void android.hardware.camera2.impl.CameraDeviceImpl.close()(CameraDeviceImpl.java:1833) waiters=1 in android.hardware.camera2.CaptureRequest$Builder android.hardware.camera2.impl.CameraDeviceImpl.createCaptureRequest(int) for 213ms
05-15 07:48:01.857 26949 27164 E AndroidRuntime: FATAL EXCEPTION: pool-6-thread-1
05-15 07:48:01.857 26949 27164 E AndroidRuntime: Process: com.example.latent, PID: 26949
05-15 07:48:01.857 26949 27164 E AndroidRuntime: java.lang.IllegalStateException: CameraDevice was already closed
05-15 07:48:01.857 26949 27164 E AndroidRuntime: 	at android.hardware.camera2.impl.CameraDeviceImpl.checkIfCameraClosedOrInError(CameraDeviceImpl.java:2961)
05-15 07:48:01.857 26949 27164 E AndroidRuntime: 	at android.hardware.camera2.impl.CameraDeviceImpl.createCaptureRequest(CameraDeviceImpl.java:1142)
05-15 07:48:01.857 26949 27164 E AndroidRuntime: 	at com.example.latent.camera.Camera2Controller.startPreview(Camera2Controller.kt:349)
05-15 07:48:01.857 26949 27164 E AndroidRuntime: 	at com.example.latent.camera.Camera2Controller.access$startPreview(Camera2Controller.kt:69)
05-15 07:48:01.857 26949 27164 E AndroidRuntime: 	at com.example.latent.camera.Camera2Controller$createCaptureSession$sessionConfig$1.onConfigured(Camera2Controller.kt:335)
05-15 07:48:01.857 26949 27164 E AndroidRuntime: 	at android.hardware.camera2.impl.CallbackProxies$SessionStateCallbackProxy.lambda$onConfigured$0(CallbackProxies.java:53)
05-15 07:48:01.857 26949 27164 E AndroidRuntime: 	at android.hardware.camera2.impl.CallbackProxies$SessionStateCallbackProxy.$r8$lambda$_n4IjoKfaLTNPhb0V-jusXTXwVU(Unknown Source:0)
05-15 07:48:01.857 26949 27164 E AndroidRuntime: 	at android.hardware.camera2.impl.CallbackProxies$SessionStateCallbackProxy$$ExternalSyntheticLambda5.run(D8$$SyntheticClass:0)
05-15 07:48:01.857 26949 27164 E AndroidRuntime: 	at java.util.concurrent.ThreadPoolExecutor.runWorker(ThreadPoolExecutor.java:1154)
05-15 07:48:01.857 26949 27164 E AndroidRuntime: 	at java.util.concurrent.ThreadPoolExecutor$Worker.run(ThreadPoolExecutor.java:652)
05-15 07:48:01.857 26949 27164 E AndroidRuntime: 	at java.lang.Thread.run(Thread.java:1564)
05-15 07:48:01.858 26949 26991 W MessageQueue: Handler (android.os.Handler) {e02f750} sending message to a Handler on a dead thread
05-15 07:48:01.858 26949 26991 W MessageQueue: java.lang.IllegalStateException: Handler (android.os.Handler) {e02f750} sending message to a Handler on a dead thread
05-15 07:48:01.858 26949 26991 W MessageQueue: 	at android.os.MessageQueue.logDeadThread(MessageQueue.java:1452)
05-15 07:48:01.858 26949 26991 W MessageQueue: 	at android.os.MessageQueue.enqueueMessageLegacy(MessageQueue.java:1465)
05-15 07:48:01.858 26949 26991 W MessageQueue: 	at android.os.MessageQueue.enqueueMessage(MessageQueue.java:1539)
05-15 07:48:01.858 26949 26991 W MessageQueue: 	at android.os.Handler.enqueueMessage(Handler.java:829)
05-15 07:48:01.858 26949 26991 W MessageQueue: 	at android.os.Handler.sendMessageAtTime(Handler.java:771)
05-15 07:48:01.858 26949 26991 W MessageQueue: 	at android.os.Handler.sendMessageDelayed(Handler.java:741)
05-15 07:48:01.858 26949 26991 W MessageQueue: 	at android.os.Handler.post(Handler.java:461)
05-15 07:48:01.858 26949 26991 W MessageQueue: 	at android.hardware.camera2.impl.CameraDeviceImpl$CameraHandlerExecutor.execute(CameraDeviceImpl.java:2888)
05-15 07:48:01.858 26949 26991 W MessageQueue: 	at android.hardware.camera2.impl.CameraDeviceImpl$ClientStateCallback.onClosed(CameraDeviceImpl.java:348)
05-15 07:48:01.858 26949 26991 W MessageQueue: 	at android.hardware.camera2.impl.CameraDeviceImpl$7.run(CameraDeviceImpl.java:301)
05-15 07:48:01.858 26949 26991 W MessageQueue: 	at java.util.concurrent.ThreadPoolExecutor.runWorker(ThreadPoolExecutor.java:1154)
05-15 07:48:01.858 26949 26991 W MessageQueue: 	at java.util.concurrent.ThreadPoolExecutor$Worker.run(ThreadPoolExecutor.java:652)
05-15 07:48:01.858 26949 26991 W MessageQueue: 	at java.lang.Thread.run(Thread.java:1564)
05-15 07:48:01.863 26949 27164 I Process : Sending signal. PID: 26949 SIG: 9
05-15 07:48:10.194 27650 27650 I Zygote  : Process 27650 created for com.example.latent
05-15 07:48:10.194 27650 27650 I .example.latent: Late-enabling -Xcheck:jni
05-15 07:48:10.205 27650 27650 I .example.latent: Using CollectorTypeCMC GC.
05-15 07:48:10.208 27650 27650 D nativeloader: Load libframework-connectivity-tiramisu-jni.so using APEX ns com_android_tethering for caller /apex/com.android.tethering/javalib/framework-connectivity-t.jar: ok
05-15 07:48:10.209 27650 27650 D ActivityThread: setConscryptValidator
05-15 07:48:10.209 27650 27650 D ActivityThread: setConscryptValidator - put
05-15 07:48:10.217 27650 27650 D ApplicationLoaders: Returning zygote-cached class loader: /system_ext/framework/androidx.window.extensions.jar
05-15 07:48:10.217 27650 27650 D ApplicationLoaders: Returning zygote-cached class loader: /system_ext/framework/androidx.window.sidecar.jar
05-15 07:48:10.335 27650 27650 D nativeloader: Configuring clns-9 for other apk /data/app/~~pmVstTdlhoc_g9N7zRsADg==/com.example.latent-yiEqtZsl0am2jNtYf-eFcQ==/base.apk. target_sdk_version=36, uses_libraries=, library_path=/data/app/~~pmVstTdlhoc_g9N7zRsADg==/com.example.latent-yiEqtZsl0am2jNtYf-eFcQ==/lib/arm64:/data/app/~~pmVstTdlhoc_g9N7zRsADg==/com.example.latent-yiEqtZsl0am2jNtYf-eFcQ==/base.apk!/lib/arm64-v8a, permitted_path=/data:/mnt/expand:/data/user/0/com.example.latent
05-15 07:48:10.337 27650 27650 V GraphicsEnvironment: Currently set values for:
05-15 07:48:10.337 27650 27650 V GraphicsEnvironment:   angle_gl_driver_selection_pkgs=[]
05-15 07:48:10.337 27650 27650 V GraphicsEnvironment:   angle_gl_driver_selection_values=[]
05-15 07:48:10.337 27650 27650 V GraphicsEnvironment: com.example.latent is not listed in per-application setting
05-15 07:48:10.337 27650 27650 V GraphicsEnvironment: ANGLE allowlist from config: com.dreamgames.royalmatch com.dts.freefiremax com.dxx.firenow com.gramgames.mergedragons com.ludo.king com.mojang.minecraftpe com.my.defense com.nintendo.zaka com.os.airforce com.playrix.fishdomdd.gplay io.teslatech.callbreak jp.konami.prospia net.peakgames.toonblast
05-15 07:48:10.337 27650 27650 V GraphicsEnvironment: No special selections for ANGLE, returning default driver choice
05-15 07:48:10.337 27650 27650 V GraphicsEnvironment: App is not on the allowlist for updatable production driver.
05-15 07:48:10.348 27650 27650 D ActivityThread: com.example.latent will use render engine as VK
05-15 07:48:10.348 27650 27650 D HWUI    : HWUI - treat SMPTE_170M as sRGB
05-15 07:48:10.349 27650 27669 I DisplayManager: Choreographer implicitly registered for the refresh rate.
05-15 07:48:10.349 27650 27669 D HWUI    : CacheManager constructor. deviceInfo=(1080, 1920)
05-15 07:48:10.349 27650 27669 D vulkan  : searching for layers in '/data/app/~~pmVstTdlhoc_g9N7zRsADg==/com.example.latent-yiEqtZsl0am2jNtYf-eFcQ==/lib/arm64'
05-15 07:48:10.349 27650 27669 D vulkan  : searching for layers in '/data/app/~~pmVstTdlhoc_g9N7zRsADg==/com.example.latent-yiEqtZsl0am2jNtYf-eFcQ==/base.apk!/lib/arm64-v8a'
05-15 07:48:10.351 27650 27650 D DesktopExperienceFlags: Toggle override initialized to: false
05-15 07:48:10.353 27650 27650 E ashmem  : Pinning is deprecated since Android Q. Please use trim or other methods.
05-15 07:48:10.353 27650 27669 E Adreno-AppProfiles: QSPM AIDL service doesn't exist
05-15 07:48:10.353 27650 27669 I AdrenoVK-0: ===== BEGIN DUMP OF OVERRIDDEN SETTINGS =====
05-15 07:48:10.353 27650 27669 I AdrenoVK-0: ===== END DUMP OF OVERRIDDEN SETTINGS =====
05-15 07:48:10.354 27650 27669 E Adreno-AppProfiles: QSPM AIDL service doesn't exist
05-15 07:48:10.354 27650 27669 I AdrenoVK-0: ===== BEGIN DUMP OF OVERRIDDEN SETTINGS =====
05-15 07:48:10.354 27650 27669 I AdrenoVK-0: ===== END DUMP OF OVERRIDDEN SETTINGS =====
05-15 07:48:10.355 27650 27669 D qdgralloc: Fetching IMapper5 from QtiMapper5
05-15 07:48:10.356 27650 27650 D CompatChangeReporter: Compat change id reported: 377864165; UID 10736; state: ENABLED
05-15 07:48:10.356 27650 27650 D DesktopModeFlags: Toggle override initialized to: OVERRIDE_UNSET
05-15 07:48:10.356 27650 27650 I DecorView: setWindowBackground: isPopOver=false color=ff303030 d=android.graphics.drawable.ColorDrawable@d8ffe2
05-15 07:48:10.360 27650 27669 I SnapAlloc: Graphics lib is available
05-15 07:48:10.362 27650 27669 I AdrenoVK-0: QUALCOMM build          : 87ff20b216, Ifbe74a3179
05-15 07:48:10.362 27650 27669 I AdrenoVK-0: Build Date              : 03/26/26
05-15 07:48:10.362 27650 27669 I AdrenoVK-0: Shader Compiler Version : E031.50.19.18
05-15 07:48:10.362 27650 27669 I AdrenoVK-0: Local Branch            : 
05-15 07:48:10.362 27650 27669 I AdrenoVK-0: Remote Branch           : refs/tags/AU_LINUX_ANDROID_LA.VENDOR.16.2.0.11.00.00.1195.535
05-15 07:48:10.362 27650 27669 I AdrenoVK-0: Remote Branch           : NONE
05-15 07:48:10.362 27650 27669 I AdrenoVK-0: Reconstruct Branch      : NOTHING
05-15 07:48:10.362 27650 27669 I AdrenoVK-0: Build Config            : C P 20.0.0 AArch64
05-15 07:48:10.362 27650 27669 I AdrenoVK-0: Driver Path             : /vendor/lib64/hw/vulkan.adreno.so
05-15 07:48:10.362 27650 27669 I AdrenoVK-0: Driver Version          : 0842.19.8
05-15 07:48:10.362 27650 27669 I AdrenoVK-0: PFP                     : 0x01510594
05-15 07:48:10.362 27650 27669 I AdrenoVK-0: ME                      : 0x01510025
05-15 07:48:10.362 27650 27669 I AdrenoVK-0: Application Name    : android framework
05-15 07:48:10.362 27650 27669 I AdrenoVK-0: Process Name        : com.example.latent
05-15 07:48:10.362 27650 27669 I AdrenoVK-0: Application Version : 0x00000000
05-15 07:48:10.362 27650 27669 I AdrenoVK-0: Engine Name         : android framework
05-15 07:48:10.362 27650 27669 I AdrenoVK-0: Engine Version      : 0x00000000
05-15 07:48:10.362 27650 27669 I AdrenoVK-0: Api Version         : 0x00401000
05-15 07:48:10.365 27650 27650 D ViewRootImpl: desktopMode is false
05-15 07:48:10.365 27650 27650 I ViewRootImpl: dVRR is enabled
05-15 07:48:10.365 27650 27650 D HardwareRenderer: onDisplayChanged. displayId=0 current wxh=1080x2340 mLargest wxh=0x0
05-15 07:48:10.365 27650 27650 D HardwareRenderer: Set largestWidth and largestHeight as logical resolution. (1080x2340)
05-15 07:48:10.365 27650 27669 D HWUI    : setMaxSurfaceArea requested wxh=(1080,2340) requestedSurfaceArea(2527200) mMaxSurfaceArea(2073600)
05-15 07:48:10.365 27650 27669 D NativeCustomFrequencyManager: [NativeCFMS] BpCustomFrequencyManager::BpCustomFrequencyManager()
05-15 07:48:10.367 27650 27650 D InputTransport: Input channel constructed: '9e5ead1', fd=118
