05-15 07:48:10.368 27650 27650 I InsetsController: onStateChanged: host=com.example.latent/com.example.latent.MainActivity, from=android.view.ViewRootImpl.onInsetsStateChanged:3055, state=InsetsState: {mDisplayFrame=Rect(0, 0 - 1080, 2340), mDisplayCutout=DisplayCutout{insets=Rect(0, 104 - 0, 0) waterfall=Insets{left=0, top=0, right=0, bottom=0} boundingRect={Bounds=[Rect(0, 0 - 0, 0), Rect(510, 0 - 570, 104), Rect(0, 0 - 0, 0), Rect(0, 0 - 0, 0)]} cutoutPathParserInfo={CutoutPathParserInfo{displayWidth=1080 displayHeight=2340 physicalDisplayWidth=1080 physicalDisplayHeight=2340 density={2.8125} cutoutSpec={M 0,0 H -10.66666666666667 V 37.06666666666667 H 10.66666666666667 V 0 H 0 Z @dp} rotation={0} scale={1.0} physicalPixelDisplaySizeRatio={1.0}}} sideOverrides={}}, mRoundedCorners=RoundedCorners{[RoundedCorner{position=TopLeft, radius=74, center=Point(74, 74)}, RoundedCorner{position=TopRight, radius=74, center=Point(1006, 74)}, RoundedCorner{position=BottomRight, radius=74, center=Point(1006, 2266)}, RoundedCorner{position=BottomLeft, radius=74, center=Point(74, 2266)}]}  mRoundedCornerFrame=Rect(0, 0 - 1080, 2340), mPrivacyIndicatorBounds=PrivacyIndicatorBounds {static bounds=Rect(964, 0 - 1080, 105) rotation=0}, mDisplayShape=DisplayShape{ spec=-311912193 displayWidth=1080 displayHeight=2340 physicalPixelDisplaySizeRatio=0.75 rotation=0 offsetX=0 offsetY=0 scale=1.0}, mSources= { InsetsSource: {a0210000 mType=statusBars mFrame=[0,0][1080,105] mAttachedInsets=null mVisible=true mFlags= mSideHint=TOP mBoundingRects=null}, InsetsSource: {a0210005 mType=mandatorySystemGestures mFrame=[0,0][1080,136] mAttachedInsets=null mVisible=true mFlags= mSideHint=TOP mBoundingRects=null}, InsetsSource: {a0210006 mType=tappableElement mFrame=[0,0][1080,105] mAttachedInsets=null mVisible=true mFlags= mSideHint=TOP mBoundingRects=null}, InsetsSource: {3 mType=ime mFrame=[0,0][0,0] mAttachedInsets=null mVisible=false mFlags=INVALID mSideHint=NONE mBoundingRects=null}, InsetsSource: {27 mType=displayCutout mFrame=[0,0][1080,104] mAttachedInsets=null mVisible=true mFlags= mSideHint=TOP mBoundingRects=null}, InsetsSource: {49f20001 mType=navigationBars mFrame=[0,2301][1080,2340] mAttachedInsets=null mVisible=true mFlags=SUPPRESS_SCRIM mSideHint=BOTTOM mBoundingRects=null}, InsetsSource: {49f20004 mType=systemGestures mFrame=[0,0][78,2340] mAttachedInsets=null mVisible=true mFlags= mSideHint=LEFT mBoundingRects=null}, InsetsSource: {49f20005 mType=mandatorySystemGestures mFrame=[0,2256][1080,2340] mAttachedInsets=null mVisible=true mFlags= mSideHint=BOTTOM mBoundingRects=null}, InsetsSource: {49f20006 mType=tappableElement mFrame=[0,0][0,0] mAttachedInsets=null mVisible=true mFlags= mSideHint=NONE mBoundingRects=null}, InsetsSource: {49f20024 mType=systemGestures mFrame=[1002,0][1080,2340] mAttachedInsets=null mVisible=true mFlags= mSideHint=RIGHT mBoundingRects=null} }
05-15 07:48:10.368 27650 27650 I VRI[MainActivity]@26ed4f2: synced displayState. AttachInfo displayState=2
05-15 07:48:10.369 27650 27650 I VRI[MainActivity]@26ed4f2: setView = com.android.internal.policy.DecorView@bd0104a IsHRR=false mFlingFrameRateChange=0 TM=true
05-15 07:48:10.369 27650 27650 I IDS_TAG : Starting IDS observe window
05-15 07:48:10.369 27650 27650 I IDS_TAG : Getting Shared Preference for android.app.Application@5e9bbe7 uid = 10736
05-15 07:48:10.369 27650 27650 I IDS_TAG : App android.app.Application@5e9bbe7 has not finished training
05-15 07:48:10.369 27650 27669 D HWUI    : HWUI - treat SMPTE_170M as sRGB
05-15 07:48:10.369 27650 27650 I IDS_TAG : Closing IDS observe window
05-15 07:48:10.369 27650 27650 I IDS_TAG : Getting Shared Preference for android.app.Application@5e9bbe7 uid = 10736
05-15 07:48:10.370 27650 27650 I IDS_TAG : IDS count updated to 1 for android.app.Application@5e9bbe7
05-15 07:48:10.370 27650 27650 D WindowOnBackDispatcher: setTopOnBackInvokedCallback (unwrapped): android.app.Activity$$ExternalSyntheticLambda0@506e716
05-15 07:48:10.402 27650 27650 I .example.latent: hiddenapi: Accessing hidden method Landroid/os/SystemProperties;->addChangeCallback(Ljava/lang/Runnable;)V (runtime_flags=0, domain=platform, api=unsupported) from Landroidx/compose/ui/platform/AndroidComposeView$Companion; (domain=app, TargetSdkVersion=36) using reflection: allowed
05-15 07:48:10.404 27650 27650 E VibratorInfo: Invalid frequency profile received from HAL. resonantFrequencyHz=NaN, frequenciesHz=null, outputAccelerationsGs=null
05-15 07:48:10.424 27650 27650 I CameraManagerGlobal: Connecting to camera service
05-15 07:48:10.425 27650 27650 D VendorTagDescriptor: addVendorDescriptor: vendor tag id 15622750491770684145 added
05-15 07:48:10.425 27650 27650 D VendorTagDescriptor: addVendorDescriptor: vendor tag id 8932615658386372252 added
05-15 07:48:10.426 27650 27665 I CameraManagerGlobal: Camera 0 facing CAMERA_FACING_BACK state now CAMERA_STATE_CLOSED for client com.example.latent API Level 2 User Id 0Device Id 0
05-15 07:48:10.426 27650 27665 I CameraManagerGlobal: Camera 1 facing CAMERA_FACING_FRONT state now CAMERA_STATE_CLOSED for client com.instagram.moonshot API Level 2 User Id 0Device Id 0
05-15 07:48:10.426 27650 27665 I CameraManagerGlobal: Camera 2 facing CAMERA_FACING_BACK state now CAMERA_STATE_CLOSED for client com.example.latent API Level 2 User Id 0Device Id 0
05-15 07:48:10.427 27650 27665 I CameraManagerGlobal: Camera 20 facing CAMERA_FACING_BACK state now CAMERA_STATE_CLOSED for client com.sec.android.app.camera API Level 2 User Id 0Device Id 0
05-15 07:48:10.427 27650 27665 I CameraManagerGlobal: Camera 21 facing CAMERA_FACING_BACK state now CAMERA_STATE_CLOSED for client android.system API Level 2 User Id 0Device Id 0
05-15 07:48:10.427 27650 27665 I CameraManagerGlobal: Camera 23 facing CAMERA_FACING_BACK state now CAMERA_STATE_CLOSED for client com.sec.android.app.camera API Level 2 User Id 0Device Id 0
05-15 07:48:10.427 27650 27665 I CameraManagerGlobal: Camera 24 facing CAMERA_FACING_BACK state now CAMERA_STATE_CLOSED for client android.system API Level 2 User Id 0Device Id 0
05-15 07:48:10.427 27650 27665 I CameraManagerGlobal: Camera 3 facing CAMERA_FACING_FRONT state now CAMERA_STATE_CLOSED for client android.system API Level 2 User Id 0Device Id 0
05-15 07:48:10.428 27650 27665 I CameraManagerGlobal: Camera 4 facing CAMERA_FACING_FRONT state now CAMERA_STATE_CLOSED for client client.pid<2907> API Level 2 User Id 0Device Id 0
05-15 07:48:10.428 27650 27665 I CameraManagerGlobal: Camera 52 facing CAMERA_FACING_BACK state now CAMERA_STATE_CLOSED for client android.system API Level 2 User Id 0Device Id 0
05-15 07:48:10.428 27650 27665 I CameraManagerGlobal: Camera 54 facing CAMERA_FACING_BACK state now CAMERA_STATE_CLOSED for client android.system API Level 2 User Id 0Device Id 0
05-15 07:48:10.428 27650 27665 I CameraManagerGlobal: Camera 56 facing CAMERA_FACING_BACK state now CAMERA_STATE_CLOSED for client com.sec.android.app.camera API Level 2 User Id 0Device Id 0
05-15 07:48:10.428 27650 27665 I CameraManagerGlobal: Camera 58 facing CAMERA_FACING_BACK state now CAMERA_STATE_CLOSED for client android.system API Level 2 User Id 0Device Id 0
05-15 07:48:10.428 27650 27665 I CameraManagerGlobal: Camera 90 facing CAMERA_FACING_FRONT state now CAMERA_STATE_CLOSED for client android.system API Level 2 User Id 0Device Id 0
05-15 07:48:10.449 27650 27650 D VRI[MainActivity]@26ed4f2: WindowInsets changed: 1080x2340 statusBars:[0,105,0,0] navigationBars:[0,0,0,39] mandatorySystemGestures:[0,136,0,84] 
05-15 07:48:10.452 27650 27657 I .example.latent: Compiler allocated 5203KB to compile void android.view.ViewRootImpl.performTraversals()
05-15 07:48:10.454 27650 27650 I HWUI    : Using FreeType backend (prop=Auto)
05-15 07:48:10.461 27650 27650 E BufferQueueProducer: Unable to open libpenguin.so: dlopen failed: library "libpenguin.so" not found.
05-15 07:48:10.461 27650 27650 E .example.latent: Unable to open libpenguin.so: dlopen failed: library "libpenguin.so" not found.
05-15 07:48:10.461 27650 27650 I BufferQueueProducer: [](id:6c0200000000,api:0,p:463652528,c:27650) setDequeueTimeout:2077252342
05-15 07:48:10.461 27650 27650 I BLASTBufferQueue_Java: new BLASTBufferQueue, mName= VRI[MainActivity]@26ed4f2 mNativeObject= 0xb4000072eba126c0 caller= android.view.ViewRootImpl.updateBlastSurfaceIfNeeded:3628 android.view.ViewRootImpl.relayoutWindow:11834 android.view.ViewRootImpl.performTraversals:4864 android.view.ViewRootImpl.doTraversal:3984 android.view.ViewRootImpl$TraversalRunnable.run:13055 android.view.Choreographer$CallbackRecord.run:1961 android.view.Choreographer$CallbackRecord.run:1970 android.view.Choreographer.doCallbacks:1423 android.view.Choreographer.doFrame:1348 android.view.Choreographer$FrameDisplayEventReceiver.run:1930 
05-15 07:48:10.461 27650 27650 I BLASTBufferQueue_Java: update, w= 1080 h= 2340 mName = VRI[MainActivity]@26ed4f2 mNativeObject= 0xb4000072eba126c0 sc.mNativeObject= 0xb4000071fba14590 format= -1 caller= android.view.ViewRootImpl.updateBlastSurfaceIfNeeded:3633 android.view.ViewRootImpl.relayoutWindow:11834 android.view.ViewRootImpl.performTraversals:4864 android.view.ViewRootImpl.doTraversal:3984 android.view.ViewRootImpl$TraversalRunnable.run:13055 android.view.Choreographer$CallbackRecord.run:1961 
05-15 07:48:10.462 27650 27650 I VRI[MainActivity]@26ed4f2: Relayout returned: old=(0,0,1080,2340) new=(0,0,1080,2340) relayoutAsync=false req=(1080,2340)0 dur=2 res=0x3 s={true 0xb40000719ba2f660} ch=true seqId=0
05-15 07:48:10.462 27650 27650 I VRI[MainActivity]@26ed4f2: performConfigurationChange setNightDimText nightDimLevel=0
05-15 07:48:10.462 27650 27650 D VRI[MainActivity]@26ed4f2: mThreadedRenderer.initialize() mSurface={isValid=true 0xb40000719ba2f660} hwInitialized=true
05-15 07:48:10.468 27650 27650 D VRI[MainActivity]@26ed4f2: reportNextDraw android.view.ViewRootImpl.performTraversals:5528 android.view.ViewRootImpl.doTraversal:3984 android.view.ViewRootImpl$TraversalRunnable.run:13055 android.view.Choreographer$CallbackRecord.run:1961 android.view.Choreographer$CallbackRecord.run:1970 
05-15 07:48:10.468 27650 27650 D VRI[MainActivity]@26ed4f2: Setup new sync=wmsSync-VRI[MainActivity]@26ed4f2#0
05-15 07:48:10.468 27650 27650 I VRI[MainActivity]@26ed4f2: Creating new active sync group VRI[MainActivity]@26ed4f2#1
05-15 07:48:10.468 27650 27650 D VRI[MainActivity]@26ed4f2: registerCallbacksForSync syncBuffer=false
05-15 07:48:10.470 27650 27650 I View    : setRequestedFrameRate frameRate=0.0, this=androidx.compose.ui.platform.AndroidComposeView{4b8ddd9 VFED..... ........ 0,0-1080,2340 aid=1073741824}, caller=android.view.ViewGroup.setRequestedFrameRate:10045 androidx.compose.ui.platform.Api35Impl.setRequestedFrameRate:3822 androidx.compose.ui.platform.AndroidComposeView.dispatchDraw:2114 android.view.View.draw:26750 android.view.View.updateDisplayListIfDirty:25577 
05-15 07:48:10.470 27650 27650 I View    : setRequestedFrameRate frameRate=-4.0, this=android.view.View{556bdcf V.ED..... ......I. 0,0-0,0}, caller=androidx.compose.ui.platform.Api35Impl.setRequestedFrameRate:3822 androidx.compose.ui.platform.AndroidComposeView.dispatchDraw:2115 android.view.View.draw:26750 android.view.View.updateDisplayListIfDirty:25577 android.view.View.draw:26477 
05-15 07:48:10.470 27650 27650 I VRI[MainActivity]@26ed4f2: Requested frameRateCategory 6 by android.view.View{556bdcf V.ED..... ........ 0,0-0,0}
05-15 07:48:10.470 27650 27673 D VRI[MainActivity]@26ed4f2: Received frameDrawingCallback syncResult=0 frameNum=1.
05-15 07:48:10.470 27650 27673 I VRI[MainActivity]@26ed4f2: mWNT: t=0xb40000726ba294e0 mBlastBufferQueue=0xb4000072eba126c0 fn= 1 HdrRenderState mRenderHdrSdrRatio=1.0 caller= android.view.ViewRootImpl$12.onFrameDraw:15582 android.view.ThreadedRenderer$1.onFrameDraw:751 <bottom of call stack> 
05-15 07:48:10.470 27650 27673 I VRI[MainActivity]@26ed4f2: Setting up sync and frameCommitCallback
05-15 07:48:10.471 27650 27669 I AdrenoUtils: <ReadGpuID:1333>: Reading chip ID through GSL
05-15 07:48:10.476 27650 27669 I AdrenoVK-0: Shader compilation failed for shaderType: 0
05-15 07:48:10.476 27650 27669 I AdrenoVK-0: Pipeline create failed
05-15 07:48:10.487 27650 27669 I AdrenoVK-0: Shader compilation failed for shaderType: 0
05-15 07:48:10.487 27650 27669 I AdrenoVK-0: Pipeline create failed
05-15 07:48:10.492 27650 27669 I AdrenoVK-0: Shader compilation failed for shaderType: 0
05-15 07:48:10.492 27650 27669 I AdrenoVK-0: Pipeline create failed
05-15 07:48:10.497 27650 27669 I AdrenoVK-0: Shader compilation failed for shaderType: 0
05-15 07:48:10.497 27650 27669 I AdrenoVK-0: Pipeline create failed
05-15 07:48:10.500 27650 27669 I AdrenoVK-0: Shader compilation failed for shaderType: 0
05-15 07:48:10.500 27650 27669 I AdrenoVK-0: Pipeline create failed
05-15 07:48:10.505 27650 27669 I AdrenoVK-0: Shader compilation failed for shaderType: 6
05-15 07:48:10.505 27650 27669 I AdrenoVK-0: Pipeline create failed
05-15 07:48:10.508 27650 27669 I BLASTBufferQueue: [VRI[MainActivity]@26ed4f2#0](f:0,a:0,s:0) onFrameAvailable the first frame is available
05-15 07:48:10.508 27650 27669 I SurfaceComposerClient: apply transaction with the first frame. layerId: 34361, bufferData(ID: 118755845734403, frameNumber: 1)
05-15 07:48:10.508 27650 27669 I VRI[MainActivity]@26ed4f2: Received frameCommittedCallback lastAttemptedDrawFrameNum=1 didProduceBuffer=true
05-15 07:48:10.508 27650 27669 D HWUI    : CFMS:: SetUp Pid : 27650    Tid : 27669
05-15 07:48:10.508 27650 27650 D VRI[MainActivity]@26ed4f2: reportDrawFinished seqId=0
05-15 07:48:10.508 27650 27650 D VRI[MainActivity]@26ed4f2: call clearFrameRate
05-15 07:48:10.508 27650 27650 I VRI[MainActivity]@26ed4f2: call setFrameRateCategory category=high, reason=boost, vri=VRI[MainActivity]@26ed4f2
05-15 07:48:10.518 27650 27650 I View    : setRequestedFrameRate frameRate=NaN, this=androidx.compose.ui.platform.AndroidComposeView{4b8ddd9 VFED..... ........ 0,0-1080,2340 aid=1073741824}, caller=android.view.ViewGroup.setRequestedFrameRate:10045 androidx.compose.ui.platform.Api35Impl.setRequestedFrameRate:3822 androidx.compose.ui.platform.AndroidComposeView.dispatchDraw:2114 android.view.View.draw:26750 android.view.View.updateDisplayListIfDirty:25577 
05-15 07:48:10.518 27650 27650 I View    : setRequestedFrameRate frameRate=NaN, this=android.view.View{556bdcf V.ED..... ........ 0,0-0,0}, caller=androidx.compose.ui.platform.Api35Impl.setRequestedFrameRate:3822 androidx.compose.ui.platform.AndroidComposeView.dispatchDraw:2115 android.view.View.draw:26750 android.view.View.updateDisplayListIfDirty:25577 android.view.View.draw:26477 
05-15 07:48:10.519 27650 27650 I InsetsSourceConsumer: applyRequestedVisibilityToControl: visible=true, type=navigationBars, host=com.example.latent/com.example.latent.MainActivity
05-15 07:48:10.519 27650 27650 I InsetsSourceConsumer: applyRequestedVisibilityToControl: visible=true, type=statusBars, host=com.example.latent/com.example.latent.MainActivity
05-15 07:48:10.526 27650 27650 D VRI[MainActivity]@26ed4f2: mThreadedRenderer.initializeIfNeeded()#2 mSurface={isValid=true 0xb40000719ba2f660}
05-15 07:48:10.526 27650 27650 D InputMethodManagerUtils: startInputInner - Id : 0
05-15 07:48:10.526 27650 27650 I InputMethodManager: startInputInner - IInputMethodManagerGlobalInvoker.startInputOrWindowGainedFocus
05-15 07:48:10.528 27650 27688 D nativeloader: Load /data/app/~~pmVstTdlhoc_g9N7zRsADg==/com.example.latent-yiEqtZsl0am2jNtYf-eFcQ==/base.apk!/lib/arm64-v8a/libspectralfilm_ndk.so using class loader ns clns-9 (caller=/data/app/~~pmVstTdlhoc_g9N7zRsADg==/com.example.latent-yiEqtZsl0am2jNtYf-eFcQ==/base.apk!classes6.dex): ok
05-15 07:48:10.529 27650 27688 I FilmProcessor: Loaded authentic film stock: Kodak Portra 160
05-15 07:48:10.533 27650 27650 I ImeFocusController: onPreWindowFocus: skipped hasWindowFocus=false mHasImeFocus=true
05-15 07:48:10.533 27650 27650 I ImeFocusController: onPostWindowFocus: skipped hasWindowFocus=false mHasImeFocus=true
05-15 07:48:10.912 27650 27650 I View    : setRequestedFrameRate frameRate=NaN, this=androidx.compose.ui.platform.AndroidComposeView{4b8ddd9 VFED..... ......ID 0,0-1080,2340 aid=1073741824}, caller=android.view.ViewGroup.setRequestedFrameRate:10045 androidx.compose.ui.platform.Api35Impl.setRequestedFrameRate:3822 androidx.compose.ui.platform.AndroidComposeView.dispatchDraw:2114 android.view.View.draw:26750 android.view.View.updateDisplayListIfDirty:25577 
05-15 07:48:10.912 27650 27650 I View    : setRequestedFrameRate frameRate=NaN, this=android.view.View{556bdcf V.ED..... ........ 0,0-0,0}, caller=androidx.compose.ui.platform.Api35Impl.setRequestedFrameRate:3822 androidx.compose.ui.platform.AndroidComposeView.dispatchDraw:2115 android.view.View.draw:26750 android.view.View.updateDisplayListIfDirty:25577 android.view.ViewGroup.recreateChildDisplayList:4881 
05-15 07:48:10.918 27650 27650 I View    : setRequestedFrameRate frameRate=NaN, this=androidx.compose.ui.platform.AndroidComposeView{4b8ddd9 VFED..... ........ 0,0-1080,2340 aid=1073741824}, caller=android.view.ViewGroup.setRequestedFrameRate:10045 androidx.compose.ui.platform.Api35Impl.setRequestedFrameRate:3822 androidx.compose.ui.platform.AndroidComposeView.dispatchDraw:2114 android.view.View.draw:26750 android.view.View.updateDisplayListIfDirty:25577 
05-15 07:48:10.918 27650 27650 I View    : setRequestedFrameRate frameRate=NaN, this=android.view.View{556bdcf V.ED..... ........ 0,0-0,0}, caller=androidx.compose.ui.platform.Api35Impl.setRequestedFrameRate:3822 androidx.compose.ui.platform.AndroidComposeView.dispatchDraw:2115 android.view.View.draw:26750 android.view.View.updateDisplayListIfDirty:25577 android.view.ViewGroup.recreateChildDisplayList:4881 
05-15 07:48:11.398 27650 27650 I AdrenoGLES-0: QUALCOMM build                   : 87ff20b216, Ifbe74a3179
05-15 07:48:11.398 27650 27650 I AdrenoGLES-0: Build Date                       : 03/26/26
05-15 07:48:11.398 27650 27650 I AdrenoGLES-0: OpenGL ES Shader Compiler Version: E031.50.19.18
05-15 07:48:11.398 27650 27650 I AdrenoGLES-0: Local Branch                     : 
05-15 07:48:11.398 27650 27650 I AdrenoGLES-0: Remote Branch                    : refs/tags/AU_LINUX_ANDROID_LA.VENDOR.16.2.0.11.00.00.1195.535
05-15 07:48:11.398 27650 27650 I AdrenoGLES-0: Remote Branch                    : NONE
05-15 07:48:11.398 27650 27650 I AdrenoGLES-0: Reconstruct Branch               : NOTHING
05-15 07:48:11.398 27650 27650 I AdrenoGLES-0: Build Config                     : C P 20.0.0 AArch64
05-15 07:48:11.398 27650 27650 I AdrenoGLES-0: Driver Path                      : /vendor/lib64/egl/libGLESv2_adreno.so
05-15 07:48:11.398 27650 27650 I AdrenoGLES-0: Driver Version                   : 0842.19.8
05-15 07:48:11.398 27650 27650 I AdrenoGLES-0: Process Name                     : com.example.latent
05-15 07:48:11.400 27650 27650 I AdrenoGLES-0: PFP: 0x01510594, ME: 0x01510025
05-15 07:48:11.400 27650 27650 E Adreno-AppProfiles: QSPM AIDL service doesn't exist
05-15 07:48:11.409 27650 27665 I CameraManagerGlobal: Camera 0 facing CAMERA_FACING_BACK state now CAMERA_STATE_OPENING for client com.example.latent API Level 2 User Id 0Device Id 0
05-15 07:48:11.411 27650 27665 I CameraManagerGlobal: Camera 0 facing CAMERA_FACING_BACK state now CAMERA_STATE_OPEN for client com.example.latent API Level 2 User Id 0Device Id 0
05-15 07:48:11.412 27650 27650 I View    : setRequestedFrameRate frameRate=NaN, this=androidx.compose.ui.platform.AndroidComposeView{4b8ddd9 VFED..... ........ 0,0-1080,2340 aid=1073741824}, caller=android.view.ViewGroup.setRequestedFrameRate:10045 androidx.compose.ui.platform.Api35Impl.setRequestedFrameRate:3822 androidx.compose.ui.platform.AndroidComposeView.dispatchDraw:2114 android.view.View.draw:26750 android.view.View.updateDisplayListIfDirty:25577 
05-15 07:48:11.412 27650 27650 I View    : setRequestedFrameRate frameRate=NaN, this=android.view.View{556bdcf V.ED..... ........ 0,0-0,0}, caller=androidx.compose.ui.platform.Api35Impl.setRequestedFrameRate:3822 androidx.compose.ui.platform.AndroidComposeView.dispatchDraw:2115 android.view.View.draw:26750 android.view.View.updateDisplayListIfDirty:25577 android.view.ViewGroup.recreateChildDisplayList:4881 
05-15 07:48:11.412 27650 27739 I Camera2Controller: RAW stream locked to physical camera: 5 (42mm)
05-15 07:48:11.416 27650 27650 I InsetsSourceConsumer: applyRequestedVisibilityToControl: visible=true, type=navigationBars, host=com.example.latent/com.example.latent.MainActivity
05-15 07:48:11.416 27650 27650 I InsetsSourceConsumer: applyRequestedVisibilityToControl: visible=true, type=statusBars, host=com.example.latent/com.example.latent.MainActivity
05-15 07:48:11.418 27650 27650 D VRI[MainActivity]@26ed4f2: mThreadedRenderer.initializeIfNeeded()#2 mSurface={isValid=true 0xb40000719ba2f660}
05-15 07:48:11.418 27650 27650 D InputMethodManagerUtils: startInputInner - Id : 0
05-15 07:48:11.418 27650 27650 I InputMethodManager: startInputInner - IInputMethodManagerGlobalInvoker.startInputOrWindowGainedFocus
05-15 07:48:11.420 27650 27650 I GLESPreviewRenderer: Uploaded 3D LUT to GPU (size 33)
05-15 07:48:11.420 27650 27650 D InsetsController: hide(ime())
05-15 07:48:11.420 27650 27650 I ImeTracker: com.example.latent:990a0816: onCancelled at PHASE_CLIENT_ALREADY_HIDDEN
05-15 07:48:11.422 27650 27684 D InputTransport: Input channel constructed: 'ClientS', fd=168
05-15 07:48:11.604 27650 27684 I CameraManagerGlobal: Camera 0 facing CAMERA_FACING_BACK state now CAMERA_STATE_ACTIVE for client com.example.latent API Level 2 User Id 0Device Id 0
05-15 07:48:11.834 27650 27650 I .example.latent: EglImage dataspace changed, need recreate
05-15 07:48:11.843 27650 27650 I View    : setRequestedFrameRate frameRate=NaN, this=androidx.compose.ui.platform.AndroidComposeView{4b8ddd9 VFED..... ........ 0,0-1080,2340 aid=1073741824}, caller=android.view.ViewGroup.setRequestedFrameRate:10045 androidx.compose.ui.platform.Api35Impl.setRequestedFrameRate:3822 androidx.compose.ui.platform.AndroidComposeView.dispatchDraw:2114 android.view.View.draw:26750 android.view.View.updateDisplayListIfDirty:25577 
05-15 07:48:11.843 27650 27650 I View    : setRequestedFrameRate frameRate=NaN, this=android.view.View{556bdcf V.ED..... ........ 0,0-0,0}, caller=androidx.compose.ui.platform.Api35Impl.setRequestedFrameRate:3822 androidx.compose.ui.platform.AndroidComposeView.dispatchDraw:2115 android.view.View.draw:26750 android.view.View.updateDisplayListIfDirty:25577 android.view.ViewGroup.recreateChildDisplayList:4881 
05-15 07:48:11.846 27650 27669 I AdrenoVK-0: Shader compilation failed for shaderType: 0
05-15 07:48:11.846 27650 27669 I AdrenoVK-0: Pipeline create failed
05-15 07:48:11.851 27650 27669 I AdrenoVK-0: Failed to link shaders.
05-15 07:48:11.851 27650 27669 I AdrenoVK-0: Pipeline create failed
05-15 07:48:11.899 27650 27650 I .example.latent: EglImage dataspace changed, need recreate
05-15 07:48:11.910 27650 27650 I View    : setRequestedFrameRate frameRate=NaN, this=androidx.compose.ui.platform.AndroidComposeView{4b8ddd9 VFED..... ........ 0,0-1080,2340 aid=1073741824}, caller=android.view.ViewGroup.setRequestedFrameRate:10045 androidx.compose.ui.platform.Api35Impl.setRequestedFrameRate:3822 androidx.compose.ui.platform.AndroidComposeView.dispatchDraw:2114 android.view.View.draw:26750 android.view.View.updateDisplayListIfDirty:25577 
05-15 07:48:11.910 27650 27650 I View    : setRequestedFrameRate frameRate=NaN, this=android.view.View{556bdcf V.ED..... ........ 0,0-0,0}, caller=androidx.compose.ui.platform.Api35Impl.setRequestedFrameRate:3822 androidx.compose.ui.platform.AndroidComposeView.dispatchDraw:2115 android.view.View.draw:26750 android.view.View.updateDisplayListIfDirty:25577 android.view.ViewGroup.recreateChildDisplayList:4881 
05-15 07:48:11.937 27650 27650 I .example.latent: EglImage dataspace changed, need recreate
05-15 07:48:11.943 27650 27650 I View    : setRequestedFrameRate frameRate=NaN, this=androidx.compose.ui.platform.AndroidComposeView{4b8ddd9 VFED..... ........ 0,0-1080,2340 aid=1073741824}, caller=android.view.ViewGroup.setRequestedFrameRate:10045 androidx.compose.ui.platform.Api35Impl.setRequestedFrameRate:3822 androidx.compose.ui.platform.AndroidComposeView.dispatchDraw:2114 android.view.View.draw:26750 android.view.View.updateDisplayListIfDirty:25577 
05-15 07:48:11.943 27650 27650 I View    : setRequestedFrameRate frameRate=NaN, this=android.view.View{556bdcf V.ED..... ........ 0,0-0,0}, caller=androidx.compose.ui.platform.Api35Impl.setRequestedFrameRate:3822 androidx.compose.ui.platform.AndroidComposeView.dispatchDraw:2115 android.view.View.draw:26750 android.view.View.updateDisplayListIfDirty:25577 android.view.ViewGroup.recreateChildDisplayList:4881 
05-15 07:48:11.968 27650 27650 I .example.latent: EglImage dataspace changed, need recreate
05-15 07:48:11.976 27650 27650 I View    : setRequestedFrameRate frameRate=NaN, this=androidx.compose.ui.platform.AndroidComposeView{4b8ddd9 VFED..... ........ 0,0-1080,2340 aid=1073741824}, caller=android.view.ViewGroup.setRequestedFrameRate:10045 androidx.compose.ui.platform.Api35Impl.setRequestedFrameRate:3822 androidx.compose.ui.platform.AndroidComposeView.dispatchDraw:2114 android.view.View.draw:26750 android.view.View.updateDisplayListIfDirty:25577 
05-15 07:48:11.977 27650 27650 I View    : setRequestedFrameRate frameRate=NaN, this=android.view.View{556bdcf V.ED..... ........ 0,0-0,0}, caller=androidx.compose.ui.platform.Api35Impl.setRequestedFrameRate:3822 androidx.compose.ui.platform.AndroidComposeView.dispatchDraw:2115 android.view.View.draw:26750 android.view.View.updateDisplayListIfDirty:25577 android.view.ViewGroup.recreateChildDisplayList:4881 
05-15 07:48:12.004 27650 27650 I .example.latent: EglImage dataspace changed, need recreate
05-15 07:48:12.010 27650 27650 I View    : setRequestedFrameRate frameRate=NaN, this=androidx.compose.ui.platform.AndroidComposeView{4b8ddd9 VFED..... ........ 0,0-1080,2340 aid=1073741824}, caller=android.view.ViewGroup.setRequestedFrameRate:10045 androidx.compose.ui.platform.Api35Impl.setRequestedFrameRate:3822 androidx.compose.ui.platform.AndroidComposeView.dispatchDraw:2114 android.view.View.draw:26750 android.view.View.updateDisplayListIfDirty:25577 
05-15 07:48:12.010 27650 27650 I View    : setRequestedFrameRate frameRate=NaN, this=android.view.View{556bdcf V.ED..... ........ 0,0-0,0}, caller=androidx.compose.ui.platform.Api35Impl.setRequestedFrameRate:3822 androidx.compose.ui.platform.AndroidComposeView.dispatchDraw:2115 android.view.View.draw:26750 android.view.View.updateDisplayListIfDirty:25577 android.view.ViewGroup.recreateChildDisplayList:4881 
05-15 07:48:12.042 27650 27650 I .example.latent: EglImage dataspace changed, need recreate
05-15 07:48:12.060 27650 27650 I View    : setRequestedFrameRate frameRate=NaN, this=androidx.compose.ui.platform.AndroidComposeView{4b8ddd9 VFED..... ........ 0,0-1080,2340 aid=1073741824}, caller=android.view.ViewGroup.setRequestedFrameRate:10045 androidx.compose.ui.platform.Api35Impl.setRequestedFrameRate:3822 androidx.compose.ui.platform.AndroidComposeView.dispatchDraw:2114 android.view.View.draw:26750 android.view.View.updateDisplayListIfDirty:25577 
05-15 07:48:12.060 27650 27650 I View    : setRequestedFrameRate frameRate=NaN, this=android.view.View{556bdcf V.ED..... ........ 0,0-0,0}, caller=androidx.compose.ui.platform.Api35Impl.setRequestedFrameRate:3822 androidx.compose.ui.platform.AndroidComposeView.dispatchDraw:2115 android.view.View.draw:26750 android.view.View.updateDisplayListIfDirty:25577 android.view.ViewGroup.recreateChildDisplayList:4881 
05-15 07:48:12.074 27650 27650 I .example.latent: EglImage dataspace changed, need recreate
05-15 07:48:12.076 27650 27650 I View    : setRequestedFrameRate frameRate=NaN, this=androidx.compose.ui.platform.AndroidComposeView{4b8ddd9 VFED..... ........ 0,0-1080,2340 aid=1073741824}, caller=android.view.ViewGroup.setRequestedFrameRate:10045 androidx.compose.ui.platform.Api35Impl.setRequestedFrameRate:3822 androidx.compose.ui.platform.AndroidComposeView.dispatchDraw:2114 android.view.View.draw:26750 android.view.View.updateDisplayListIfDirty:25577 
05-15 07:48:12.076 27650 27650 I View    : setRequestedFrameRate frameRate=NaN, this=android.view.View{556bdcf V.ED..... ........ 0,0-0,0}, caller=androidx.compose.ui.platform.Api35Impl.setRequestedFrameRate:3822 androidx.compose.ui.platform.AndroidComposeView.dispatchDraw:2115 android.view.View.draw:26750 android.view.View.updateDisplayListIfDirty:25577 android.view.ViewGroup.recreateChildDisplayList:4881 
05-15 07:48:12.109 27650 27650 I View    : setRequestedFrameRate frameRate=NaN, this=androidx.compose.ui.platform.AndroidComposeView{4b8ddd9 VFED..... ........ 0,0-1080,2340 aid=1073741824}, caller=android.view.ViewGroup.setRequestedFrameRate:10045 androidx.compose.ui.platform.Api35Impl.setRequestedFrameRate:3822 androidx.compose.ui.platform.AndroidComposeView.dispatchDraw:2114 android.view.View.draw:26750 android.view.View.updateDisplayListIfDirty:25577 
05-15 07:48:12.109 27650 27650 I View    : setRequestedFrameRate frameRate=NaN, this=android.view.View{556bdcf V.ED..... ........ 0,0-0,0}, caller=androidx.compose.ui.platform.Api35Impl.setRequestedFrameRate:3822 androidx.compose.ui.platform.AndroidComposeView.dispatchDraw:2115 android.view.View.draw:26750 android.view.View.updateDisplayListIfDirty:25577 android.view.ViewGroup.recreateChildDisplayList:4881 
05-15 07:48:12.160 27650 27650 I View    : setRequestedFrameRate frameRate=NaN, this=androidx.compose.ui.platform.AndroidComposeView{4b8ddd9 VFED..... ........ 0,0-1080,2340 aid=1073741824}, caller=android.view.ViewGroup.setRequestedFrameRate:10045 androidx.compose.ui.platform.Api35Impl.setRequestedFrameRate:3822 androidx.compose.ui.platform.AndroidComposeView.dispatchDraw:2114 android.view.View.draw:26750 android.view.View.updateDisplayListIfDirty:25577 
05-15 07:48:12.160 27650 27650 I View    : setRequestedFrameRate frameRate=NaN, this=android.view.View{556bdcf V.ED..... ........ 0,0-0,0}, caller=androidx.compose.ui.platform.Api35Impl.setRequestedFrameRate:3822 androidx.compose.ui.platform.AndroidComposeView.dispatchDraw:2115 android.view.View.draw:26750 android.view.View.updateDisplayListIfDirty:25577 android.view.ViewGroup.recreateChildDisplayList:4881 
05-15 07:48:12.161 27650 27650 I VRI[MainActivity]@26ed4f2: handleResized, frames=ClientWindowFrames{frame=[0,0][1080,2340] display=[0,0][1080,2340] parentFrame=[0,0][0,0]} displayId=0 dragResizing=false compatScale=1.0 frameChanged=false attachedFrameChanged=false configChanged=false displayChanged=false compatScaleChanged=false dragResizingChanged=false
05-15 07:48:12.194 27650 27650 I View    : setRequestedFrameRate frameRate=NaN, this=androidx.compose.ui.platform.AndroidComposeView{4b8ddd9 VFED..... ........ 0,0-1080,2340 aid=1073741824}, caller=android.view.ViewGroup.setRequestedFrameRate:10045 androidx.compose.ui.platform.Api35Impl.setRequestedFrameRate:3822 androidx.compose.ui.platform.AndroidComposeView.dispatchDraw:2114 android.view.View.draw:26750 android.view.View.updateDisplayListIfDirty:25577 
05-15 07:48:12.194 27650 27650 I View    : setRequestedFrameRate frameRate=NaN, this=android.view.View{556bdcf V.ED..... ........ 0,0-0,0}, caller=androidx.compose.ui.platform.Api35Impl.setRequestedFrameRate:3822 androidx.compose.ui.platform.AndroidComposeView.dispatchDraw:2115 android.view.View.draw:26750 android.view.View.updateDisplayListIfDirty:25577 android.view.ViewGroup.recreateChildDisplayList:4881 
05-15 07:48:12.227 27650 27650 I View    : setRequestedFrameRate frameRate=NaN, this=androidx.compose.ui.platform.AndroidComposeView{4b8ddd9 VFED..... ........ 0,0-1080,2340 aid=1073741824}, caller=android.view.ViewGroup.setRequestedFrameRate:10045 androidx.compose.ui.platform.Api35Impl.setRequestedFrameRate:3822 androidx.compose.ui.platform.AndroidComposeView.dispatchDraw:2114 android.view.View.draw:26750 android.view.View.updateDisplayListIfDirty:25577 
05-15 07:48:12.227 27650 27650 I View    : setRequestedFrameRate frameRate=NaN, this=android.view.View{556bdcf V.ED..... ........ 0,0-0,0}, caller=androidx.compose.ui.platform.Api35Impl.setRequestedFrameRate:3822 androidx.compose.ui.platform.AndroidComposeView.dispatchDraw:2115 android.view.View.draw:26750 android.view.View.updateDisplayListIfDirty:25577 android.view.ViewGroup.recreateChildDisplayList:4881 
05-15 07:48:12.260 27650 27650 I View    : setRequestedFrameRate frameRate=NaN, this=androidx.compose.ui.platform.AndroidComposeView{4b8ddd9 VFED..... ........ 0,0-1080,2340 aid=1073741824}, caller=android.view.ViewGroup.setRequestedFrameRate:10045 androidx.compose.ui.platform.Api35Impl.setRequestedFrameRate:3822 androidx.compose.ui.platform.AndroidComposeView.dispatchDraw:2114 android.view.View.draw:26750 android.view.View.updateDisplayListIfDirty:25577 
05-15 07:48:12.260 27650 27650 I View    : setRequestedFrameRate frameRate=NaN, this=android.view.View{556bdcf V.ED..... ........ 0,0-0,0}, caller=androidx.compose.ui.platform.Api35Impl.setRequestedFrameRate:3822 androidx.compose.ui.platform.AndroidComposeView.dispatchDraw:2115 android.view.View.draw:26750 android.view.View.updateDisplayListIfDirty:25577 android.view.ViewGroup.recreateChildDisplayList:4881 
05-15 07:48:12.294 27650 27650 I View    : setRequestedFrameRate frameRate=NaN, this=androidx.compose.ui.platform.AndroidComposeView{4b8ddd9 VFED..... ........ 0,0-1080,2340 aid=1073741824}, caller=android.view.ViewGroup.setRequestedFrameRate:10045 androidx.compose.ui.platform.Api35Impl.setRequestedFrameRate:3822 androidx.compose.ui.platform.AndroidComposeView.dispatchDraw:2114 android.view.View.draw:26750 android.view.View.updateDisplayListIfDirty:25577 
05-15 07:48:12.294 27650 27650 I View    : setRequestedFrameRate frameRate=NaN, this=android.view.View{556bdcf V.ED..... ........ 0,0-0,0}, caller=androidx.compose.ui.platform.Api35Impl.setRequestedFrameRate:3822 androidx.compose.ui.platform.AndroidComposeView.dispatchDraw:2115 android.view.View.draw:26750 android.view.View.updateDisplayListIfDirty:25577 android.view.ViewGroup.recreateChildDisplayList:4881 
05-15 07:48:12.309 27650 27650 I .example.latent: EglImage dataspace changed, need recreate
05-15 07:48:12.327 27650 27650 I View    : setRequestedFrameRate frameRate=NaN, this=androidx.compose.ui.platform.AndroidComposeView{4b8ddd9 VFED..... ........ 0,0-1080,2340 aid=1073741824}, caller=android.view.ViewGroup.setRequestedFrameRate:10045 androidx.compose.ui.platform.Api35Impl.setRequestedFrameRate:3822 androidx.compose.ui.platform.AndroidComposeView.dispatchDraw:2114 android.view.View.draw:26750 android.view.View.updateDisplayListIfDirty:25577 
05-15 07:48:12.327 27650 27650 I View    : setRequestedFrameRate frameRate=NaN, this=android.view.View{556bdcf V.ED..... ........ 0,0-0,0}, caller=androidx.compose.ui.platform.Api35Impl.setRequestedFrameRate:3822 androidx.compose.ui.platform.AndroidComposeView.dispatchDraw:2115 android.view.View.draw:26750 android.view.View.updateDisplayListIfDirty:25577 android.view.ViewGroup.recreateChildDisplayList:4881 
05-15 07:48:12.361 27650 27650 I View    : setRequestedFrameRate frameRate=NaN, this=androidx.compose.ui.platform.AndroidComposeView{4b8ddd9 VFED..... ........ 0,0-1080,2340 aid=1073741824}, caller=android.view.ViewGroup.setRequestedFrameRate:10045 androidx.compose.ui.platform.Api35Impl.setRequestedFrameRate:3822 androidx.compose.ui.platform.AndroidComposeView.dispatchDraw:2114 android.view.View.draw:26750 android.view.View.updateDisplayListIfDirty:25577 
05-15 07:48:12.361 27650 27650 I View    : setRequestedFrameRate frameRate=NaN, this=android.view.View{556bdcf V.ED..... ........ 0,0-0,0}, caller=androidx.compose.ui.platform.Api35Impl.setRequestedFrameRate:3822 androidx.compose.ui.platform.AndroidComposeView.dispatchDraw:2115 android.view.View.draw:26750 android.view.View.updateDisplayListIfDirty:25577 android.view.ViewGroup.recreateChildDisplayList:4881 
05-15 07:48:12.394 27650 27650 I View    : setRequestedFrameRate frameRate=NaN, this=androidx.compose.ui.platform.AndroidComposeView{4b8ddd9 VFED..... ........ 0,0-1080,2340 aid=1073741824}, caller=android.view.ViewGroup.setRequestedFrameRate:10045 androidx.compose.ui.platform.Api35Impl.setRequestedFrameRate:3822 androidx.compose.ui.platform.AndroidComposeView.dispatchDraw:2114 android.view.View.draw:26750 android.view.View.updateDisplayListIfDirty:25577 
05-15 07:48:12.394 27650 27650 I View    : setRequestedFrameRate frameRate=NaN, this=android.view.View{556bdcf V.ED..... ........ 0,0-0,0}, caller=androidx.compose.ui.platform.Api35Impl.setRequestedFrameRate:3822 androidx.compose.ui.platform.AndroidComposeView.dispatchDraw:2115 android.view.View.draw:26750 android.view.View.updateDisplayListIfDirty:25577 android.view.ViewGroup.recreateChildDisplayList:4881 
05-15 07:48:12.427 27650 27650 I View    : setRequestedFrameRate frameRate=NaN, this=androidx.compose.ui.platform.AndroidComposeView{4b8ddd9 VFED..... ........ 0,0-1080,2340 aid=1073741824}, caller=android.view.ViewGroup.setRequestedFrameRate:10045 androidx.compose.ui.platform.Api35Impl.setRequestedFrameRate:3822 androidx.compose.ui.platform.AndroidComposeView.dispatchDraw:2114 android.view.View.draw:26750 android.view.View.updateDisplayListIfDirty:25577 
05-15 07:48:12.427 27650 27650 I View    : setRequestedFrameRate frameRate=NaN, this=android.view.View{556bdcf V.ED..... ........ 0,0-0,0}, caller=androidx.compose.ui.platform.Api35Impl.setRequestedFrameRate:3822 androidx.compose.ui.platform.AndroidComposeView.dispatchDraw:2115 android.view.View.draw:26750 android.view.View.updateDisplayListIfDirty:25577 android.view.ViewGroup.recreateChildDisplayList:4881 
05-15 07:48:12.461 27650 27650 I View    : setRequestedFrameRate frameRate=NaN, this=androidx.compose.ui.platform.AndroidComposeView{4b8ddd9 VFED..... ........ 0,0-1080,2340 aid=1073741824}, caller=android.view.ViewGroup.setRequestedFrameRate:10045 androidx.compose.ui.platform.Api35Impl.setRequestedFrameRate:3822 androidx.compose.ui.platform.AndroidComposeView.dispatchDraw:2114 android.view.View.draw:26750 android.view.View.updateDisplayListIfDirty:25577 
05-15 07:48:12.461 27650 27650 I View    : setRequestedFrameRate frameRate=NaN, this=android.view.View{556bdcf V.ED..... ........ 0,0-0,0}, caller=androidx.compose.ui.platform.Api35Impl.setRequestedFrameRate:3822 androidx.compose.ui.platform.AndroidComposeView.dispatchDraw:2115 android.view.View.draw:26750 android.view.View.updateDisplayListIfDirty:25577 android.view.ViewGroup.recreateChildDisplayList:4881 
05-15 07:48:12.494 27650 27650 I View    : setRequestedFrameRate frameRate=NaN, this=androidx.compose.ui.platform.AndroidComposeView{4b8ddd9 VFED..... ........ 0,0-1080,2340 aid=1073741824}, caller=android.view.ViewGroup.setRequestedFrameRate:10045 androidx.compose.ui.platform.Api35Impl.setRequestedFrameRate:3822 androidx.compose.ui.platform.AndroidComposeView.dispatchDraw:2114 android.view.View.draw:26750 android.view.View.updateDisplayListIfDirty:25577 
05-15 07:48:12.494 27650 27650 I View    : setRequestedFrameRate frameRate=NaN, this=android.view.View{556bdcf V.ED..... ........ 0,0-0,0}, caller=androidx.compose.ui.platform.Api35Impl.setRequestedFrameRate:3822 androidx.compose.ui.platform.AndroidComposeView.dispatchDraw:2115 android.view.View.draw:26750 android.view.View.updateDisplayListIfDirty:25577 android.view.ViewGroup.recreateChildDisplayList:4881 
05-15 07:48:12.527 27650 27650 I View    : setRequestedFrameRate frameRate=NaN, this=androidx.compose.ui.platform.AndroidComposeView{4b8ddd9 VFED..... ........ 0,0-1080,2340 aid=1073741824}, caller=android.view.ViewGroup.setRequestedFrameRate:10045 androidx.compose.ui.platform.Api35Impl.setRequestedFrameRate:3822 androidx.compose.ui.platform.AndroidComposeView.dispatchDraw:2114 android.view.View.draw:26750 android.view.View.updateDisplayListIfDirty:25577 
05-15 07:48:12.527 27650 27650 I View    : setRequestedFrameRate frameRate=NaN, this=android.view.View{556bdcf V.ED..... ........ 0,0-0,0}, caller=androidx.compose.ui.platform.Api35Impl.setRequestedFrameRate:3822 androidx.compose.ui.platform.AndroidComposeView.dispatchDraw:2115 android.view.View.draw:26750 android.view.View.updateDisplayListIfDirty:25577 android.view.ViewGroup.recreateChildDisplayList:4881 
05-15 07:48:12.561 27650 27650 I View    : setRequestedFrameRate frameRate=NaN, this=androidx.compose.ui.platform.AndroidComposeView{4b8ddd9 VFED..... ........ 0,0-1080,2340 aid=1073741824}, caller=android.view.ViewGroup.setRequestedFrameRate:10045 androidx.compose.ui.platform.Api35Impl.setRequestedFrameRate:3822 androidx.compose.ui.platform.AndroidComposeView.dispatchDraw:2114 android.view.View.draw:26750 android.view.View.updateDisplayListIfDirty:25577 
05-15 07:48:12.561 27650 27650 I View    : setRequestedFrameRate frameRate=NaN, this=android.view.View{556bdcf V.ED..... ........ 0,0-0,0}, caller=androidx.compose.ui.platform.Api35Impl.setRequestedFrameRate:3822 androidx.compose.ui.platform.AndroidComposeView.dispatchDraw:2115 android.view.View.draw:26750 android.view.View.updateDisplayListIfDirty:25577 android.view.ViewGroup.recreateChildDisplayList:4881 
05-15 07:48:12.594 27650 27650 I View    : setRequestedFrameRate frameRate=NaN, this=androidx.compose.ui.platform.AndroidComposeView{4b8ddd9 VFED..... ........ 0,0-1080,2340 aid=1073741824}, caller=android.view.ViewGroup.setRequestedFrameRate:10045 androidx.compose.ui.platform.Api35Impl.setRequestedFrameRate:3822 androidx.compose.ui.platform.AndroidComposeView.dispatchDraw:2114 android.view.View.draw:26750 android.view.View.updateDisplayListIfDirty:25577 
05-15 07:48:12.594 27650 27650 I View    : setRequestedFrameRate frameRate=NaN, this=android.view.View{556bdcf V.ED..... ........ 0,0-0,0}, caller=androidx.compose.ui.platform.Api35Impl.setRequestedFrameRate:3822 androidx.compose.ui.platform.AndroidComposeView.dispatchDraw:2115 android.view.View.draw:26750 android.view.View.updateDisplayListIfDirty:25577 android.view.ViewGroup.recreateChildDisplayList:4881 
05-15 07:48:12.627 27650 27650 I View    : setRequestedFrameRate frameRate=NaN, this=androidx.compose.ui.platform.AndroidComposeView{4b8ddd9 VFED..... ........ 0,0-1080,2340 aid=1073741824}, caller=android.view.ViewGroup.setRequestedFrameRate:10045 androidx.compose.ui.platform.Api35Impl.setRequestedFrameRate:3822 androidx.compose.ui.platform.AndroidComposeView.dispatchDraw:2114 android.view.View.draw:26750 android.view.View.updateDisplayListIfDirty:25577 
05-15 07:48:12.627 27650 27650 I View    : setRequestedFrameRate frameRate=NaN, this=android.view.View{556bdcf V.ED..... ........ 0,0-0,0}, caller=androidx.compose.ui.platform.Api35Impl.setRequestedFrameRate:3822 androidx.compose.ui.platform.AndroidComposeView.dispatchDraw:2115 android.view.View.draw:26750 android.view.View.updateDisplayListIfDirty:25577 android.view.ViewGroup.recreateChildDisplayList:4881 
05-15 07:48:12.661 27650 27650 I View    : setRequestedFrameRate frameRate=NaN, this=androidx.compose.ui.platform.AndroidComposeView{4b8ddd9 VFED..... ........ 0,0-1080,2340 aid=1073741824}, caller=android.view.ViewGroup.setRequestedFrameRate:10045 androidx.compose.ui.platform.Api35Impl.setRequestedFrameRate:3822 androidx.compose.ui.platform.AndroidComposeView.dispatchDraw:2114 android.view.View.draw:26750 android.view.View.updateDisplayListIfDirty:25577 
05-15 07:48:12.661 27650 27650 I View    : setRequestedFrameRate frameRate=NaN, this=android.view.View{556bdcf V.ED..... ........ 0,0-0,0}, caller=androidx.compose.ui.platform.Api35Impl.setRequestedFrameRate:3822 androidx.compose.ui.platform.AndroidComposeView.dispatchDraw:2115 android.view.View.draw:26750 android.view.View.updateDisplayListIfDirty:25577 android.view.ViewGroup.recreateChildDisplayList:4881 
05-15 07:48:12.694 27650 27650 I View    : setRequestedFrameRate frameRate=NaN, this=androidx.compose.ui.platform.AndroidComposeView{4b8ddd9 VFED..... ........ 0,0-1080,2340 aid=1073741824}, caller=android.view.ViewGroup.setRequestedFrameRate:10045 androidx.compose.ui.platform.Api35Impl.setRequestedFrameRate:3822 androidx.compose.ui.platform.AndroidComposeView.dispatchDraw:2114 android.view.View.draw:26750 android.view.View.updateDisplayListIfDirty:25577 
05-15 07:48:12.694 27650 27650 I View    : setRequestedFrameRate frameRate=NaN, this=android.view.View{556bdcf V.ED..... ........ 0,0-0,0}, caller=androidx.compose.ui.platform.Api35Impl.setRequestedFrameRate:3822 androidx.compose.ui.platform.AndroidComposeView.dispatchDraw:2115 android.view.View.draw:26750 android.view.View.updateDisplayListIfDirty:25577 android.view.ViewGroup.recreateChildDisplayList:4881 
05-15 07:48:12.727 27650 27650 I View    : setRequestedFrameRate frameRate=NaN, this=androidx.compose.ui.platform.AndroidComposeView{4b8ddd9 VFED..... ........ 0,0-1080,2340 aid=1073741824}, caller=android.view.ViewGroup.setRequestedFrameRate:10045 androidx.compose.ui.platform.Api35Impl.setRequestedFrameRate:3822 androidx.compose.ui.platform.AndroidComposeView.dispatchDraw:2114 android.view.View.draw:26750 android.view.View.updateDisplayListIfDirty:25577 
05-15 07:48:12.727 27650 27650 I View    : setRequestedFrameRate frameRate=NaN, this=android.view.View{556bdcf V.ED..... ........ 0,0-0,0}, caller=androidx.compose.ui.platform.Api35Impl.setRequestedFrameRate:3822 androidx.compose.ui.platform.AndroidComposeView.dispatchDraw:2115 android.view.View.draw:26750 android.view.View.updateDisplayListIfDirty:25577 android.view.ViewGroup.recreateChildDisplayList:4881 
05-15 07:48:12.757 27650 27650 I VRI[MainActivity]@26ed4f2: ViewPostIme pointer 0
05-15 07:48:12.762 27650 27650 I VRI[MainActivity]@26ed4f2: call setFrameRateCategory category=high hint, reason=touch, vri=VRI[MainActivity]@26ed4f2
05-15 07:48:12.764 27650 27650 I View    : setRequestedFrameRate frameRate=NaN, this=androidx.compose.ui.platform.AndroidComposeView{4b8ddd9 VFED..... ........ 0,0-1080,2340 aid=1073741824}, caller=android.view.ViewGroup.setRequestedFrameRate:10045 androidx.compose.ui.platform.Api35Impl.setRequestedFrameRate:3822 androidx.compose.ui.platform.AndroidComposeView.dispatchDraw:2114 android.view.View.draw:26750 android.view.View.updateDisplayListIfDirty:25577 
05-15 07:48:12.764 27650 27650 I View    : setRequestedFrameRate frameRate=NaN, this=android.view.View{556bdcf V.ED..... ........ 0,0-0,0}, caller=androidx.compose.ui.platform.Api35Impl.setRequestedFrameRate:3822 androidx.compose.ui.platform.AndroidComposeView.dispatchDraw:2115 android.view.View.draw:26750 android.view.View.updateDisplayListIfDirty:25577 android.view.ViewGroup.recreateChildDisplayList:4881 
05-15 07:48:12.794 27650 27650 I View    : setRequestedFrameRate frameRate=NaN, this=androidx.compose.ui.platform.AndroidComposeView{4b8ddd9 VFED..... ........ 0,0-1080,2340 aid=1073741824}, caller=android.view.ViewGroup.setRequestedFrameRate:10045 androidx.compose.ui.platform.Api35Impl.setRequestedFrameRate:3822 androidx.compose.ui.platform.AndroidComposeView.dispatchDraw:2114 android.view.View.draw:26750 android.view.View.updateDisplayListIfDirty:25577 
05-15 07:48:12.794 27650 27650 I View    : setRequestedFrameRate frameRate=NaN, this=android.view.View{556bdcf V.ED..... ........ 0,0-0,0}, caller=androidx.compose.ui.platform.Api35Impl.setRequestedFrameRate:3822 androidx.compose.ui.platform.AndroidComposeView.dispatchDraw:2115 android.view.View.draw:26750 android.view.View.updateDisplayListIfDirty:25577 android.view.ViewGroup.recreateChildDisplayList:4881 
05-15 07:48:12.796 27650 27669 I AdrenoVK-0: Shader compilation failed for shaderType: 0
05-15 07:48:12.796 27650 27669 I AdrenoVK-0: Pipeline create failed
05-15 07:48:12.828 27650 27650 I View    : setRequestedFrameRate frameRate=NaN, this=androidx.compose.ui.platform.AndroidComposeView{4b8ddd9 VFED..... ........ 0,0-1080,2340 aid=1073741824}, caller=android.view.ViewGroup.setRequestedFrameRate:10045 androidx.compose.ui.platform.Api35Impl.setRequestedFrameRate:3822 androidx.compose.ui.platform.AndroidComposeView.dispatchDraw:2114 android.view.View.draw:26750 android.view.View.updateDisplayListIfDirty:25577 
05-15 07:48:12.828 27650 27650 I View    : setRequestedFrameRate frameRate=NaN, this=android.view.View{556bdcf V.ED..... ........ 0,0-0,0}, caller=androidx.compose.ui.platform.Api35Impl.setRequestedFrameRate:3822 androidx.compose.ui.platform.AndroidComposeView.dispatchDraw:2115 android.view.View.draw:26750 android.view.View.updateDisplayListIfDirty:25577 android.view.ViewGroup.recreateChildDisplayList:4881 
05-15 07:48:12.862 27650 27650 I View    : setRequestedFrameRate frameRate=NaN, this=androidx.compose.ui.platform.AndroidComposeView{4b8ddd9 VFED..... ........ 0,0-1080,2340 aid=1073741824}, caller=android.view.ViewGroup.setRequestedFrameRate:10045 androidx.compose.ui.platform.Api35Impl.setRequestedFrameRate:3822 androidx.compose.ui.platform.AndroidComposeView.dispatchDraw:2114 android.view.View.draw:26750 android.view.View.updateDisplayListIfDirty:25577 
05-15 07:48:12.862 27650 27650 I View    : setRequestedFrameRate frameRate=NaN, this=android.view.View{556bdcf V.ED..... ........ 0,0-0,0}, caller=androidx.compose.ui.platform.Api35Impl.setRequestedFrameRate:3822 androidx.compose.ui.platform.AndroidComposeView.dispatchDraw:2115 android.view.View.draw:26750 android.view.View.updateDisplayListIfDirty:25577 android.view.ViewGroup.recreateChildDisplayList:4881 
